Component: ARM Compiler 5.06 update 1 (build 61) Tool: armlink [4d35a8]

==============================================================================

Section Cross References

    main.o(i.advertising_start) refers to memseta.o(.text) for __aeabi_memclr4
    main.o(i.advertising_start) refers to app_error.o(i.app_error_handler_bare) for app_error_handler_bare
    main.o(i.assert_nrf_callback) refers to app_error.o(i.app_error_handler) for app_error_handler
    main.o(i.ble_evt_dispatch) refers to main.o(i.on_ble_evt) for on_ble_evt
    main.o(i.ble_evt_dispatch) refers to ble_conn_params.o(i.ble_conn_params_on_ble_evt) for ble_conn_params_on_ble_evt
    main.o(i.ble_evt_dispatch) refers to ble_lbs.o(i.ble_lbs_on_ble_evt) for ble_lbs_on_ble_evt
    main.o(i.ble_evt_dispatch) refers to main.o(.bss) for .bss
    main.o(i.ble_stack_init) refers to softdevice_handler.o(i.softdevice_handler_init) for softdevice_handler_init
    main.o(i.ble_stack_init) refers to app_error.o(i.app_error_handler_bare) for app_error_handler_bare
    main.o(i.ble_stack_init) refers to softdevice_handler.o(i.softdevice_enable_get_default_config) for softdevice_enable_get_default_config
    main.o(i.ble_stack_init) refers to softdevice_handler.o(i.sd_check_ram_start) for sd_check_ram_start
    main.o(i.ble_stack_init) refers to softdevice_handler.o(i.softdevice_enable) for softdevice_enable
    main.o(i.ble_stack_init) refers to softdevice_handler.o(i.softdevice_ble_evt_handler_set) for softdevice_ble_evt_handler_set
    main.o(i.ble_stack_init) refers to main.o(.constdata) for .constdata
    main.o(i.ble_stack_init) refers to main.o(.bss) for .bss
    main.o(i.ble_stack_init) refers to main.o(i.ble_evt_dispatch) for ble_evt_dispatch
    main.o(i.button_event_handler) refers to ble_lbs.o(i.ble_lbs_on_button_change) for ble_lbs_on_button_change
    main.o(i.button_event_handler) refers to app_error.o(i.app_error_handler_bare) for app_error_handler_bare
    main.o(i.button_event_handler) refers to main.o(.bss) for .bss
    main.o(i.conn_params_error_handler) refers to app_error.o(i.app_error_handler_bare) for app_error_handler_bare
    main.o(i.led_write_handler) refers to printfa.o(i.__0printf) for __2printf
    main.o(i.led_write_handler) refers to main.o(i.nrf_gpio_pin_toggle) for nrf_gpio_pin_toggle
    main.o(i.led_write_handler) refers to main.o(i.playPwm) for playPwm
    main.o(i.led_write_handler) refers to main.o(i.playPling) for playPling
    main.o(i.led_write_handler) refers to main.o(.data) for .data
    main.o(i.main) refers to app_uart_fifo.o(i.app_uart_init) for app_uart_init
    main.o(i.main) refers to app_error.o(i.app_error_handler_bare) for app_error_handler_bare
    main.o(i.main) refers to main.o(i.nrf_gpio_cfg_output) for nrf_gpio_cfg_output
    main.o(i.main) refers to main.o(i.pwmConfig) for pwmConfig
    main.o(i.main) refers to app_timer.o(i.app_timer_init) for app_timer_init
    main.o(i.main) refers to app_button.o(i.app_button_init) for app_button_init
    main.o(i.main) refers to main.o(i.ble_stack_init) for ble_stack_init
    main.o(i.main) refers to ble_lbs.o(i.ble_lbs_init) for ble_lbs_init
    main.o(i.main) refers to memseta.o(.text) for __aeabi_memclr4
    main.o(i.main) refers to ble_advdata.o(i.ble_advdata_set) for ble_advdata_set
    main.o(i.main) refers to ble_conn_params.o(i.ble_conn_params_init) for ble_conn_params_init
    main.o(i.main) refers to main.o(i.advertising_start) for advertising_start
    main.o(i.main) refers to main.o(.constdata) for .constdata
    main.o(i.main) refers to main.o(.data) for .data
    main.o(i.main) refers to main.o(.bss) for .bss
    main.o(i.main) refers to main.o(i.uart_event_handler) for uart_event_handler
    main.o(i.main) refers to main.o(i.led_write_handler) for led_write_handler
    main.o(i.main) refers to main.o(i.on_conn_params_evt) for on_conn_params_evt
    main.o(i.main) refers to main.o(i.conn_params_error_handler) for conn_params_error_handler
    main.o(i.on_ble_evt) refers to app_button.o(i.app_button_enable) for app_button_enable
    main.o(i.on_ble_evt) refers to app_button.o(i.app_button_disable) for app_button_disable
    main.o(i.on_ble_evt) refers to app_error.o(i.app_error_handler_bare) for app_error_handler_bare
    main.o(i.on_ble_evt) refers to main.o(i.advertising_start) for advertising_start
    main.o(i.on_ble_evt) refers to main.o(.data) for .data
    main.o(i.on_conn_params_evt) refers to app_error.o(i.app_error_handler_bare) for app_error_handler_bare
    main.o(i.on_conn_params_evt) refers to main.o(.data) for .data
    main.o(i.playPling) refers to main.o(.data) for .data
    main.o(i.playPwm) refers to main.o(.data) for .data
    main.o(i.pwmConfig) refers to main.o(i.nrf_gpio_cfg_output) for nrf_gpio_cfg_output
    main.o(i.pwmConfig) refers to main.o(.data) for .data
    main.o(.data) refers to main.o(i.button_event_handler) for button_event_handler
[...]
    Removing nrf_drv_gpiote.o(i.nrf_drv_gpiote_in_uninit), (72 bytes).
    Removing nrf_drv_gpiote.o(i.nrf_drv_gpiote_out_clear), (16 bytes).
    Removing nrf_drv_gpiote.o(i.nrf_drv_gpiote_out_init), (184 bytes).
    Removing nrf_drv_gpiote.o(i.nrf_drv_gpiote_out_set), (16 bytes).
    Removing nrf_drv_gpiote.o(i.nrf_drv_gpiote_out_task_addr_get), (20 bytes).
    Removing nrf_drv_gpiote.o(i.nrf_drv_gpiote_out_task_disable), (36 bytes).
    Removing nrf_drv_gpiote.o(i.nrf_drv_gpiote_out_task_enable), (52 bytes).
    Removing nrf_drv_gpiote.o(i.nrf_drv_gpiote_out_task_force), (40 bytes).
    Removing nrf_drv_gpiote.o(i.nrf_drv_gpiote_out_task_trigger), (24 bytes).
    Removing nrf_drv_gpiote.o(i.nrf_drv_gpiote_out_toggle), (32 bytes).
    Removing nrf_drv_gpiote.o(i.nrf_drv_gpiote_out_uninit), (68 bytes).
    Removing nrf_drv_gpiote.o(i.nrf_drv_gpiote_uninit), (56 bytes).
    Removing nrf_drv_gpiote.o(i.nrf_gpio_cfg_default), (18 bytes).
    Removing nrf_drv_uart.o(.rev16_text), (4 bytes).
    Removing nrf_drv_uart.o(.revsh_text), (4 bytes).
    Removing nrf_drv_uart.o(.rrx_text), (6 bytes).
    Removing nrf_drv_uart.o(i.nrf_drv_uart_errorsrc_get), (32 bytes).
    Removing nrf_drv_uart.o(i.nrf_drv_uart_rx_abort), (32 bytes).
    Removing nrf_drv_uart.o(i.nrf_drv_uart_rx_disable), (28 bytes).
    Removing nrf_drv_uart.o(i.nrf_drv_uart_tx_abort), (80 bytes).
    Removing nrf_drv_uart.o(i.nrf_drv_uart_uninit), (64 bytes).
    Removing nrf_drv_uart.o(i.nrf_gpio_cfg_default), (18 bytes).
    Removing nrf_drv_uart.o(i.pins_to_default), (84 bytes).
    Removing app_button.o(.rev16_text), (4 bytes).
    Removing app_button.o(.revsh_text), (4 bytes).
    Removing app_button.o(.rrx_text), (6 bytes).
    Removing app_button.o(i.app_button_is_pushed), (44 bytes).
    Removing app_error.o(.rev16_text), (4 bytes).
    Removing app_error.o(.revsh_text), (4 bytes).
    Removing app_error.o(.rrx_text), (6 bytes).
    Removing app_error.o(i.app_error_handler), (24 bytes).
    Removing app_error.o(i.app_error_save_and_stop), (100 bytes).
    Removing app_error.o(.bss), (32 bytes).
    Removing app_error_weak.o(.rev16_text), (4 bytes).
    Removing app_error_weak.o(.revsh_text), (4 bytes).
    Removing app_error_weak.o(.rrx_text), (6 bytes).
    Removing app_fifo.o(.rev16_text), (4 bytes).
    Removing app_fifo.o(.revsh_text), (4 bytes).
    Removing app_fifo.o(.rrx_text), (6 bytes).
    Removing app_fifo.o(i.app_fifo_flush), (8 bytes).
    Removing app_fifo.o(i.app_fifo_peek), (34 bytes).
    Removing app_fifo.o(i.app_fifo_read), (74 bytes).
    Removing app_fifo.o(i.app_fifo_write), (82 bytes).
    Removing app_timer.o(.rev16_text), (4 bytes).
    Removing app_timer.o(.revsh_text), (4 bytes).
    Removing app_timer.o(.rrx_text), (6 bytes).
    Removing app_timer.o(i.app_timer_cnt_diff_compute), (12 bytes).
    Removing app_timer.o(i.app_timer_cnt_get), (16 bytes).
    Removing app_timer.o(i.app_timer_stop_all), (72 bytes).
    Removing app_util_platform.o(.rev16_text), (4 bytes).
    Removing app_util_platform.o(.revsh_text), (4 bytes).
    Removing app_util_platform.o(.rrx_text), (6 bytes).
    Removing app_util_platform.o(i.app_util_critical_region_enter), (72 bytes).
    Removing app_util_platform.o(i.app_util_critical_region_exit), (52 bytes).
    Removing app_util_platform.o(i.app_util_disable_irq), (16 bytes).
    Removing app_util_platform.o(i.app_util_enable_irq), (20 bytes).
    Removing app_util_platform.o(.data), (4 bytes).
    Removing nrf_assert.o(.rev16_text), (4 bytes).
    Removing nrf_assert.o(.revsh_text), (4 bytes).
    Removing nrf_assert.o(.rrx_text), (6 bytes).
    Removing nrf_log.o(.rev16_text), (4 bytes).
    Removing nrf_log.o(.revsh_text), (4 bytes).
    Removing nrf_log.o(.rrx_text), (6 bytes).
    Removing nrf_log.o(i.log_hex), (60 bytes).
    Removing nrf_log.o(i.log_hex_char), (52 bytes).
    Removing nrf_log.o(i.log_uart_init), (76 bytes).
    Removing nrf_log.o(i.log_uart_printf), (18 bytes).
    Removing nrf_log.o(i.log_uart_read_input), (36 bytes).
    Removing nrf_log.o(i.log_uart_write_hex), (48 bytes).
    Removing nrf_log.o(i.log_uart_write_hex_char), (40 bytes).
    Removing nrf_log.o(i.uart_error_cb), (18 bytes).
    Removing nrf_log.o(.bss), (523 bytes).
    Removing nrf_log.o(.constdata), (12 bytes).
    Removing nrf_log.o(.data), (7 bytes).
    Removing retarget.o(.rev16_text), (4 bytes).
    Removing retarget.o(.revsh_text), (4 bytes).
    Removing retarget.o(.rrx_text), (6 bytes).
    Removing retarget.o(i.fgetc), (18 bytes).
    Removing retarget.o(.data), (4 bytes).
    Removing segger_rtt.o(i.SEGGER_RTT_ConfigDownBuffer), (80 bytes).
    Removing segger_rtt.o(i.SEGGER_RTT_ConfigUpBuffer), (80 bytes).
    Removing segger_rtt.o(i.SEGGER_RTT_GetKey), (28 bytes).
    Removing segger_rtt.o(i.SEGGER_RTT_HasData), (24 bytes).
    Removing segger_rtt.o(i.SEGGER_RTT_HasKey), (32 bytes).
    Removing segger_rtt.o(i.SEGGER_RTT_Init), (20 bytes).
    Removing segger_rtt.o(i.SEGGER_RTT_Read), (4 bytes).
    Removing segger_rtt.o(i.SEGGER_RTT_ReadNoLock), (124 bytes).
    Removing segger_rtt.o(i.SEGGER_RTT_SetNameDownBuffer), (48 bytes).
    Removing segger_rtt.o(i.SEGGER_RTT_SetNameUpBuffer), (48 bytes).
    Removing segger_rtt.o(i.SEGGER_RTT_SetTerminal), (116 bytes).
    Removing segger_rtt.o(i.SEGGER_RTT_TerminalOut), (152 bytes).
    Removing segger_rtt.o(i.SEGGER_RTT_WaitKey), (14 bytes).
    Removing segger_rtt.o(i.SEGGER_RTT_Write), (36 bytes).
    Removing segger_rtt.o(i.SEGGER_RTT_WriteNoLock), (92 bytes).
    Removing segger_rtt.o(i.SEGGER_RTT_WriteSkipNoLock), (116 bytes).
    Removing segger_rtt.o(i.SEGGER_RTT_WriteString), (26 bytes).
    Removing segger_rtt.o(i._DoInit), (104 bytes).
    Removing segger_rtt.o(i._GetAvailWriteSpace), (22 bytes).
    Removing segger_rtt.o(i._PostTerminalSwitch), (32 bytes).
    Removing segger_rtt.o(i._WriteBlocking), (90 bytes).
    Removing segger_rtt.o(i._WriteNoCheck), (62 bytes).
    Removing segger_rtt.o(.bss), (1160 bytes).
    Removing segger_rtt.o(.data), (17 bytes).
    Removing softdevice_handler.o(.rev16_text), (4 bytes).
    Removing softdevice_handler.o(.revsh_text), (4 bytes).
    Removing softdevice_handler.o(.rrx_text), (6 bytes).
    Removing softdevice_handler.o(i.softdevice_handler_isEnabled), (12 bytes).
    Removing softdevice_handler.o(i.softdevice_handler_sd_disable), (20 bytes).
    Removing softdevice_handler.o(i.softdevice_sys_evt_handler_set), (20 bytes).
    Removing arm_startup_nrf52.o(HEAP), (8192 bytes).
    Removing system_nrf52.o(.rev16_text), (4 bytes).
    Removing system_nrf52.o(.revsh_text), (4 bytes).
    Removing system_nrf52.o(.rrx_text), (6 bytes).
    Removing system_nrf52.o(i.SystemCoreClockUpdate), (16 bytes).
    Removing nrf_log.o(i.log_uart_write_string), (20 bytes).
    Removing nrf_log.o(i.log_uart_write_string_many), (30 bytes).
    Removing nrf_log.o(i.log_uart_has_input), (36 bytes).

186 unused section(s) (total 28139 bytes) removed from the image.

==============================================================================

Image Symbol Table

    Local Symbols

    Symbol Name                              Value     Ov Type        Size  Object(Section)

    ../clib/../cmprslib/lz77c.c              0x00000000   Number         0  __dclz77c.o ABSOLUTE
    ../clib/microlib/division.c              0x00000000   Number         0  uidiv.o ABSOLUTE
    ../clib/microlib/division.c              0x00000000   Number         0  uldiv.o ABSOLUTE
    ../clib/microlib/init/entry.s            0x00000000   Number         0  entry8a.o ABSOLUTE
    ../clib/microlib/init/entry.s            0x00000000   Number         0  entry2.o ABSOLUTE
    ../clib/microlib/init/entry.s            0x00000000   Number         0  entry7b.o ABSOLUTE
    ../clib/microlib/init/entry.s            0x00000000   Number         0  entry11b.o ABSOLUTE
    ../clib/microlib/init/entry.s            0x00000000   Number         0  entry7a.o ABSOLUTE
    ../clib/microlib/init/entry.s            0x00000000   Number         0  entry11a.o ABSOLUTE
    ../clib/microlib/init/entry.s            0x00000000   Number         0  entry10b.o ABSOLUTE
    ../clib/microlib/init/entry.s            0x00000000   Number         0  entry.o ABSOLUTE
    ../clib/microlib/init/entry.s            0x00000000   Number         0  entry10a.o ABSOLUTE
    ../clib/microlib/init/entry.s            0x00000000   Number         0  entry9b.o ABSOLUTE
    ../clib/microlib/init/entry.s            0x00000000   Number         0  entry5.o ABSOLUTE
    ../clib/microlib/init/entry.s            0x00000000   Number         0  entry9a.o ABSOLUTE
    ../clib/microlib/init/entry.s            0x00000000   Number         0  entry8b.o ABSOLUTE
    ../clib/microlib/longlong.c              0x00000000   Number         0  llushr.o ABSOLUTE
    ../clib/microlib/longlong.c              0x00000000   Number         0  llsshr.o ABSOLUTE
    ../clib/microlib/longlong.c              0x00000000   Number         0  llshl.o ABSOLUTE
    ../clib/microlib/printf/printf.c         0x00000000   Number         0  printf0.o ABSOLUTE
    ../clib/microlib/printf/printf.c         0x00000000   Number         0  printf6.o ABSOLUTE
    ../clib/microlib/printf/printf.c         0x00000000   Number         0  printfb.o ABSOLUTE
    ../clib/microlib/printf/printf.c         0x00000000   Number         0  printf8.o ABSOLUTE
    ../clib/microlib/printf/printf.c         0x00000000   Number         0  printf7.o ABSOLUTE
    ../clib/microlib/printf/printf.c         0x00000000   Number         0  printfa.o ABSOLUTE
    ../clib/microlib/printf/printf.c         0x00000000   Number         0  printf5.o ABSOLUTE
    ../clib/microlib/printf/printf.c         0x00000000   Number         0  printf4.o ABSOLUTE
    ../clib/microlib/printf/printf.c         0x00000000   Number         0  printf3.o ABSOLUTE
    ../clib/microlib/printf/printf.c         0x00000000   Number         0  printf2.o ABSOLUTE
    ../clib/microlib/printf/printf.c         0x00000000   Number         0  printf1.o ABSOLUTE
    ../clib/microlib/printf/stubs.s          0x00000000   Number         0  stubs.o ABSOLUTE
    ../clib/microlib/string/memcpy.c         0x00000000   Number         0  memcpyb.o ABSOLUTE
    ../clib/microlib/string/memcpy.c         0x00000000   Number         0  memcpya.o ABSOLUTE
    ../clib/microlib/string/memset.c         0x00000000   Number         0  memseta.o ABSOLUTE
    ../clib/microlib/string/strcpy.c         0x00000000   Number         0  strcpy.o ABSOLUTE
    ../clib/microlib/string/strlen.c         0x00000000   Number         0  strlen.o ABSOLUTE
    ../clib/microlib/stubs.s                 0x00000000   Number         0  iusefp.o ABSOLUTE
    ../fplib/microlib/fpadd.c                0x00000000   Number         0  dadd.o ABSOLUTE
    ../fplib/microlib/fpdiv.c                0x00000000   Number         0  ddiv.o ABSOLUTE
    ../fplib/microlib/fpepilogue.c           0x00000000   Number         0  depilogue.o ABSOLUTE
    ../fplib/microlib/fpfix.c                0x00000000   Number         0  dfixul.o ABSOLUTE
    ../fplib/microlib/fpmul.c                0x00000000   Number         0  dmul.o ABSOLUTE
    ..\..\..\..\..\..\components\ble\ble_services\ble_lbs\ble_lbs.c 0x00000000   Number         0  ble_lbs.o ABSOLUTE
    ..\..\..\..\..\..\components\ble\common\ble_advdata.c 0x00000000   Number         0  ble_advdata.o ABSOLUTE
    ..\..\..\..\..\..\components\ble\common\ble_conn_params.c 0x00000000   Number         0  ble_conn_params.o ABSOLUTE
    ..\..\..\..\..\..\components\ble\common\ble_srv_common.c 0x00000000   Number         0  ble_srv_common.o ABSOLUTE
    ..\..\..\..\..\..\components\drivers_nrf\common\nrf_drv_common.c 0x00000000   Number         0  nrf_drv_common.o ABSOLUTE
    ..\..\..\..\..\..\components\drivers_nrf\delay\nrf_delay.c 0x00000000   Number         0  nrf_delay.o ABSOLUTE
    ..\..\..\..\..\..\components\drivers_nrf\gpiote\nrf_drv_gpiote.c 0x00000000   Number         0  nrf_drv_gpiote.o ABSOLUTE
    ..\..\..\..\..\..\components\drivers_nrf\uart\nrf_drv_uart.c 0x00000000   Number         0  nrf_drv_uart.o ABSOLUTE
    ..\..\..\..\..\..\components\libraries\button\app_button.c 0x00000000   Number         0  app_button.o ABSOLUTE
    ..\..\..\..\..\..\components\libraries\fifo\app_fifo.c 0x00000000   Number         0  app_fifo.o ABSOLUTE
    ..\..\..\..\..\..\components\libraries\timer\app_timer.c 0x00000000   Number         0  app_timer.o ABSOLUTE
    ..\..\..\..\..\..\components\libraries\uart\app_uart_fifo.c 0x00000000   Number         0  app_uart_fifo.o ABSOLUTE
    ..\..\..\..\..\..\components\libraries\uart\retarget.c 0x00000000   Number         0  retarget.o ABSOLUTE
    ..\..\..\..\..\..\components\libraries\util\app_error.c 0x00000000   Number         0  app_error.o ABSOLUTE
    ..\..\..\..\..\..\components\libraries\util\app_error_weak.c 0x00000000   Number         0  app_error_weak.o ABSOLUTE
    ..\..\..\..\..\..\components\libraries\util\app_util_platform.c 0x00000000   Number         0  app_util_platform.o ABSOLUTE
    ..\..\..\..\..\..\components\libraries\util\nrf_assert.c 0x00000000   Number         0  nrf_assert.o ABSOLUTE
    ..\..\..\..\..\..\components\libraries\util\nrf_log.c 0x00000000   Number         0  nrf_log.o ABSOLUTE
    ..\..\..\..\..\..\components\softdevice\common\softdevice_handler\softdevice_handler.c 0x00000000   Number         0  softdevice_handler.o ABSOLUTE
    ..\..\..\..\..\..\external\segger_rtt\RTT_Syscalls_KEIL.c 0x00000000   Number         0  rtt_syscalls_keil.o ABSOLUTE
    ..\..\..\..\..\..\external\segger_rtt\SEGGER_RTT.c 0x00000000   Number         0  segger_rtt.o ABSOLUTE
    ..\..\..\..\..\..\external\segger_rtt\SEGGER_RTT_printf.c 0x00000000   Number         0  segger_rtt_printf.o ABSOLUTE
    ..\..\..\..\..\bsp\bsp.c                 0x00000000   Number         0  bsp.o ABSOLUTE
    ..\..\..\main.c                          0x00000000   Number         0  main.o ABSOLUTE
    ..\\..\\..\\..\\..\\..\\components\\ble\\ble_services\\ble_lbs\\ble_lbs.c 0x00000000   Number         0  ble_lbs.o ABSOLUTE
    ..\\..\\..\\..\\..\\..\\components\\ble\\common\\ble_advdata.c 0x00000000   Number         0  ble_advdata.o ABSOLUTE
    ..\\..\\..\\..\\..\\..\\components\\ble\\common\\ble_conn_params.c 0x00000000   Number         0  ble_conn_params.o ABSOLUTE
    ..\\..\\..\\..\\..\\..\\components\\ble\\common\\ble_srv_common.c 0x00000000   Number         0  ble_srv_common.o ABSOLUTE
    ..\\..\\..\\..\\..\\..\\components\\drivers_nrf\\common\\nrf_drv_common.c 0x00000000   Number         0  nrf_drv_common.o ABSOLUTE
    ..\\..\\..\\..\\..\\..\\components\\drivers_nrf\\delay\\nrf_delay.c 0x00000000   Number         0  nrf_delay.o ABSOLUTE
    ..\\..\\..\\..\\..\\..\\components\\drivers_nrf\\gpiote\\nrf_drv_gpiote.c 0x00000000   Number         0  nrf_drv_gpiote.o ABSOLUTE
    ..\\..\\..\\..\\..\\..\\components\\drivers_nrf\\uart\\nrf_drv_uart.c 0x00000000   Number         0  nrf_drv_uart.o ABSOLUTE
    ..\\..\\..\\..\\..\\..\\components\\libraries\\button\\app_button.c 0x00000000   Number         0  app_button.o ABSOLUTE
    ..\\..\\..\\..\\..\\..\\components\\libraries\\fifo\\app_fifo.c 0x00000000   Number         0  app_fifo.o ABSOLUTE
    ..\\..\\..\\..\\..\\..\\components\\libraries\\timer\\app_timer.c 0x00000000   Number         0  app_timer.o ABSOLUTE
    ..\\..\\..\\..\\..\\..\\components\\libraries\\uart\\app_uart_fifo.c 0x00000000   Number         0  app_uart_fifo.o ABSOLUTE
    ..\\..\\..\\..\\..\\..\\components\\libraries\\uart\\retarget.c 0x00000000   Number         0  retarget.o ABSOLUTE
    ..\\..\\..\\..\\..\\..\\components\\libraries\\util\\app_error.c 0x00000000   Number         0  app_error.o ABSOLUTE
    ..\\..\\..\\..\\..\\..\\components\\libraries\\util\\app_error_weak.c 0x00000000   Number         0  app_error_weak.o ABSOLUTE
    ..\\..\\..\\..\\..\\..\\components\\libraries\\util\\app_util_platform.c 0x00000000   Number         0  app_util_platform.o ABSOLUTE
    ..\\..\\..\\..\\..\\..\\components\\libraries\\util\\nrf_assert.c 0x00000000   Number         0  nrf_assert.o ABSOLUTE
    ..\\..\\..\\..\\..\\..\\components\\libraries\\util\\nrf_log.c 0x00000000   Number         0  nrf_log.o ABSOLUTE
    ..\\..\\..\\..\\..\\..\\components\\softdevice\\common\\softdevice_handler\\softdevice_handler.c 0x00000000   Number         0  softdevice_handler.o ABSOLUTE
    ..\\..\\..\\..\\..\\bsp\\bsp.c           0x00000000   Number         0  bsp.o ABSOLUTE
    ..\\..\\..\\main.c                       0x00000000   Number         0  main.o ABSOLUTE
    RTE\Device\nRF52832_xxAA\arm_startup_nrf52.s 0x00000000   Number         0  arm_startup_nrf52.o ABSOLUTE
    RTE\Device\nRF52832_xxAA\system_nrf52.c  0x00000000   Number         0  system_nrf52.o ABSOLUTE
    RTE\\Device\\nRF52832_xxAA\\system_nrf52.c 0x00000000   Number         0  system_nrf52.o ABSOLUTE
    cdrcmple.s                               0x00000000   Number         0  cdrcmple.o ABSOLUTE
    dc.s                                     0x00000000   Number         0  dc.o ABSOLUTE
    handlers.s                               0x00000000   Number         0  handlers.o ABSOLUTE
    init.s                                   0x00000000   Number         0  init.o ABSOLUTE
    RESET                                    0x0001c000   Section     1024  arm_startup_nrf52.o(RESET)
    .ARM.Collect$$$$00000000                 0x0001c400   Section        0  entry.o(.ARM.Collect$$$$00000000)
    .ARM.Collect$$$$00000001                 0x0001c400   Section        4  entry2.o(.ARM.Collect$$$$00000001)
    .ARM.Collect$$$$00000004                 0x0001c404   Section        4  entry5.o(.ARM.Collect$$$$00000004)
    .ARM.Collect$$$$00000008                 0x0001c408   Section        0  entry7b.o(.ARM.Collect$$$$00000008)
    .ARM.Collect$$$$0000000A                 0x0001c408   Section        0  entry8b.o(.ARM.Collect$$$$0000000A)
    .ARM.Collect$$$$0000000B                 0x0001c408   Section        8  entry9a.o(.ARM.Collect$$$$0000000B)
    .ARM.Collect$$$$0000000D                 0x0001c410   Section        0  entry10a.o(.ARM.Collect$$$$0000000D)
    .ARM.Collect$$$$0000000F                 0x0001c410   Section        0  entry11a.o(.ARM.Collect$$$$0000000F)
    .ARM.Collect$$$$00002712                 0x0001c410   Section        4  entry2.o(.ARM.Collect$$$$00002712)
    __lit__00000000                          0x0001c410   Data           4  entry2.o(.ARM.Collect$$$$00002712)
    .emb_text                                0x0001c414   Section      118  app_timer.o(.emb_text)
    $v0                                      0x0001c414   Number         0  app_timer.o(.emb_text)
    .text                                    0x0001c48c   Section       36  arm_startup_nrf52.o(.text)
    $v0                                      0x0001c48c   Number         0  arm_startup_nrf52.o(.text)
    .text                                    0x0001c4b0   Section        0  memcpya.o(.text)
    .text                                    0x0001c4d4   Section        0  memseta.o(.text)
    .text                                    0x0001c4f8   Section        0  uidiv.o(.text)
    .text                                    0x0001c524   Section        0  uldiv.o(.text)
    .text                                    0x0001c586   Section        0  dadd.o(.text)
    .text                                    0x0001c586   Section        0  iusefp.o(.text)
    .text                                    0x0001c6d4   Section        0  dmul.o(.text)
    .text                                    0x0001c7b8   Section        0  ddiv.o(.text)
    .text                                    0x0001c896   Section        0  dfixul.o(.text)
    .text                                    0x0001c8c8   Section       48  cdrcmple.o(.text)
    .text                                    0x0001c8f8   Section       36  init.o(.text)
    .text                                    0x0001c91c   Section        0  llshl.o(.text)
    .text                                    0x0001c93a   Section        0  llushr.o(.text)
    .text                                    0x0001c95a   Section        0  llsshr.o(.text)
    .text                                    0x0001c97e   Section        0  depilogue.o(.text)
    .text                                    0x0001ca38   Section        0  __dclz77c.o(.text)
    i.GPIOTE_IRQHandler                      0x0001ca98   Section        0  nrf_drv_gpiote.o(i.GPIOTE_IRQHandler)
    i.NVIC_ClearPendingIRQ                   0x0001cbe0   Section        0  app_timer.o(i.NVIC_ClearPendingIRQ)
    NVIC_ClearPendingIRQ                     0x0001cbe1   Thumb Code    22  app_timer.o(i.NVIC_ClearPendingIRQ)
    i.NVIC_EnableIRQ                         0x0001cbf6   Section        0  app_timer.o(i.NVIC_EnableIRQ)
    NVIC_EnableIRQ                           0x0001cbf7   Thumb Code    22  app_timer.o(i.NVIC_EnableIRQ)
    i.NVIC_SetPendingIRQ                     0x0001cc0c   Section        0  app_timer.o(i.NVIC_SetPendingIRQ)
    NVIC_SetPendingIRQ                       0x0001cc0d   Thumb Code    22  app_timer.o(i.NVIC_SetPendingIRQ)
    i.NVIC_SetPriority                       0x0001cc22   Section        0  app_timer.o(i.NVIC_SetPriority)
    NVIC_SetPriority                         0x0001cc23   Thumb Code    32  app_timer.o(i.NVIC_SetPriority)
    i.RTC1_IRQHandler                        0x0001cc44   Section        0  app_timer.o(i.RTC1_IRQHandler)
    i.SWI0_EGU0_IRQHandler                   0x0001cc68   Section        0  app_timer.o(i.SWI0_EGU0_IRQHandler)
    i.SWI2_EGU2_IRQHandler                   0x0001cc6c   Section        0  softdevice_handler.o(i.SWI2_EGU2_IRQHandler)
    i.SystemInit                             0x0001cc90   Section        0  system_nrf52.o(i.SystemInit)
    i.UARTE0_UART0_IRQHandler                0x0001cefc   Section        0  nrf_drv_uart.o(i.UARTE0_UART0_IRQHandler)
    i.__0printf                              0x0001cf10   Section        0  printfa.o(i.__0printf)
    i.__scatterload_copy                     0x0001cf30   Section       14  handlers.o(i.__scatterload_copy)
    i.__scatterload_null                     0x0001cf3e   Section        2  handlers.o(i.__scatterload_null)
    i.__scatterload_zeroinit                 0x0001cf40   Section       14  handlers.o(i.__scatterload_zeroinit)
    i._fp_digits                             0x0001cf50   Section        0  printfa.o(i._fp_digits)
    _fp_digits                               0x0001cf51   Thumb Code   334  printfa.o(i._fp_digits)
    i._printf_core                           0x0001d0b4   Section        0  printfa.o(i._printf_core)
    _printf_core                             0x0001d0b5   Thumb Code  1744  printfa.o(i._printf_core)
    i._printf_post_padding                   0x0001d790   Section        0  printfa.o(i._printf_post_padding)
    _printf_post_padding                     0x0001d791   Thumb Code    36  printfa.o(i._printf_post_padding)
    i._printf_pre_padding                    0x0001d7b4   Section        0  printfa.o(i._printf_pre_padding)
    _printf_pre_padding                      0x0001d7b5   Thumb Code    46  printfa.o(i._printf_pre_padding)
    i.adv_data_encode                        0x0001d7e2   Section        0  ble_advdata.o(i.adv_data_encode)
    i.advertising_start                      0x0001d9e4   Section        0  main.o(i.advertising_start)
    advertising_start                        0x0001d9e5   Thumb Code    64  main.o(i.advertising_start)
    i.app_button_disable                     0x0001da28   Section        0  app_button.o(i.app_button_disable)
    i.app_button_enable                      0x0001da58   Section        0  app_button.o(i.app_button_enable)
    i.app_button_init                        0x0001da7c   Section        0  app_button.o(i.app_button_init)
    i.app_error_fault_handler                0x0001daec   Section        0  app_error_weak.o(i.app_error_fault_handler)
    i.app_error_handler_bare                 0x0001db10   Section        0  app_error.o(i.app_error_handler_bare)
    i.app_fifo_get                           0x0001db26   Section        0  app_fifo.o(i.app_fifo_get)
    i.app_fifo_init                          0x0001db3c   Section        0  app_fifo.o(i.app_fifo_init)
    i.app_fifo_put                           0x0001db5c   Section        0  app_fifo.o(i.app_fifo_put)
    i.app_timer_create                       0x0001db78   Section        0  app_timer.o(i.app_timer_create)
    i.app_timer_init                         0x0001db9c   Section        0  app_timer.o(i.app_timer_init)
    i.app_timer_start                        0x0001dc2c   Section        0  app_timer.o(i.app_timer_start)
    i.app_timer_stop                         0x0001dcac   Section        0  app_timer.o(i.app_timer_stop)
    i.app_uart_init                          0x0001dcfc   Section        0  app_uart_fifo.o(i.app_uart_init)
    i.app_uart_put                           0x0001dda0   Section        0  app_uart_fifo.o(i.app_uart_put)
    i.apply_config                           0x0001ddd4   Section        0  nrf_drv_uart.o(i.apply_config)
    apply_config                             0x0001ddd5   Thumb Code   108  nrf_drv_uart.o(i.apply_config)
    i.ble_advdata_set                        0x0001de4c   Section        0  ble_advdata.o(i.ble_advdata_set)
    i.ble_conn_params_init                   0x0001deb4   Section        0  ble_conn_params.o(i.ble_conn_params_init)
    i.ble_conn_params_on_ble_evt             0x0001df0c   Section        0  ble_conn_params.o(i.ble_conn_params_on_ble_evt)
    i.ble_device_addr_encode                 0x0001df90   Section        0  ble_advdata.o(i.ble_device_addr_encode)
    ble_device_addr_encode                   0x0001df91   Thumb Code    94  ble_advdata.o(i.ble_device_addr_encode)
    i.ble_evt_dispatch                       0x0001dff0   Section        0  main.o(i.ble_evt_dispatch)
    ble_evt_dispatch                         0x0001dff1   Thumb Code    26  main.o(i.ble_evt_dispatch)
    i.ble_lbs_init                           0x0001e010   Section        0  ble_lbs.o(i.ble_lbs_init)
    i.ble_lbs_on_ble_evt                     0x0001e06c   Section        0  ble_lbs.o(i.ble_lbs_on_ble_evt)
    i.ble_lbs_on_button_change               0x0001e0a0   Section        0  ble_lbs.o(i.ble_lbs_on_button_change)
    i.ble_stack_init                         0x0001e0d0   Section        0  main.o(i.ble_stack_init)
    ble_stack_init                           0x0001e0d1   Thumb Code   108  main.o(i.ble_stack_init)
    i.button_char_add                        0x0001e14c   Section        0  ble_lbs.o(i.button_char_add)
    button_char_add                          0x0001e14d   Thumb Code   210  ble_lbs.o(i.button_char_add)
    i.button_event_handler                   0x0001e220   Section        0  main.o(i.button_event_handler)
    button_event_handler                     0x0001e221   Thumb Code    38  main.o(i.button_event_handler)
    i.channel_free                           0x0001e24c   Section        0  nrf_drv_gpiote.o(i.channel_free)
    channel_free                             0x0001e24d   Thumb Code    22  nrf_drv_gpiote.o(i.channel_free)
    i.channel_port_alloc                     0x0001e268   Section        0  nrf_drv_gpiote.o(i.channel_port_alloc)
    channel_port_alloc                       0x0001e269   Thumb Code    66  nrf_drv_gpiote.o(i.channel_port_alloc)
    i.channel_port_get                       0x0001e2b0   Section        0  nrf_drv_gpiote.o(i.channel_port_get)
    channel_port_get                         0x0001e2b1   Thumb Code    10  nrf_drv_gpiote.o(i.channel_port_get)
    i.compare_reg_update                     0x0001e2c0   Section        0  app_timer.o(i.compare_reg_update)
    compare_reg_update                       0x0001e2c1   Thumb Code   160  app_timer.o(i.compare_reg_update)
    i.conn_int_encode                        0x0001e36c   Section        0  ble_advdata.o(i.conn_int_encode)
    conn_int_encode                          0x0001e36d   Thumb Code   136  ble_advdata.o(i.conn_int_encode)
    i.conn_params_error_handler              0x0001e3f4   Section        0  main.o(i.conn_params_error_handler)
    conn_params_error_handler                0x0001e3f5   Thumb Code     4  main.o(i.conn_params_error_handler)
    i.conn_params_negotiation                0x0001e3f8   Section        0  ble_conn_params.o(i.conn_params_negotiation)
    conn_params_negotiation                  0x0001e3f9   Thumb Code    78  ble_conn_params.o(i.conn_params_negotiation)
    i.detection_delay_timeout_handler        0x0001e454   Section        0  app_button.o(i.detection_delay_timeout_handler)
    detection_delay_timeout_handler          0x0001e455   Thumb Code    92  app_button.o(i.detection_delay_timeout_handler)
    i.elapsed_ticks_acquire                  0x0001e4b4   Section        0  app_timer.o(i.elapsed_ticks_acquire)
    elapsed_ticks_acquire                    0x0001e4b5   Thumb Code    58  app_timer.o(i.elapsed_ticks_acquire)
    i.fifo_get                               0x0001e4f4   Section        0  app_fifo.o(i.fifo_get)
    fifo_get                                 0x0001e4f5   Thumb Code    20  app_fifo.o(i.fifo_get)
    i.fifo_put                               0x0001e508   Section        0  app_fifo.o(i.fifo_put)
    fifo_put                                 0x0001e509   Thumb Code    18  app_fifo.o(i.fifo_put)
    i.fputc                                  0x0001e51a   Section        0  retarget.o(i.fputc)
    i.gpiote_event_handler                   0x0001e528   Section        0  app_button.o(i.gpiote_event_handler)
    gpiote_event_handler                     0x0001e529   Thumb Code    78  app_button.o(i.gpiote_event_handler)
    i.intern_softdevice_events_execute       0x0001e580   Section        0  softdevice_handler.o(i.intern_softdevice_events_execute)
    i.is_conn_params_ok                      0x0001e5f0   Section        0  ble_conn_params.o(i.is_conn_params_ok)
    is_conn_params_ok                        0x0001e5f1   Thumb Code    24  ble_conn_params.o(i.is_conn_params_ok)
    i.le_role_encode                         0x0001e60c   Section        0  ble_advdata.o(i.le_role_encode)
    le_role_encode                           0x0001e60d   Thumb Code    84  ble_advdata.o(i.le_role_encode)
    i.led_char_add                           0x0001e660   Section        0  ble_lbs.o(i.led_char_add)
    led_char_add                             0x0001e661   Thumb Code   158  ble_lbs.o(i.led_char_add)
    i.led_write_handler                      0x0001e700   Section        0  main.o(i.led_write_handler)
    led_write_handler                        0x0001e701   Thumb Code   114  main.o(i.led_write_handler)
    i.list_deletions_handler                 0x0001e794   Section        0  app_timer.o(i.list_deletions_handler)
    list_deletions_handler                   0x0001e795   Thumb Code   178  app_timer.o(i.list_deletions_handler)
    i.list_insertions_handler                0x0001e850   Section        0  app_timer.o(i.list_insertions_handler)
    list_insertions_handler                  0x0001e851   Thumb Code   196  app_timer.o(i.list_insertions_handler)
    i.main                                   0x0001e91c   Section        0  main.o(i.main)
    i.manuf_specific_data_encode             0x0001eadc   Section        0  ble_advdata.o(i.manuf_specific_data_encode)
    manuf_specific_data_encode               0x0001eadd   Thumb Code   100  ble_advdata.o(i.manuf_specific_data_encode)
    i.name_encode                            0x0001eb40   Section        0  ble_advdata.o(i.name_encode)
    name_encode                              0x0001eb41   Thumb Code   156  ble_advdata.o(i.name_encode)
    i.nrf_drv_common_irq_enable              0x0001ebdc   Section        0  nrf_drv_common.o(i.nrf_drv_common_irq_enable)
    i.nrf_drv_gpiote_in_event_disable        0x0001ec14   Section        0  nrf_drv_gpiote.o(i.nrf_drv_gpiote_in_event_disable)
    i.nrf_drv_gpiote_in_event_enable         0x0001ec5c   Section        0  nrf_drv_gpiote.o(i.nrf_drv_gpiote_in_event_enable)
    i.nrf_drv_gpiote_in_init                 0x0001ed00   Section        0  nrf_drv_gpiote.o(i.nrf_drv_gpiote_in_init)
    i.nrf_drv_gpiote_in_is_set               0x0001edb8   Section        0  nrf_drv_gpiote.o(i.nrf_drv_gpiote_in_is_set)
    i.nrf_drv_gpiote_init                    0x0001edcc   Section        0  nrf_drv_gpiote.o(i.nrf_drv_gpiote_init)
    i.nrf_drv_gpiote_is_init                 0x0001ee20   Section        0  nrf_drv_gpiote.o(i.nrf_drv_gpiote_is_init)
    i.nrf_drv_uart_init                      0x0001ee34   Section        0  nrf_drv_uart.o(i.nrf_drv_uart_init)
    i.nrf_drv_uart_rx                        0x0001eec8   Section        0  nrf_drv_uart.o(i.nrf_drv_uart_rx)
    i.nrf_drv_uart_rx_enable                 0x0001ef54   Section        0  nrf_drv_uart.o(i.nrf_drv_uart_rx_enable)
    i.nrf_drv_uart_rx_for_uart               0x0001ef74   Section        0  nrf_drv_uart.o(i.nrf_drv_uart_rx_for_uart)
    nrf_drv_uart_rx_for_uart                 0x0001ef75   Thumb Code   148  nrf_drv_uart.o(i.nrf_drv_uart_rx_for_uart)
    i.nrf_drv_uart_rx_for_uarte              0x0001f010   Section        0  nrf_drv_uart.o(i.nrf_drv_uart_rx_for_uarte)
    nrf_drv_uart_rx_for_uarte                0x0001f011   Thumb Code   136  nrf_drv_uart.o(i.nrf_drv_uart_rx_for_uarte)
    i.nrf_drv_uart_tx                        0x0001f0a0   Section        0  nrf_drv_uart.o(i.nrf_drv_uart_tx)
    i.nrf_drv_uart_tx_for_uart               0x0001f130   Section        0  nrf_drv_uart.o(i.nrf_drv_uart_tx_for_uart)
    nrf_drv_uart_tx_for_uart                 0x0001f131   Thumb Code   118  nrf_drv_uart.o(i.nrf_drv_uart_tx_for_uart)
    i.nrf_drv_uart_tx_in_progress            0x0001f1b0   Section        0  nrf_drv_uart.o(i.nrf_drv_uart_tx_in_progress)
    i.nrf_gpio_cfg                           0x0001f1c0   Section        0  nrf_drv_gpiote.o(i.nrf_gpio_cfg)
    nrf_gpio_cfg                             0x0001f1c1   Thumb Code    34  nrf_drv_gpiote.o(i.nrf_gpio_cfg)
    i.nrf_gpio_cfg                           0x0001f1e2   Section        0  nrf_drv_uart.o(i.nrf_gpio_cfg)
    nrf_gpio_cfg                             0x0001f1e3   Thumb Code    34  nrf_drv_uart.o(i.nrf_gpio_cfg)
    i.nrf_gpio_cfg_input                     0x0001f204   Section        0  nrf_drv_uart.o(i.nrf_gpio_cfg_input)
    nrf_gpio_cfg_input                       0x0001f205   Thumb Code    18  nrf_drv_uart.o(i.nrf_gpio_cfg_input)
    i.nrf_gpio_cfg_output                    0x0001f216   Section        0  main.o(i.nrf_gpio_cfg_output)
    nrf_gpio_cfg_output                      0x0001f217   Thumb Code    14  main.o(i.nrf_gpio_cfg_output)
    i.nrf_gpio_cfg_output                    0x0001f224   Section        0  nrf_drv_uart.o(i.nrf_gpio_cfg_output)
    nrf_gpio_cfg_output                      0x0001f225   Thumb Code    20  nrf_drv_uart.o(i.nrf_gpio_cfg_output)
    i.nrf_gpio_cfg_sense_set                 0x0001f238   Section        0  nrf_drv_gpiote.o(i.nrf_gpio_cfg_sense_set)
    nrf_gpio_cfg_sense_set                   0x0001f239   Thumb Code    28  nrf_drv_gpiote.o(i.nrf_gpio_cfg_sense_set)
    i.nrf_gpio_pin_toggle                    0x0001f254   Section        0  main.o(i.nrf_gpio_pin_toggle)
    nrf_gpio_pin_toggle                      0x0001f255   Thumb Code    26  main.o(i.nrf_gpio_pin_toggle)
    i.nrf_gpiote_event_clear                 0x0001f274   Section        0  nrf_drv_gpiote.o(i.nrf_gpiote_event_clear)
    nrf_gpiote_event_clear                   0x0001f275   Thumb Code    16  nrf_drv_gpiote.o(i.nrf_gpiote_event_clear)
    i.nrf_gpiote_event_is_set                0x0001f288   Section        0  nrf_drv_gpiote.o(i.nrf_gpiote_event_is_set)
    nrf_gpiote_event_is_set                  0x0001f289   Thumb Code    12  nrf_drv_gpiote.o(i.nrf_gpiote_event_is_set)
    i.nrf_uart_event_check                   0x0001f298   Section        0  nrf_drv_uart.o(i.nrf_uart_event_check)
    nrf_uart_event_check                     0x0001f299   Thumb Code    10  nrf_drv_uart.o(i.nrf_uart_event_check)
    i.nrf_uart_int_enable_check              0x0001f2a2   Section        0  nrf_drv_uart.o(i.nrf_uart_int_enable_check)
    nrf_uart_int_enable_check                0x0001f2a3   Thumb Code    12  nrf_drv_uart.o(i.nrf_uart_int_enable_check)
    i.nrf_uarte_event_check                  0x0001f2ae   Section        0  nrf_drv_uart.o(i.nrf_uarte_event_check)
    nrf_uarte_event_check                    0x0001f2af   Thumb Code    10  nrf_drv_uart.o(i.nrf_uarte_event_check)
    i.on_ble_evt                             0x0001f2b8   Section        0  main.o(i.on_ble_evt)
    on_ble_evt                               0x0001f2b9   Thumb Code   118  main.o(i.on_ble_evt)
    i.on_conn_params_evt                     0x0001f338   Section        0  main.o(i.on_conn_params_evt)
    on_conn_params_evt                       0x0001f339   Thumb Code    24  main.o(i.on_conn_params_evt)
    i.pin_in_use_by_port                     0x0001f354   Section        0  nrf_drv_gpiote.o(i.pin_in_use_by_port)
    pin_in_use_by_port                       0x0001f355   Thumb Code    20  nrf_drv_gpiote.o(i.pin_in_use_by_port)
    i.pin_in_use_by_te                       0x0001f36c   Section        0  nrf_drv_gpiote.o(i.pin_in_use_by_te)
    pin_in_use_by_te                         0x0001f36d   Thumb Code    20  nrf_drv_gpiote.o(i.pin_in_use_by_te)
    i.playPling                              0x0001f384   Section        0  main.o(i.playPling)
    playPling                                0x0001f385   Thumb Code   150  main.o(i.playPling)
    i.playPwm                                0x0001f434   Section        0  main.o(i.playPwm)
    playPwm                                  0x0001f435   Thumb Code    50  main.o(i.playPwm)
    i.pwmConfig                              0x0001f474   Section        0  main.o(i.pwmConfig)
    pwmConfig                                0x0001f475   Thumb Code   186  main.o(i.pwmConfig)
    i.rtc1_stop                              0x0001f540   Section        0  app_timer.o(i.rtc1_stop)
    rtc1_stop                                0x0001f541   Thumb Code    52  app_timer.o(i.rtc1_stop)
    i.rx_byte                                0x0001f57c   Section        0  nrf_drv_uart.o(i.rx_byte)
    rx_byte                                  0x0001f57d   Thumb Code    38  nrf_drv_uart.o(i.rx_byte)
    i.rx_done_event                          0x0001f5ac   Section        0  nrf_drv_uart.o(i.rx_done_event)
    rx_done_event                            0x0001f5ad   Thumb Code    26  nrf_drv_uart.o(i.rx_done_event)
    i.rx_enable                              0x0001f5cc   Section        0  nrf_drv_uart.o(i.rx_enable)
    rx_enable                                0x0001f5cd   Thumb Code    18  nrf_drv_uart.o(i.rx_enable)
    i.sd_check_ram_start                     0x0001f5e4   Section        0  softdevice_handler.o(i.sd_check_ram_start)
    i.sd_nvic_EnableIRQ                      0x0001f5f4   Section        0  softdevice_handler.o(i.sd_nvic_EnableIRQ)
    sd_nvic_EnableIRQ                        0x0001f5f5   Thumb Code   128  softdevice_handler.o(i.sd_nvic_EnableIRQ)
    i.service_data_encode                    0x0001f67c   Section        0  ble_advdata.o(i.service_data_encode)
    service_data_encode                      0x0001f67d   Thumb Code   136  ble_advdata.o(i.service_data_encode)
    i.softdevice_ble_evt_handler_set         0x0001f704   Section        0  softdevice_handler.o(i.softdevice_ble_evt_handler_set)
    i.softdevice_enable                      0x0001f718   Section        0  softdevice_handler.o(i.softdevice_enable)
    i.softdevice_enable_get_default_config   0x0001f72c   Section        0  softdevice_handler.o(i.softdevice_enable_get_default_config)
    i.softdevice_fault_handler               0x0001f752   Section        0  softdevice_handler.o(i.softdevice_fault_handler)
    i.softdevice_handler_init                0x0001f758   Section        0  softdevice_handler.o(i.softdevice_handler_init)
    i.timer_list_handler                     0x0001f78c   Section        0  app_timer.o(i.timer_list_handler)
    timer_list_handler                       0x0001f78d   Thumb Code   134  app_timer.o(i.timer_list_handler)
    i.timer_list_insert                      0x0001f818   Section        0  app_timer.o(i.timer_list_insert)
    timer_list_insert                        0x0001f819   Thumb Code    56  app_timer.o(i.timer_list_insert)
    i.timer_timeouts_check                   0x0001f854   Section        0  app_timer.o(i.timer_timeouts_check)
    timer_timeouts_check                     0x0001f855   Thumb Code   124  app_timer.o(i.timer_timeouts_check)
    i.tx_byte                                0x0001f8d8   Section        0  nrf_drv_uart.o(i.tx_byte)
    tx_byte                                  0x0001f8d9   Thumb Code    28  nrf_drv_uart.o(i.tx_byte)
    i.tx_done_event                          0x0001f8fc   Section        0  nrf_drv_uart.o(i.tx_done_event)
    tx_done_event                            0x0001f8fd   Thumb Code    30  nrf_drv_uart.o(i.tx_done_event)
    i.uart_event_handler                     0x0001f920   Section        0  main.o(i.uart_event_handler)
    uart_event_handler                       0x0001f921   Thumb Code     2  main.o(i.uart_event_handler)
    i.uart_event_handler                     0x0001f924   Section        0  app_uart_fifo.o(i.uart_event_handler)
    uart_event_handler                       0x0001f925   Thumb Code   160  app_uart_fifo.o(i.uart_event_handler)
    i.uart_irq_handler                       0x0001f9cc   Section        0  nrf_drv_uart.o(i.uart_irq_handler)
    uart_irq_handler                         0x0001f9cd   Thumb Code   254  nrf_drv_uart.o(i.uart_irq_handler)
    i.uarte_irq_handler                      0x0001fad4   Section        0  nrf_drv_uart.o(i.uarte_irq_handler)
    uarte_irq_handler                        0x0001fad5   Thumb Code   206  nrf_drv_uart.o(i.uarte_irq_handler)
    i.uint16_encode                          0x0001fbac   Section        0  ble_advdata.o(i.uint16_encode)
    uint16_encode                            0x0001fbad   Thumb Code    10  ble_advdata.o(i.uint16_encode)
    i.update_timeout_handler                 0x0001fbb8   Section        0  ble_conn_params.o(i.update_timeout_handler)
    update_timeout_handler                   0x0001fbb9   Thumb Code    88  ble_conn_params.o(i.update_timeout_handler)
    i.user_id_get                            0x0001fc18   Section        0  app_timer.o(i.user_id_get)
    user_id_get                              0x0001fc19   Thumb Code    62  app_timer.o(i.user_id_get)
    i.user_op_alloc                          0x0001fc56   Section        0  app_timer.o(i.user_op_alloc)
    user_op_alloc                            0x0001fc57   Thumb Code    40  app_timer.o(i.user_op_alloc)
    i.uuid_list_encode                       0x0001fc7e   Section        0  ble_advdata.o(i.uuid_list_encode)
    uuid_list_encode                         0x0001fc7f   Thumb Code    48  ble_advdata.o(i.uuid_list_encode)
    i.uuid_list_sized_encode                 0x0001fcae   Section        0  ble_advdata.o(i.uuid_list_sized_encode)
    uuid_list_sized_encode                   0x0001fcaf   Thumb Code   158  ble_advdata.o(i.uuid_list_sized_encode)
    .constdata                               0x0001fd4c   Section       20  main.o(.constdata)
    .constdata                               0x0001fd60   Section        4  ble_conn_params.o(.constdata)
    m_conn_params_timer_id                   0x0001fd60   Data           4  ble_conn_params.o(.constdata)
    .constdata                               0x0001fd64   Section       16  ble_lbs.o(.constdata)
    .constdata                               0x0001fd74   Section       32  app_uart_fifo.o(.constdata)
    .constdata                               0x0001fd94   Section       32  nrf_drv_uart.o(.constdata)
    m_default_config                         0x0001fd94   Data          32  nrf_drv_uart.o(.constdata)
    .constdata                               0x0001fdb4   Section        8  app_button.o(.constdata)
    m_detection_delay_timer_id               0x0001fdb4   Data           4  app_button.o(.constdata)
    .data                                    0x20002080   Section    16012  main.o(.data)
    rx_buf                                   0x20002080   Data           1  main.o(.data)
    m_conn_handle                            0x20002082   Data           2  main.o(.data)
    currSound                                0x20002088   Data           4  main.o(.data)
    buttons                                  0x2000208c   Data           8  main.o(.data)
    .data                                    0x20005f0c   Section       20  ble_conn_params.o(.data)
    m_change_param                           0x20005f0c   Data           1  ble_conn_params.o(.data)
    m_update_count                           0x20005f0d   Data           1  ble_conn_params.o(.data)
    m_conn_handle                            0x20005f0e   Data           2  ble_conn_params.o(.data)
    m_preferred_conn_params                  0x20005f10   Data           8  ble_conn_params.o(.data)
    m_current_conn_params                    0x20005f18   Data           8  ble_conn_params.o(.data)
    .data                                    0x20005f20   Section        8  app_uart_fifo.o(.data)
    tx_buffer                                0x20005f20   Data           1  app_uart_fifo.o(.data)
    rx_buffer                                0x20005f21   Data           1  app_uart_fifo.o(.data)
    m_event_handler                          0x20005f24   Data           4  app_uart_fifo.o(.data)
    .data                                    0x20005f28   Section       20  app_button.o(.data)
    m_button_count                           0x20005f28   Data           1  app_button.o(.data)
    mp_buttons                               0x20005f2c   Data           4  app_button.o(.data)
    m_detection_delay                        0x20005f30   Data           4  app_button.o(.data)
    m_pin_state                              0x20005f34   Data           4  app_button.o(.data)
    m_pin_transition                         0x20005f38   Data           4  app_button.o(.data)
    .data                                    0x20005f3c   Section       32  app_timer.o(.data)
    m_user_array_size                        0x20005f3c   Data           1  app_timer.o(.data)
    m_ticks_elapsed_q_read_ind               0x20005f3d   Data           1  app_timer.o(.data)
    m_ticks_elapsed_q_write_ind              0x20005f3e   Data           1  app_timer.o(.data)
    m_rtc1_running                           0x20005f3f   Data           1  app_timer.o(.data)
    m_rtc1_reset                             0x20005f40   Data           1  app_timer.o(.data)
    mp_users                                 0x20005f44   Data           4  app_timer.o(.data)
    mp_timer_id_head                         0x20005f48   Data           4  app_timer.o(.data)
    m_ticks_latest                           0x20005f4c   Data           4  app_timer.o(.data)
    m_evt_schedule_func                      0x20005f50   Data           4  app_timer.o(.data)
    m_ticks_elapsed                          0x20005f54   Data           8  app_timer.o(.data)
    .data                                    0x20005f5c   Section        4  retarget.o(.data)
    .data                                    0x20005f60   Section       20  softdevice_handler.o(.data)
    m_softdevice_enabled                     0x20005f60   Data           1  softdevice_handler.o(.data)
    m_ble_evt_buffer_size                    0x20005f62   Data           2  softdevice_handler.o(.data)
    m_evt_schedule_func                      0x20005f64   Data           4  softdevice_handler.o(.data)
    mp_ble_evt_buffer                        0x20005f68   Data           4  softdevice_handler.o(.data)
    m_ble_evt_handler                        0x20005f6c   Data           4  softdevice_handler.o(.data)
    m_sys_evt_handler                        0x20005f70   Data           4  softdevice_handler.o(.data)
    .data                                    0x20005f74   Section        4  system_nrf52.o(.data)
    __tagsym$$used                           0x20005f74   Number         0  system_nrf52.o(.data)
    .bss                                     0x20005f78   Section      812  main.o(.bss)
    APP_TIMER_BUF                            0x20005f78   Data         456  main.o(.bss)
    BLE_EVT_BUFFER                           0x20006140   Data          72  main.o(.bss)
    tx_buf                                   0x20006188   Data         256  main.o(.bss)
    m_lbs                                    0x20006288   Data          28  main.o(.bss)
    .bss                                     0x200062a4   Section       32  ble_conn_params.o(.bss)
    m_conn_params_timer_id_data              0x200062a4   Data          32  ble_conn_params.o(.bss)
    .bss                                     0x200062c4   Section       28  ble_conn_params.o(.bss)
    m_conn_params_config                     0x200062c4   Data          28  ble_conn_params.o(.bss)
    .bss                                     0x200062e0   Section       32  app_uart_fifo.o(.bss)
    m_rx_fifo                                0x200062e0   Data          16  app_uart_fifo.o(.bss)
    m_tx_fifo                                0x200062f0   Data          16  app_uart_fifo.o(.bss)
    .bss                                     0x20006300   Section       88  nrf_drv_gpiote.o(.bss)
    m_cb                                     0x20006300   Data          88  nrf_drv_gpiote.o(.bss)
    .bss                                     0x20006358   Section       32  nrf_drv_uart.o(.bss)
    m_cb                                     0x20006358   Data          32  nrf_drv_uart.o(.bss)
    .bss                                     0x20006378   Section       32  app_button.o(.bss)
    m_detection_delay_timer_id_data          0x20006378   Data          32  app_button.o(.bss)
    .bss                                     0x20006398   Section       12  softdevice_handler.o(.bss)
    STACK                                    0x200063a8   Section     8192  arm_startup_nrf52.o(STACK)

    Global Symbols

    Symbol Name                              Value     Ov Type        Size  Object(Section)

    BuildAttributes$$THM_ISAv4$E$P$D$K$B$S$7EM$VFPi3$EXTD16$VFPS$VFMA$PE$A:L22UL41UL21$X:L11$S22US41US21$IEEE1$IW$USESV6$~STKCKD$USESV7$~SHL$OSPACE$ROPI$EBA8$MICROLIB$REQ8$PRES8$EABIv2 0x00000000   Number         0  anon$$obj.o ABSOLUTE
    __ARM_use_no_argv                        0x00000000   Number         0  main.o ABSOLUTE
    _printf_a                                0x00000000   Number         0  stubs.o ABSOLUTE
    _printf_c                                0x00000000   Number         0  stubs.o ABSOLUTE
    _printf_charcount                        0x00000000   Number         0  stubs.o ABSOLUTE
    _printf_d                                0x00000000   Number         0  stubs.o ABSOLUTE
    _printf_e                                0x00000000   Number         0  stubs.o ABSOLUTE
    _printf_f                                0x00000000   Number         0  stubs.o ABSOLUTE
    _printf_flags                            0x00000000   Number         0  stubs.o ABSOLUTE
    _printf_fp_dec                           0x00000000   Number         0  stubs.o ABSOLUTE
    _printf_fp_hex                           0x00000000   Number         0  stubs.o ABSOLUTE
    _printf_g                                0x00000000   Number         0  stubs.o ABSOLUTE
    _printf_i                                0x00000000   Number         0  stubs.o ABSOLUTE
    _printf_int_dec                          0x00000000   Number         0  stubs.o ABSOLUTE
    _printf_l                                0x00000000   Number         0  stubs.o ABSOLUTE
    _printf_lc                               0x00000000   Number         0  stubs.o ABSOLUTE
    _printf_ll                               0x00000000   Number         0  stubs.o ABSOLUTE
    _printf_lld                              0x00000000   Number         0  stubs.o ABSOLUTE
    _printf_lli                              0x00000000   Number         0  stubs.o ABSOLUTE
    _printf_llo                              0x00000000   Number         0  stubs.o ABSOLUTE
    _printf_llu                              0x00000000   Number         0  stubs.o ABSOLUTE
    _printf_llx                              0x00000000   Number         0  stubs.o ABSOLUTE
    _printf_longlong_dec                     0x00000000   Number         0  stubs.o ABSOLUTE
    _printf_longlong_hex                     0x00000000   Number         0  stubs.o ABSOLUTE
    _printf_longlong_oct                     0x00000000   Number         0  stubs.o ABSOLUTE
    _printf_ls                               0x00000000   Number         0  stubs.o ABSOLUTE
    _printf_mbtowc                           0x00000000   Number         0  stubs.o ABSOLUTE
    _printf_n                                0x00000000   Number         0  stubs.o ABSOLUTE
    _printf_o                                0x00000000   Number         0  stubs.o ABSOLUTE
    _printf_p                                0x00000000   Number         0  stubs.o ABSOLUTE
    _printf_percent                          0x00000000   Number         0  stubs.o ABSOLUTE
    _printf_pre_padding                      0x00000000   Number         0  stubs.o ABSOLUTE
    _printf_return_value                     0x00000000   Number         0  stubs.o ABSOLUTE
    _printf_s                                0x00000000   Number         0  stubs.o ABSOLUTE
    _printf_sizespec                         0x00000000   Number         0  stubs.o ABSOLUTE
    _printf_str                              0x00000000   Number         0  stubs.o ABSOLUTE
    _printf_truncate_signed                  0x00000000   Number         0  stubs.o ABSOLUTE
    _printf_truncate_unsigned                0x00000000   Number         0  stubs.o ABSOLUTE
    _printf_u                                0x00000000   Number         0  stubs.o ABSOLUTE
    _printf_wc                               0x00000000   Number         0  stubs.o ABSOLUTE
    _printf_wctomb                           0x00000000   Number         0  stubs.o ABSOLUTE
    _printf_widthprec                        0x00000000   Number         0  stubs.o ABSOLUTE
    _printf_x                                0x00000000   Number         0  stubs.o ABSOLUTE
    __cpp_initialize__aeabi_                  - Undefined Weak Reference
    __cxa_finalize                            - Undefined Weak Reference
    _clock_init                               - Undefined Weak Reference
    _microlib_exit                            - Undefined Weak Reference
    __Vectors_Size                           0x00000400   Number         0  arm_startup_nrf52.o ABSOLUTE
    __Vectors                                0x0001c000   Data           4  arm_startup_nrf52.o(RESET)
    __Vectors_End                            0x0001c400   Data           0  arm_startup_nrf52.o(RESET)
    __main                                   0x0001c401   Thumb Code     0  entry.o(.ARM.Collect$$$$00000000)
    _main_stk                                0x0001c401   Thumb Code     0  entry2.o(.ARM.Collect$$$$00000001)
    _main_scatterload                        0x0001c405   Thumb Code     0  entry5.o(.ARM.Collect$$$$00000004)
    __main_after_scatterload                 0x0001c409   Thumb Code     0  entry5.o(.ARM.Collect$$$$00000004)
    _main_clock                              0x0001c409   Thumb Code     0  entry7b.o(.ARM.Collect$$$$00000008)
    _main_cpp_init                           0x0001c409   Thumb Code     0  entry8b.o(.ARM.Collect$$$$0000000A)
    _main_init                               0x0001c409   Thumb Code     0  entry9a.o(.ARM.Collect$$$$0000000B)
    __rt_final_cpp                           0x0001c411   Thumb Code     0  entry10a.o(.ARM.Collect$$$$0000000D)
    __rt_final_exit                          0x0001c411   Thumb Code     0  entry11a.o(.ARM.Collect$$$$0000000F)
    __asm___11_app_timer_c_cd27f9c3__nrf_delay_us 0x0001c415   Thumb Code   118  app_timer.o(.emb_text)
    Reset_Handler                            0x0001c48d   Thumb Code     8  arm_startup_nrf52.o(.text)
    NMI_Handler                              0x0001c495   Thumb Code     2  arm_startup_nrf52.o(.text)
    HardFault_Handler                        0x0001c497   Thumb Code     2  arm_startup_nrf52.o(.text)
    MemoryManagement_Handler                 0x0001c499   Thumb Code     2  arm_startup_nrf52.o(.text)
    BusFault_Handler                         0x0001c49b   Thumb Code     2  arm_startup_nrf52.o(.text)
    UsageFault_Handler                       0x0001c49d   Thumb Code     2  arm_startup_nrf52.o(.text)
    SVC_Handler                              0x0001c49f   Thumb Code     2  arm_startup_nrf52.o(.text)
    DebugMonitor_Handler                     0x0001c4a1   Thumb Code     2  arm_startup_nrf52.o(.text)
    PendSV_Handler                           0x0001c4a3   Thumb Code     2  arm_startup_nrf52.o(.text)
    SysTick_Handler                          0x0001c4a5   Thumb Code     2  arm_startup_nrf52.o(.text)
    CCM_AAR_IRQHandler                       0x0001c4a7   Thumb Code     0  arm_startup_nrf52.o(.text)
    COMP_LPCOMP_IRQHandler                   0x0001c4a7   Thumb Code     0  arm_startup_nrf52.o(.text)
    ECB_IRQHandler                           0x0001c4a7   Thumb Code     0  arm_startup_nrf52.o(.text)
    FPU_IRQHandler                           0x0001c4a7   Thumb Code     0  arm_startup_nrf52.o(.text)
    I2S_IRQHandler                           0x0001c4a7   Thumb Code     0  arm_startup_nrf52.o(.text)
    MWU_IRQHandler                           0x0001c4a7   Thumb Code     0  arm_startup_nrf52.o(.text)
    NFCT_IRQHandler                          0x0001c4a7   Thumb Code     0  arm_startup_nrf52.o(.text)
    PDM_IRQHandler                           0x0001c4a7   Thumb Code     0  arm_startup_nrf52.o(.text)
    POWER_CLOCK_IRQHandler                   0x0001c4a7   Thumb Code     0  arm_startup_nrf52.o(.text)
    PWM0_IRQHandler                          0x0001c4a7   Thumb Code     0  arm_startup_nrf52.o(.text)
    PWM1_IRQHandler                          0x0001c4a7   Thumb Code     0  arm_startup_nrf52.o(.text)
    PWM2_IRQHandler                          0x0001c4a7   Thumb Code     0  arm_startup_nrf52.o(.text)
    QDEC_IRQHandler                          0x0001c4a7   Thumb Code     0  arm_startup_nrf52.o(.text)
    RADIO_IRQHandler                         0x0001c4a7   Thumb Code     0  arm_startup_nrf52.o(.text)
    RNG_IRQHandler                           0x0001c4a7   Thumb Code     0  arm_startup_nrf52.o(.text)
    RTC0_IRQHandler                          0x0001c4a7   Thumb Code     0  arm_startup_nrf52.o(.text)
    RTC2_IRQHandler                          0x0001c4a7   Thumb Code     0  arm_startup_nrf52.o(.text)
    SAADC_IRQHandler                         0x0001c4a7   Thumb Code     0  arm_startup_nrf52.o(.text)
    SPIM0_SPIS0_TWIM0_TWIS0_SPI0_TWI0_IRQHandler 0x0001c4a7   Thumb Code     0  arm_startup_nrf52.o(.text)
    SPIM1_SPIS1_TWIM1_TWIS1_SPI1_TWI1_IRQHandler 0x0001c4a7   Thumb Code     0  arm_startup_nrf52.o(.text)
    SPIM2_SPIS2_SPI2_IRQHandler              0x0001c4a7   Thumb Code     0  arm_startup_nrf52.o(.text)
    SWI1_EGU1_IRQHandler                     0x0001c4a7   Thumb Code     0  arm_startup_nrf52.o(.text)
    SWI3_EGU3_IRQHandler                     0x0001c4a7   Thumb Code     0  arm_startup_nrf52.o(.text)
    SWI4_EGU4_IRQHandler                     0x0001c4a7   Thumb Code     0  arm_startup_nrf52.o(.text)
    SWI5_EGU5_IRQHandler                     0x0001c4a7   Thumb Code     0  arm_startup_nrf52.o(.text)
    TEMP_IRQHandler                          0x0001c4a7   Thumb Code     0  arm_startup_nrf52.o(.text)
    TIMER0_IRQHandler                        0x0001c4a7   Thumb Code     0  arm_startup_nrf52.o(.text)
    TIMER1_IRQHandler                        0x0001c4a7   Thumb Code     0  arm_startup_nrf52.o(.text)
    TIMER2_IRQHandler                        0x0001c4a7   Thumb Code     0  arm_startup_nrf52.o(.text)
    TIMER3_IRQHandler                        0x0001c4a7   Thumb Code     0  arm_startup_nrf52.o(.text)
    TIMER4_IRQHandler                        0x0001c4a7   Thumb Code     0  arm_startup_nrf52.o(.text)
    WDT_IRQHandler                           0x0001c4a7   Thumb Code     0  arm_startup_nrf52.o(.text)
    __aeabi_memcpy                           0x0001c4b1   Thumb Code    36  memcpya.o(.text)
    __aeabi_memcpy4                          0x0001c4b1   Thumb Code     0  memcpya.o(.text)
    __aeabi_memcpy8                          0x0001c4b1   Thumb Code     0  memcpya.o(.text)
    __aeabi_memset                           0x0001c4d5   Thumb Code    14  memseta.o(.text)
    __aeabi_memset4                          0x0001c4d5   Thumb Code     0  memseta.o(.text)
    __aeabi_memset8                          0x0001c4d5   Thumb Code     0  memseta.o(.text)
    __aeabi_memclr                           0x0001c4e3   Thumb Code     4  memseta.o(.text)
    __aeabi_memclr4                          0x0001c4e3   Thumb Code     0  memseta.o(.text)
    __aeabi_memclr8                          0x0001c4e3   Thumb Code     0  memseta.o(.text)
    _memset$wrapper                          0x0001c4e7   Thumb Code    18  memseta.o(.text)
    __aeabi_uidiv                            0x0001c4f9   Thumb Code     0  uidiv.o(.text)
    __aeabi_uidivmod                         0x0001c4f9   Thumb Code    44  uidiv.o(.text)
    __aeabi_uldivmod                         0x0001c525   Thumb Code    98  uldiv.o(.text)
    __I$use$fp                               0x0001c587   Thumb Code     0  iusefp.o(.text)
    __aeabi_dadd                             0x0001c587   Thumb Code   322  dadd.o(.text)
    __aeabi_dsub                             0x0001c6c9   Thumb Code     6  dadd.o(.text)
    __aeabi_drsub                            0x0001c6cf   Thumb Code     6  dadd.o(.text)
    __aeabi_dmul                             0x0001c6d5   Thumb Code   228  dmul.o(.text)
    __aeabi_ddiv                             0x0001c7b9   Thumb Code   222  ddiv.o(.text)
    __aeabi_d2ulz                            0x0001c897   Thumb Code    48  dfixul.o(.text)
    __aeabi_cdrcmple                         0x0001c8c9   Thumb Code    48  cdrcmple.o(.text)
    __scatterload                            0x0001c8f9   Thumb Code    28  init.o(.text)
    __scatterload_rt2                        0x0001c8f9   Thumb Code     0  init.o(.text)
    __aeabi_llsl                             0x0001c91d   Thumb Code    30  llshl.o(.text)
    _ll_shift_l                              0x0001c91d   Thumb Code     0  llshl.o(.text)
    __aeabi_llsr                             0x0001c93b   Thumb Code    32  llushr.o(.text)
    _ll_ushift_r                             0x0001c93b   Thumb Code     0  llushr.o(.text)
    __aeabi_lasr                             0x0001c95b   Thumb Code    36  llsshr.o(.text)
    _ll_sshift_r                             0x0001c95b   Thumb Code     0  llsshr.o(.text)
    _double_round                            0x0001c97f   Thumb Code    30  depilogue.o(.text)
    _double_epilogue                         0x0001c99d   Thumb Code   156  depilogue.o(.text)
    __decompress                             0x0001ca39   Thumb Code     0  __dclz77c.o(.text)
    __decompress2                            0x0001ca39   Thumb Code    94  __dclz77c.o(.text)
    GPIOTE_IRQHandler                        0x0001ca99   Thumb Code   316  nrf_drv_gpiote.o(i.GPIOTE_IRQHandler)
    RTC1_IRQHandler                          0x0001cc45   Thumb Code    32  app_timer.o(i.RTC1_IRQHandler)
    SWI0_EGU0_IRQHandler                     0x0001cc69   Thumb Code     4  app_timer.o(i.SWI0_EGU0_IRQHandler)
    SWI2_EGU2_IRQHandler                     0x0001cc6d   Thumb Code    32  softdevice_handler.o(i.SWI2_EGU2_IRQHandler)
    SystemInit                               0x0001cc91   Thumb Code   566  system_nrf52.o(i.SystemInit)
    UARTE0_UART0_IRQHandler                  0x0001cefd   Thumb Code    14  nrf_drv_uart.o(i.UARTE0_UART0_IRQHandler)
    __0printf                                0x0001cf11   Thumb Code    22  printfa.o(i.__0printf)
    __1printf                                0x0001cf11   Thumb Code     0  printfa.o(i.__0printf)
    __2printf                                0x0001cf11   Thumb Code     0  printfa.o(i.__0printf)
    __c89printf                              0x0001cf11   Thumb Code     0  printfa.o(i.__0printf)
    printf                                   0x0001cf11   Thumb Code     0  printfa.o(i.__0printf)
    __scatterload_copy                       0x0001cf31   Thumb Code    14  handlers.o(i.__scatterload_copy)
    __scatterload_null                       0x0001cf3f   Thumb Code     2  handlers.o(i.__scatterload_null)
    __scatterload_zeroinit                   0x0001cf41   Thumb Code    14  handlers.o(i.__scatterload_zeroinit)
    adv_data_encode                          0x0001d7e3   Thumb Code   514  ble_advdata.o(i.adv_data_encode)
    app_button_disable                       0x0001da29   Thumb Code    38  app_button.o(i.app_button_disable)
    app_button_enable                        0x0001da59   Thumb Code    32  app_button.o(i.app_button_enable)
    app_button_init                          0x0001da7d   Thumb Code    96  app_button.o(i.app_button_init)
    app_error_fault_handler                  0x0001daed   Thumb Code    26  app_error_weak.o(i.app_error_fault_handler)
    app_error_handler_bare                   0x0001db11   Thumb Code    22  app_error.o(i.app_error_handler_bare)
    app_fifo_get                             0x0001db27   Thumb Code    22  app_fifo.o(i.app_fifo_get)
    app_fifo_init                            0x0001db3d   Thumb Code    32  app_fifo.o(i.app_fifo_init)
    app_fifo_put                             0x0001db5d   Thumb Code    26  app_fifo.o(i.app_fifo_put)
    app_timer_create                         0x0001db79   Thumb Code    32  app_timer.o(i.app_timer_create)
    app_timer_init                           0x0001db9d   Thumb Code   134  app_timer.o(i.app_timer_init)
    app_timer_start                          0x0001dc2d   Thumb Code   118  app_timer.o(i.app_timer_start)
    app_timer_stop                           0x0001dcad   Thumb Code    76  app_timer.o(i.app_timer_stop)
    app_uart_init                            0x0001dcfd   Thumb Code   146  app_uart_fifo.o(i.app_uart_init)
    app_uart_put                             0x0001dda1   Thumb Code    44  app_uart_fifo.o(i.app_uart_put)
    ble_advdata_set                          0x0001de4d   Thumb Code   104  ble_advdata.o(i.ble_advdata_set)
    ble_conn_params_init                     0x0001deb5   Thumb Code    72  ble_conn_params.o(i.ble_conn_params_init)
    ble_conn_params_on_ble_evt               0x0001df0d   Thumb Code   120  ble_conn_params.o(i.ble_conn_params_on_ble_evt)
    ble_lbs_init                             0x0001e011   Thumb Code    88  ble_lbs.o(i.ble_lbs_init)
    ble_lbs_on_ble_evt                       0x0001e06d   Thumb Code    52  ble_lbs.o(i.ble_lbs_on_ble_evt)
    ble_lbs_on_button_change                 0x0001e0a1   Thumb Code    48  ble_lbs.o(i.ble_lbs_on_button_change)
    fputc                                    0x0001e51b   Thumb Code    14  retarget.o(i.fputc)
    intern_softdevice_events_execute         0x0001e581   Thumb Code   106  softdevice_handler.o(i.intern_softdevice_events_execute)
    main                                     0x0001e91d   Thumb Code   388  main.o(i.main)
    nrf_drv_common_irq_enable                0x0001ebdd   Thumb Code    56  nrf_drv_common.o(i.nrf_drv_common_irq_enable)
    nrf_drv_gpiote_in_event_disable          0x0001ec15   Thumb Code    66  nrf_drv_gpiote.o(i.nrf_drv_gpiote_in_event_disable)
    nrf_drv_gpiote_in_event_enable           0x0001ec5d   Thumb Code   150  nrf_drv_gpiote.o(i.nrf_drv_gpiote_in_event_enable)
    nrf_drv_gpiote_in_init                   0x0001ed01   Thumb Code   170  nrf_drv_gpiote.o(i.nrf_drv_gpiote_in_init)
    nrf_drv_gpiote_in_is_set                 0x0001edb9   Thumb Code    16  nrf_drv_gpiote.o(i.nrf_drv_gpiote_in_is_set)
    nrf_drv_gpiote_init                      0x0001edcd   Thumb Code    76  nrf_drv_gpiote.o(i.nrf_drv_gpiote_init)
    nrf_drv_gpiote_is_init                   0x0001ee21   Thumb Code    14  nrf_drv_gpiote.o(i.nrf_drv_gpiote_is_init)
    nrf_drv_uart_init                        0x0001ee35   Thumb Code   126  nrf_drv_uart.o(i.nrf_drv_uart_init)
    nrf_drv_uart_rx                          0x0001eec9   Thumb Code   132  nrf_drv_uart.o(i.nrf_drv_uart_rx)
    nrf_drv_uart_rx_enable                   0x0001ef55   Thumb Code    26  nrf_drv_uart.o(i.nrf_drv_uart_rx_enable)
    nrf_drv_uart_tx                          0x0001f0a1   Thumb Code   134  nrf_drv_uart.o(i.nrf_drv_uart_tx)
    nrf_drv_uart_tx_in_progress              0x0001f1b1   Thumb Code    12  nrf_drv_uart.o(i.nrf_drv_uart_tx_in_progress)
    sd_check_ram_start                       0x0001f5e5   Thumb Code    10  softdevice_handler.o(i.sd_check_ram_start)
    softdevice_ble_evt_handler_set           0x0001f705   Thumb Code    14  softdevice_handler.o(i.softdevice_ble_evt_handler_set)
    softdevice_enable                        0x0001f719   Thumb Code    14  softdevice_handler.o(i.softdevice_enable)
    softdevice_enable_get_default_config     0x0001f72d   Thumb Code    38  softdevice_handler.o(i.softdevice_enable_get_default_config)
    softdevice_fault_handler                 0x0001f753   Thumb Code     4  softdevice_handler.o(i.softdevice_fault_handler)
    softdevice_handler_init                  0x0001f759   Thumb Code    42  softdevice_handler.o(i.softdevice_handler_init)
    Region$$Table$$Base                      0x0001fdbc   Number         0  anon$$obj.o(Region$$Table)
    Region$$Table$$Limit                     0x0001fddc   Number         0  anon$$obj.o(Region$$Table)
    Image$$RW_IRAM1$$Base                    0x20002080   Number         0  anon$$obj.o ABSOLUTE
    seq1_ram                                 0x20002084   Data           2  main.o(.data)
    buf2                                     0x20002086   Data           2  main.o(.data)
    piano_A1                                 0x20002094   Data        3998  main.o(.data)
    piano_C2                                 0x20003032   Data        3998  main.o(.data)
    piano_D2                                 0x20003fd0   Data        3998  main.o(.data)
    piano_E2                                 0x20004f6e   Data        3998  main.o(.data)
    __stdout                                 0x20005f5c   Data           4  retarget.o(.data)
    SystemCoreClock                          0x20005f74   Data           4  system_nrf52.o(.data)
    nrf_nvic_state                           0x20006398   Data          12  softdevice_handler.o(.bss)
    __initial_sp                             0x200083a8   Data           0  arm_startup_nrf52.o(STACK)



==============================================================================

Memory Map of the image

  Image Entry point : 0x0001c401

  Load Region LR_IROM1 (Base: 0x0001c000, Size: 0x00007cd4, Max: 0x00064000, ABSOLUTE, COMPRESSED[0x000066b8])

    Execution Region ER_IROM1 (Base: 0x0001c000, Size: 0x00003ddc, Max: 0x00064000, ABSOLUTE)

    Base Addr    Size         Type   Attr      Idx    E Section Name        Object

    0x0001c000   0x00000400   Data   RO         2074    RESET               arm_startup_nrf52.o
    0x0001c400   0x00000000   Code   RO         2115  * .ARM.Collect$$$$00000000  mc_w.l(entry.o)
    0x0001c400   0x00000004   Code   RO         2389    .ARM.Collect$$$$00000001  mc_w.l(entry2.o)
    0x0001c404   0x00000004   Code   RO         2392    .ARM.Collect$$$$00000004  mc_w.l(entry5.o)
    0x0001c408   0x00000000   Code   RO         2394    .ARM.Collect$$$$00000008  mc_w.l(entry7b.o)
    0x0001c408   0x00000000   Code   RO         2396    .ARM.Collect$$$$0000000A  mc_w.l(entry8b.o)
    0x0001c408   0x00000008   Code   RO         2397    .ARM.Collect$$$$0000000B  mc_w.l(entry9a.o)
    0x0001c410   0x00000000   Code   RO         2399    .ARM.Collect$$$$0000000D  mc_w.l(entry10a.o)
    0x0001c410   0x00000000   Code   RO         2401    .ARM.Collect$$$$0000000F  mc_w.l(entry11a.o)
    0x0001c410   0x00000004   Code   RO         2390    .ARM.Collect$$$$00002712  mc_w.l(entry2.o)
    0x0001c414   0x00000076   Code   RO         1455    .emb_text           app_timer.o
    0x0001c48a   0x00000002   PAD
    0x0001c48c   0x00000024   Code   RO         2075    .text               arm_startup_nrf52.o
    0x0001c4b0   0x00000024   Code   RO         2118    .text               mc_w.l(memcpya.o)
    0x0001c4d4   0x00000024   Code   RO         2120    .text               mc_w.l(memseta.o)
    0x0001c4f8   0x0000002c   Code   RO         2403    .text               mc_w.l(uidiv.o)
    0x0001c524   0x00000062   Code   RO         2405    .text               mc_w.l(uldiv.o)
    0x0001c586   0x00000000   Code   RO         2407    .text               mc_w.l(iusefp.o)
    0x0001c586   0x0000014e   Code   RO         2408    .text               mf_w.l(dadd.o)
    0x0001c6d4   0x000000e4   Code   RO         2410    .text               mf_w.l(dmul.o)
    0x0001c7b8   0x000000de   Code   RO         2412    .text               mf_w.l(ddiv.o)
    0x0001c896   0x00000030   Code   RO         2414    .text               mf_w.l(dfixul.o)
    0x0001c8c6   0x00000002   PAD
    0x0001c8c8   0x00000030   Code   RO         2416    .text               mf_w.l(cdrcmple.o)
    0x0001c8f8   0x00000024   Code   RO         2418    .text               mc_w.l(init.o)
    0x0001c91c   0x0000001e   Code   RO         2420    .text               mc_w.l(llshl.o)
    0x0001c93a   0x00000020   Code   RO         2422    .text               mc_w.l(llushr.o)
    0x0001c95a   0x00000024   Code   RO         2424    .text               mc_w.l(llsshr.o)
    0x0001c97e   0x000000ba   Code   RO         2426    .text               mf_w.l(depilogue.o)
    0x0001ca38   0x0000005e   Code   RO         2436    .text               mc_w.l(__dclz77c.o)
    0x0001ca96   0x00000002   PAD
    0x0001ca98   0x00000148   Code   RO          852    i.GPIOTE_IRQHandler  nrf_drv_gpiote.o
    0x0001cbe0   0x00000016   Code   RO         1456    i.NVIC_ClearPendingIRQ  app_timer.o
    0x0001cbf6   0x00000016   Code   RO         1457    i.NVIC_EnableIRQ    app_timer.o
    0x0001cc0c   0x00000016   Code   RO         1458    i.NVIC_SetPendingIRQ  app_timer.o
    0x0001cc22   0x00000020   Code   RO         1459    i.NVIC_SetPriority  app_timer.o
    0x0001cc42   0x00000002   PAD
    0x0001cc44   0x00000024   Code   RO         1460    i.RTC1_IRQHandler   app_timer.o
    0x0001cc68   0x00000004   Code   RO         1461    i.SWI0_EGU0_IRQHandler  app_timer.o
    0x0001cc6c   0x00000024   Code   RO         1971    i.SWI2_EGU2_IRQHandler  softdevice_handler.o
    0x0001cc90   0x0000026c   Code   RO         2083    i.SystemInit        system_nrf52.o
    0x0001cefc   0x00000014   Code   RO         1051    i.UARTE0_UART0_IRQHandler  nrf_drv_uart.o
    0x0001cf10   0x00000020   Code   RO         2361    i.__0printf         mc_w.l(printfa.o)
    0x0001cf30   0x0000000e   Code   RO         2430    i.__scatterload_copy  mc_w.l(handlers.o)
    0x0001cf3e   0x00000002   Code   RO         2431    i.__scatterload_null  mc_w.l(handlers.o)
    0x0001cf40   0x0000000e   Code   RO         2432    i.__scatterload_zeroinit  mc_w.l(handlers.o)
    0x0001cf4e   0x00000002   PAD
    0x0001cf50   0x00000164   Code   RO         2368    i._fp_digits        mc_w.l(printfa.o)
    0x0001d0b4   0x000006dc   Code   RO         2369    i._printf_core      mc_w.l(printfa.o)
    0x0001d790   0x00000024   Code   RO         2370    i._printf_post_padding  mc_w.l(printfa.o)
    0x0001d7b4   0x0000002e   Code   RO         2371    i._printf_pre_padding  mc_w.l(printfa.o)
    0x0001d7e2   0x00000202   Code   RO          417    i.adv_data_encode   ble_advdata.o
    0x0001d9e4   0x00000044   Code   RO            4    i.advertising_start  main.o
    0x0001da28   0x00000030   Code   RO         1252    i.app_button_disable  app_button.o
    0x0001da58   0x00000024   Code   RO         1253    i.app_button_enable  app_button.o
    0x0001da7c   0x00000070   Code   RO         1254    i.app_button_init   app_button.o
    0x0001daec   0x00000024   Code   RO         1354    i.app_error_fault_handler  app_error_weak.o
    0x0001db10   0x00000016   Code   RO         1315    i.app_error_handler_bare  app_error.o
    0x0001db26   0x00000016   Code   RO         1383    i.app_fifo_get      app_fifo.o
    0x0001db3c   0x00000020   Code   RO         1384    i.app_fifo_init     app_fifo.o
    0x0001db5c   0x0000001a   Code   RO         1386    i.app_fifo_put      app_fifo.o
    0x0001db76   0x00000002   PAD
    0x0001db78   0x00000024   Code   RO         1464    i.app_timer_create  app_timer.o
    0x0001db9c   0x00000090   Code   RO         1465    i.app_timer_init    app_timer.o
    0x0001dc2c   0x00000080   Code   RO         1466    i.app_timer_start   app_timer.o
    0x0001dcac   0x00000050   Code   RO         1467    i.app_timer_stop    app_timer.o
    0x0001dcfc   0x000000a4   Code   RO          698    i.app_uart_init     app_uart_fifo.o
    0x0001dda0   0x00000034   Code   RO          699    i.app_uart_put      app_uart_fifo.o
    0x0001ddd4   0x00000078   Code   RO         1052    i.apply_config      nrf_drv_uart.o
    0x0001de4c   0x00000068   Code   RO          418    i.ble_advdata_set   ble_advdata.o
    0x0001deb4   0x00000058   Code   RO          524    i.ble_conn_params_init  ble_conn_params.o
    0x0001df0c   0x00000084   Code   RO          525    i.ble_conn_params_on_ble_evt  ble_conn_params.o
    0x0001df90   0x0000005e   Code   RO          419    i.ble_device_addr_encode  ble_advdata.o
    0x0001dfee   0x00000002   PAD
    0x0001dff0   0x00000020   Code   RO            6    i.ble_evt_dispatch  main.o
    0x0001e010   0x0000005c   Code   RO          598    i.ble_lbs_init      ble_lbs.o
    0x0001e06c   0x00000034   Code   RO          599    i.ble_lbs_on_ble_evt  ble_lbs.o
    0x0001e0a0   0x00000030   Code   RO          600    i.ble_lbs_on_button_change  ble_lbs.o
    0x0001e0d0   0x0000007c   Code   RO            7    i.ble_stack_init    main.o
    0x0001e14c   0x000000d2   Code   RO          601    i.button_char_add   ble_lbs.o
    0x0001e21e   0x00000002   PAD
    0x0001e220   0x0000002c   Code   RO            8    i.button_event_handler  main.o
    0x0001e24c   0x0000001c   Code   RO          853    i.channel_free      nrf_drv_gpiote.o
    0x0001e268   0x00000048   Code   RO          854    i.channel_port_alloc  nrf_drv_gpiote.o
    0x0001e2b0   0x00000010   Code   RO          855    i.channel_port_get  nrf_drv_gpiote.o
    0x0001e2c0   0x000000ac   Code   RO         1469    i.compare_reg_update  app_timer.o
    0x0001e36c   0x00000088   Code   RO          420    i.conn_int_encode   ble_advdata.o
    0x0001e3f4   0x00000004   Code   RO            9    i.conn_params_error_handler  main.o
    0x0001e3f8   0x0000005c   Code   RO          527    i.conn_params_negotiation  ble_conn_params.o
    0x0001e454   0x00000060   Code   RO         1256    i.detection_delay_timeout_handler  app_button.o
    0x0001e4b4   0x00000040   Code   RO         1470    i.elapsed_ticks_acquire  app_timer.o
    0x0001e4f4   0x00000014   Code   RO         1389    i.fifo_get          app_fifo.o
    0x0001e508   0x00000012   Code   RO         1390    i.fifo_put          app_fifo.o
    0x0001e51a   0x0000000e   Code   RO         1787    i.fputc             retarget.o
    0x0001e528   0x00000058   Code   RO         1257    i.gpiote_event_handler  app_button.o
    0x0001e580   0x00000070   Code   RO         1972    i.intern_softdevice_events_execute  softdevice_handler.o
    0x0001e5f0   0x0000001c   Code   RO          528    i.is_conn_params_ok  ble_conn_params.o
    0x0001e60c   0x00000054   Code   RO          421    i.le_role_encode    ble_advdata.o
    0x0001e660   0x0000009e   Code   RO          602    i.led_char_add      ble_lbs.o
    0x0001e6fe   0x00000002   PAD
    0x0001e700   0x00000094   Code   RO           10    i.led_write_handler  main.o
    0x0001e794   0x000000bc   Code   RO         1471    i.list_deletions_handler  app_timer.o
    0x0001e850   0x000000cc   Code   RO         1472    i.list_insertions_handler  app_timer.o
    0x0001e91c   0x000001c0   Code   RO           11    i.main              main.o
    0x0001eadc   0x00000064   Code   RO          422    i.manuf_specific_data_encode  ble_advdata.o
    0x0001eb40   0x0000009c   Code   RO          423    i.name_encode       ble_advdata.o
    0x0001ebdc   0x00000038   Code   RO          814    i.nrf_drv_common_irq_enable  nrf_drv_common.o
    0x0001ec14   0x00000048   Code   RO          857    i.nrf_drv_gpiote_in_event_disable  nrf_drv_gpiote.o
    0x0001ec5c   0x000000a4   Code   RO          858    i.nrf_drv_gpiote_in_event_enable  nrf_drv_gpiote.o
    0x0001ed00   0x000000b8   Code   RO          859    i.nrf_drv_gpiote_in_init  nrf_drv_gpiote.o
    0x0001edb8   0x00000014   Code   RO          860    i.nrf_drv_gpiote_in_is_set  nrf_drv_gpiote.o
    0x0001edcc   0x00000054   Code   RO          862    i.nrf_drv_gpiote_init  nrf_drv_gpiote.o
    0x0001ee20   0x00000014   Code   RO          863    i.nrf_drv_gpiote_is_init  nrf_drv_gpiote.o
    0x0001ee34   0x00000094   Code   RO         1054    i.nrf_drv_uart_init  nrf_drv_uart.o
    0x0001eec8   0x0000008c   Code   RO         1055    i.nrf_drv_uart_rx   nrf_drv_uart.o
    0x0001ef54   0x00000020   Code   RO         1058    i.nrf_drv_uart_rx_enable  nrf_drv_uart.o
    0x0001ef74   0x0000009c   Code   RO         1059    i.nrf_drv_uart_rx_for_uart  nrf_drv_uart.o
    0x0001f010   0x00000090   Code   RO         1060    i.nrf_drv_uart_rx_for_uarte  nrf_drv_uart.o
    0x0001f0a0   0x00000090   Code   RO         1061    i.nrf_drv_uart_tx   nrf_drv_uart.o
    0x0001f130   0x00000080   Code   RO         1063    i.nrf_drv_uart_tx_for_uart  nrf_drv_uart.o
    0x0001f1b0   0x00000010   Code   RO         1064    i.nrf_drv_uart_tx_in_progress  nrf_drv_uart.o
    0x0001f1c0   0x00000022   Code   RO          875    i.nrf_gpio_cfg      nrf_drv_gpiote.o
    0x0001f1e2   0x00000022   Code   RO         1066    i.nrf_gpio_cfg      nrf_drv_uart.o
    0x0001f204   0x00000012   Code   RO         1068    i.nrf_gpio_cfg_input  nrf_drv_uart.o
    0x0001f216   0x0000000e   Code   RO           12    i.nrf_gpio_cfg_output  main.o
    0x0001f224   0x00000014   Code   RO         1069    i.nrf_gpio_cfg_output  nrf_drv_uart.o
    0x0001f238   0x0000001c   Code   RO          877    i.nrf_gpio_cfg_sense_set  nrf_drv_gpiote.o
    0x0001f254   0x00000020   Code   RO           13    i.nrf_gpio_pin_toggle  main.o
    0x0001f274   0x00000014   Code   RO          878    i.nrf_gpiote_event_clear  nrf_drv_gpiote.o
    0x0001f288   0x00000010   Code   RO          879    i.nrf_gpiote_event_is_set  nrf_drv_gpiote.o
    0x0001f298   0x0000000a   Code   RO         1070    i.nrf_uart_event_check  nrf_drv_uart.o
    0x0001f2a2   0x0000000c   Code   RO         1071    i.nrf_uart_int_enable_check  nrf_drv_uart.o
    0x0001f2ae   0x0000000a   Code   RO         1072    i.nrf_uarte_event_check  nrf_drv_uart.o
    0x0001f2b8   0x00000080   Code   RO           14    i.on_ble_evt        main.o
    0x0001f338   0x0000001c   Code   RO           15    i.on_conn_params_evt  main.o
    0x0001f354   0x00000018   Code   RO          880    i.pin_in_use_by_port  nrf_drv_gpiote.o
    0x0001f36c   0x00000018   Code   RO          881    i.pin_in_use_by_te  nrf_drv_gpiote.o
    0x0001f384   0x000000b0   Code   RO           16    i.playPling         main.o
    0x0001f434   0x00000040   Code   RO           17    i.playPwm           main.o
    0x0001f474   0x000000cc   Code   RO           18    i.pwmConfig         main.o
    0x0001f540   0x0000003c   Code   RO         1473    i.rtc1_stop         app_timer.o
    0x0001f57c   0x00000030   Code   RO         1074    i.rx_byte           nrf_drv_uart.o
    0x0001f5ac   0x00000020   Code   RO         1075    i.rx_done_event     nrf_drv_uart.o
    0x0001f5cc   0x00000018   Code   RO         1076    i.rx_enable         nrf_drv_uart.o
    0x0001f5e4   0x00000010   Code   RO         1973    i.sd_check_ram_start  softdevice_handler.o
    0x0001f5f4   0x00000088   Code   RO         1974    i.sd_nvic_EnableIRQ  softdevice_handler.o
    0x0001f67c   0x00000088   Code   RO          424    i.service_data_encode  ble_advdata.o
    0x0001f704   0x00000014   Code   RO         1975    i.softdevice_ble_evt_handler_set  softdevice_handler.o
    0x0001f718   0x00000014   Code   RO         1976    i.softdevice_enable  softdevice_handler.o
    0x0001f72c   0x00000026   Code   RO         1977    i.softdevice_enable_get_default_config  softdevice_handler.o
    0x0001f752   0x00000004   Code   RO         1978    i.softdevice_fault_handler  softdevice_handler.o
    0x0001f756   0x00000002   PAD
    0x0001f758   0x00000034   Code   RO         1979    i.softdevice_handler_init  softdevice_handler.o
    0x0001f78c   0x0000008c   Code   RO         1474    i.timer_list_handler  app_timer.o
    0x0001f818   0x0000003c   Code   RO         1475    i.timer_list_insert  app_timer.o
    0x0001f854   0x00000084   Code   RO         1476    i.timer_timeouts_check  app_timer.o
    0x0001f8d8   0x00000024   Code   RO         1077    i.tx_byte           nrf_drv_uart.o
    0x0001f8fc   0x00000024   Code   RO         1078    i.tx_done_event     nrf_drv_uart.o
    0x0001f920   0x00000002   Code   RO           19    i.uart_event_handler  main.o
    0x0001f922   0x00000002   PAD
    0x0001f924   0x000000a8   Code   RO          700    i.uart_event_handler  app_uart_fifo.o
    0x0001f9cc   0x00000108   Code   RO         1079    i.uart_irq_handler  nrf_drv_uart.o
    0x0001fad4   0x000000d8   Code   RO         1080    i.uarte_irq_handler  nrf_drv_uart.o
    0x0001fbac   0x0000000a   Code   RO          425    i.uint16_encode     ble_advdata.o
    0x0001fbb6   0x00000002   PAD
    0x0001fbb8   0x00000060   Code   RO          529    i.update_timeout_handler  ble_conn_params.o
    0x0001fc18   0x0000003e   Code   RO         1477    i.user_id_get       app_timer.o
    0x0001fc56   0x00000028   Code   RO         1478    i.user_op_alloc     app_timer.o
    0x0001fc7e   0x00000030   Code   RO          426    i.uuid_list_encode  ble_advdata.o
    0x0001fcae   0x0000009e   Code   RO          427    i.uuid_list_sized_encode  ble_advdata.o
    0x0001fd4c   0x00000014   Data   RO           21    .constdata          main.o
    0x0001fd60   0x00000004   Data   RO          532    .constdata          ble_conn_params.o
    0x0001fd64   0x00000010   Data   RO          603    .constdata          ble_lbs.o
    0x0001fd74   0x00000020   Data   RO          702    .constdata          app_uart_fifo.o
    0x0001fd94   0x00000020   Data   RO         1082    .constdata          nrf_drv_uart.o
    0x0001fdb4   0x00000008   Data   RO         1259    .constdata          app_button.o
    0x0001fdbc   0x00000020   Data   RO         2428    Region$$Table       anon$$obj.o


    Execution Region RW_IRAM1 (Base: 0x20002080, Size: 0x00006328, Max: 0x0000df80, ABSOLUTE, COMPRESSED[0x000028dc])

    Base Addr    Size         Type   Attr      Idx    E Section Name        Object

    0x20002080   0x00003e8c   Data   RW           22    .data               main.o
    0x20005f0c   0x00000014   Data   RW          533    .data               ble_conn_params.o
    0x20005f20   0x00000008   Data   RW          703    .data               app_uart_fifo.o
    0x20005f28   0x00000014   Data   RW         1260    .data               app_button.o
    0x20005f3c   0x00000020   Data   RW         1479    .data               app_timer.o
    0x20005f5c   0x00000004   Data   RW         1788    .data               retarget.o
    0x20005f60   0x00000014   Data   RW         1984    .data               softdevice_handler.o
    0x20005f74   0x00000004   Data   RW         2084    .data               system_nrf52.o
    0x20005f78   0x0000032c   Zero   RW           20    .bss                main.o
    0x200062a4   0x00000020   Zero   RW          530    .bss                ble_conn_params.o
    0x200062c4   0x0000001c   Zero   RW          531    .bss                ble_conn_params.o
    0x200062e0   0x00000020   Zero   RW          701    .bss                app_uart_fifo.o
    0x20006300   0x00000058   Zero   RW          882    .bss                nrf_drv_gpiote.o
    0x20006358   0x00000020   Zero   RW         1081    .bss                nrf_drv_uart.o
    0x20006378   0x00000020   Zero   RW         1258    .bss                app_button.o
    0x20006398   0x0000000c   Zero   RW         1983    .bss                softdevice_handler.o
    0x200063a4   0x00000004   PAD
    0x200063a8   0x00002000   Zero   RW         2072    STACK               arm_startup_nrf52.o


==============================================================================

Image component sizes


      Code (inc. data)   RO Data    RW Data    ZI Data      Debug   Object Name

       380         44          8         20         32      10551   app_button.o
        22          0          0          0          0       2221   app_error.o
        36         10          0          0          0      27337   app_error_weak.o
       118          0          0          0          0       4370   app_fifo.o
      1766         94          0         32          0      58515   app_timer.o
       384         34         32          8         32       9675   app_uart_fifo.o
        36          8       1024          0       8192        912   arm_startup_nrf52.o
      1540          0          0          0          0      34516   ble_advdata.o
       436         54          4         20         60      13608   ble_conn_params.o
       560          4         16          0          0       6191   ble_lbs.o
         0          0          0          0          0       4068   bsp.o
      1516        216         20      16012        812     111827   main.o
        56          0          0          0          0      28835   nrf_drv_common.o
      1134         98          0          0         88      25038   nrf_drv_gpiote.o
      1808        150         32          0         32      35957   nrf_drv_uart.o
        14          0          0          4          0       2802   retarget.o
       434         46          0         20         12      39972   softdevice_handler.o
       620         54          0          4          0       2555   system_nrf52.o

    ----------------------------------------------------------------------
     10878        812       1168      16120       9264     418950   Object Totals
         0          0         32          0          0          0   (incl. Generated)
        18          0          0          0          4          0   (incl. Padding)

    ----------------------------------------------------------------------

      Code (inc. data)   RO Data    RW Data    ZI Data      Debug   Library Member Name

        94          0          0          0          0          0   __dclz77c.o
         0          0          0          0          0          0   entry.o
         0          0          0          0          0          0   entry10a.o
         0          0          0          0          0          0   entry11a.o
         8          4          0          0          0          0   entry2.o
         4          0          0          0          0          0   entry5.o
         0          0          0          0          0          0   entry7b.o
         0          0          0          0          0          0   entry8b.o
         8          4          0          0          0          0   entry9a.o
        30          0          0          0          0          0   handlers.o
        36          8          0          0          0         68   init.o
         0          0          0          0          0          0   iusefp.o
        30          0          0          0          0         68   llshl.o
        36          0          0          0          0         68   llsshr.o
        32          0          0          0          0         68   llushr.o
        36          0          0          0          0         68   memcpya.o
        36          0          0          0          0        108   memseta.o
      2226         90          0          0          0        444   printfa.o
        44          0          0          0          0         80   uidiv.o
        98          0          0          0          0         92   uldiv.o
        48          0          0          0          0         68   cdrcmple.o
       334          0          0          0          0        148   dadd.o
       222          0          0          0          0        100   ddiv.o
       186          0          0          0          0        176   depilogue.o
        48          0          0          0          0         68   dfixul.o
       228          0          0          0          0         96   dmul.o

    ----------------------------------------------------------------------
      3790        106          0          0          0       1720   Library Totals
         6          0          0          0          0          0   (incl. Padding)

    ----------------------------------------------------------------------

      Code (inc. data)   RO Data    RW Data    ZI Data      Debug   Library Name

      2718        106          0          0          0       1064   mc_w.l
      1066          0          0          0          0        656   mf_w.l

    ----------------------------------------------------------------------
      3790        106          0          0          0       1720   Library Totals

    ----------------------------------------------------------------------

==============================================================================


      Code (inc. data)   RO Data    RW Data    ZI Data      Debug   

     14668        918       1168      16120       9264     408370   Grand Totals
     14668        918       1168      10460       9264     408370   ELF Image Totals (compressed)
     14668        918       1168      10460          0          0   ROM Totals

==============================================================================

    Total RO  Size (Code + RO Data)                15836 (  15.46kB)
    Total RW  Size (RW Data + ZI Data)             25384 (  24.79kB)
    Total ROM Size (Code + RO Data + RW Data)      26296 (  25.68kB)

==============================================================================

