Component: ARM Compiler 5.05 update 1 (build 106) Tool: armlink [4d0efa]

==============================================================================

Section Cross References

    main.o(i.GPIOTE_IRQHandlerMine) refers to main.o(i.nrf_gpio_pin_toggle) for nrf_gpio_pin_toggle
    main.o(i.PWM0_IRQHandler) refers to main.o(i.nrf_gpio_pin_toggle) for nrf_gpio_pin_toggle
    main.o(i.PWM0_IRQHandler) refers to main.o(.data) for frequency
    main.o(i.advertising_init) refers to memseta.o(.text) for __aeabi_memclr4
    main.o(i.advertising_init) refers to ble_advdata.o(i.ble_advdata_set) for ble_advdata_set
    main.o(i.advertising_init) refers to app_error.o(i.app_error_handler_bare) for app_error_handler_bare
    main.o(i.advertising_init) refers to main.o(.constdata) for .constdata
    main.o(i.advertising_init) refers to main.o(.bss) for m_lbs
    main.o(i.advertising_start) refers to memseta.o(.text) for __aeabi_memclr4
    main.o(i.advertising_start) refers to app_error.o(i.app_error_handler_bare) for app_error_handler_bare
    main.o(i.ble_evt_dispatch) refers to main.o(i.on_ble_evt) for on_ble_evt
    main.o(i.ble_evt_dispatch) refers to ble_conn_params.o(i.ble_conn_params_on_ble_evt) for ble_conn_params_on_ble_evt
    main.o(i.ble_evt_dispatch) refers to ble_lbs.o(i.ble_lbs_on_ble_evt) for ble_lbs_on_ble_evt
    main.o(i.ble_evt_dispatch) refers to main.o(.bss) for m_lbs
    main.o(i.ble_leds_init) refers to main.o(i.nrf_gpio_cfg_output) for nrf_gpio_cfg_output
    main.o(i.ble_stack_init) refers to softdevice_handler.o(i.softdevice_handler_init) for softdevice_handler_init
    main.o(i.ble_stack_init) refers to app_error.o(i.app_error_handler_bare) for app_error_handler_bare
    main.o(i.ble_stack_init) refers to softdevice_handler.o(i.softdevice_enable_get_default_config) for softdevice_enable_get_default_config
    main.o(i.ble_stack_init) refers to softdevice_handler.o(i.sd_check_ram_start) for sd_check_ram_start
    main.o(i.ble_stack_init) refers to softdevice_handler.o(i.softdevice_enable) for softdevice_enable
    main.o(i.ble_stack_init) refers to softdevice_handler.o(i.softdevice_ble_evt_handler_set) for softdevice_ble_evt_handler_set
    main.o(i.ble_stack_init) refers to main.o(.constdata) for .constdata
    main.o(i.ble_stack_init) refers to main.o(.bss) for BLE_EVT_BUFFER
    main.o(i.ble_stack_init) refers to main.o(i.ble_evt_dispatch) for ble_evt_dispatch
    main.o(i.button_setup) refers to main.o(i.nrf_gpio_cfg) for nrf_gpio_cfg
    main.o(i.cfg_pwm) refers to main.o(i.cfg_pwm0) for cfg_pwm0
    main.o(i.cfg_pwm) refers to main.o(i.cfg_pwm1) for cfg_pwm1
    main.o(i.cfg_pwm1) refers to main.o(.bss) for buffer0
    main.o(i.conn_params_error_handler) refers to app_error.o(i.app_error_handler_bare) for app_error_handler_bare
    main.o(i.conn_params_init) refers to memseta.o(.text) for __aeabi_memclr4
    main.o(i.conn_params_init) refers to ble_conn_params.o(i.ble_conn_params_init) for ble_conn_params_init
    main.o(i.conn_params_init) refers to app_error.o(i.app_error_handler_bare) for app_error_handler_bare
    main.o(i.conn_params_init) refers to main.o(i.on_conn_params_evt) for on_conn_params_evt
    main.o(i.conn_params_init) refers to main.o(i.conn_params_error_handler) for conn_params_error_handler
    main.o(i.gap_params_init) refers to app_error.o(i.app_error_handler_bare) for app_error_handler_bare
    main.o(i.init_uart) refers to app_uart_fifo.o(i.app_uart_init) for app_uart_init
    main.o(i.init_uart) refers to app_error.o(i.app_error_handler_bare) for app_error_handler_bare
    main.o(i.init_uart) refers to main.o(.constdata) for .constdata
    main.o(i.init_uart) refers to main.o(.data) for rx_buf
    main.o(i.init_uart) refers to main.o(.bss) for tx_buf
    main.o(i.init_uart) refers to main.o(i.uart_event_handler) for uart_event_handler
    main.o(i.led_write_handler) refers to printfa.o(i.__0printf) for __2printf
    main.o(i.led_write_handler) refers to main.o(i.nrf_gpio_pin_toggle) for nrf_gpio_pin_toggle
    main.o(i.led_write_handler) refers to main.o(i.playPwm) for playPwm
    main.o(i.led_write_handler) refers to main.o(i.playA1) for playA1
    main.o(i.main) refers to main.o(i.init_uart) for init_uart
    main.o(i.main) refers to main.o(i.ble_leds_init) for ble_leds_init
    main.o(i.main) refers to main.o(i.button_setup) for button_setup
    main.o(i.main) refers to main.o(i.timers_init) for timers_init
    main.o(i.main) refers to main.o(i.ble_stack_init) for ble_stack_init
    main.o(i.main) refers to main.o(i.gap_params_init) for gap_params_init
    main.o(i.main) refers to main.o(i.services_init) for services_init
    main.o(i.main) refers to main.o(i.advertising_init) for advertising_init
    main.o(i.main) refers to main.o(i.conn_params_init) for conn_params_init
    main.o(i.main) refers to main.o(i.advertising_start) for advertising_start
    main.o(i.main) refers to main.o(i.myCfg_LedsInit) for myCfg_LedsInit
[...]
    i.app_timer_init                         0x0001e650   Section        0  app_timer.o(i.app_timer_init)
    i.app_timer_start                        0x0001e708   Section        0  app_timer.o(i.app_timer_start)
    i.app_timer_stop                         0x0001e760   Section        0  app_timer.o(i.app_timer_stop)
    i.app_uart_init                          0x0001e794   Section        0  app_uart_fifo.o(i.app_uart_init)
    i.app_uart_put                           0x0001e860   Section        0  app_uart_fifo.o(i.app_uart_put)
    i.appearance_encode                      0x0001e898   Section        0  ble_advdata.o(i.appearance_encode)
    appearance_encode                        0x0001e899   Thumb Code    82  ble_advdata.o(i.appearance_encode)
    i.apply_config                           0x0001e8ec   Section        0  nrf_drv_uart.o(i.apply_config)
    apply_config                             0x0001e8ed   Thumb Code   174  nrf_drv_uart.o(i.apply_config)
    i.ble_advdata_set                        0x0001e9a8   Section        0  ble_advdata.o(i.ble_advdata_set)
    i.ble_conn_params_init                   0x0001ea3c   Section        0  ble_conn_params.o(i.ble_conn_params_init)
    i.ble_conn_params_on_ble_evt             0x0001eaac   Section        0  ble_conn_params.o(i.ble_conn_params_on_ble_evt)
    i.ble_device_addr_encode                 0x0001eaea   Section        0  ble_advdata.o(i.ble_device_addr_encode)
    ble_device_addr_encode                   0x0001eaeb   Thumb Code   116  ble_advdata.o(i.ble_device_addr_encode)
    i.ble_evt_dispatch                       0x0001eb60   Section        0  main.o(i.ble_evt_dispatch)
    ble_evt_dispatch                         0x0001eb61   Thumb Code    26  main.o(i.ble_evt_dispatch)
    i.ble_lbs_init                           0x0001eb80   Section        0  ble_lbs.o(i.ble_lbs_init)
    i.ble_lbs_on_ble_evt                     0x0001ec04   Section        0  ble_lbs.o(i.ble_lbs_on_ble_evt)
    i.ble_leds_init                          0x0001ec40   Section        0  main.o(i.ble_leds_init)
    ble_leds_init                            0x0001ec41   Thumb Code    52  main.o(i.ble_leds_init)
    i.ble_stack_init                         0x0001ec78   Section        0  main.o(i.ble_stack_init)
    ble_stack_init                           0x0001ec79   Thumb Code   214  main.o(i.ble_stack_init)
    i.button_char_add                        0x0001ed60   Section        0  ble_lbs.o(i.button_char_add)
    button_char_add                          0x0001ed61   Thumb Code   324  ble_lbs.o(i.button_char_add)
    i.button_setup                           0x0001eea4   Section        0  main.o(i.button_setup)
    button_setup                             0x0001eea5   Thumb Code    90  main.o(i.button_setup)
    i.cfg_pwm                                0x0001ef0c   Section        0  main.o(i.cfg_pwm)
    cfg_pwm                                  0x0001ef0d   Thumb Code    12  main.o(i.cfg_pwm)
    i.cfg_pwm0                               0x0001ef18   Section        0  main.o(i.cfg_pwm0)
    cfg_pwm0                                 0x0001ef19   Thumb Code    76  main.o(i.cfg_pwm0)
    i.cfg_pwm1                               0x0001ef70   Section        0  main.o(i.cfg_pwm1)
    cfg_pwm1                                 0x0001ef71   Thumb Code    90  main.o(i.cfg_pwm1)
    i.channel_handler_get                    0x0001efd8   Section        0  nrf_drv_gpiote.o(i.channel_handler_get)
    channel_handler_get                      0x0001efd9   Thumb Code    10  nrf_drv_gpiote.o(i.channel_handler_get)
    i.channel_port_get                       0x0001efe8   Section        0  nrf_drv_gpiote.o(i.channel_port_get)
    channel_port_get                         0x0001efe9   Thumb Code     8  nrf_drv_gpiote.o(i.channel_port_get)
    i.compare_reg_update                     0x0001eff4   Section        0  app_timer.o(i.compare_reg_update)
    compare_reg_update                       0x0001eff5   Thumb Code   132  app_timer.o(i.compare_reg_update)
    i.conn_int_check                         0x0001f084   Section        0  ble_advdata.o(i.conn_int_check)
    conn_int_check                           0x0001f085   Thumb Code    90  ble_advdata.o(i.conn_int_check)
    i.conn_int_encode                        0x0001f0de   Section        0  ble_advdata.o(i.conn_int_encode)
    conn_int_encode                          0x0001f0df   Thumb Code   104  ble_advdata.o(i.conn_int_encode)
    i.conn_params_error_handler              0x0001f146   Section        0  main.o(i.conn_params_error_handler)
    conn_params_error_handler                0x0001f147   Thumb Code    16  main.o(i.conn_params_error_handler)
    i.conn_params_init                       0x0001f158   Section        0  main.o(i.conn_params_init)
    conn_params_init                         0x0001f159   Thumb Code    80  main.o(i.conn_params_init)
    i.conn_params_negotiation                0x0001f1b0   Section        0  ble_conn_params.o(i.conn_params_negotiation)
    conn_params_negotiation                  0x0001f1b1   Thumb Code   112  ble_conn_params.o(i.conn_params_negotiation)
    i.elapsed_ticks_acquire                  0x0001f234   Section        0  app_timer.o(i.elapsed_ticks_acquire)
    elapsed_ticks_acquire                    0x0001f235   Thumb Code    82  app_timer.o(i.elapsed_ticks_acquire)
    i.errata_16                              0x0001f298   Section        0  system_nrf52.o(i.errata_16)
    errata_16                                0x0001f299   Thumb Code    42  system_nrf52.o(i.errata_16)
    i.errata_31                              0x0001f2c8   Section        0  system_nrf52.o(i.errata_31)
    errata_31                                0x0001f2c9   Thumb Code    78  system_nrf52.o(i.errata_31)
    i.errata_32                              0x0001f31c   Section        0  system_nrf52.o(i.errata_32)
    errata_32                                0x0001f31d   Thumb Code    42  system_nrf52.o(i.errata_32)
    i.errata_36                              0x0001f34c   Section        0  system_nrf52.o(i.errata_36)
    errata_36                                0x0001f34d   Thumb Code    78  system_nrf52.o(i.errata_36)
    i.errata_37                              0x0001f3a0   Section        0  system_nrf52.o(i.errata_37)
    errata_37                                0x0001f3a1   Thumb Code    42  system_nrf52.o(i.errata_37)
    i.errata_57                              0x0001f3d0   Section        0  system_nrf52.o(i.errata_57)
    errata_57                                0x0001f3d1   Thumb Code    42  system_nrf52.o(i.errata_57)
    i.errata_66                              0x0001f400   Section        0  system_nrf52.o(i.errata_66)
    errata_66                                0x0001f401   Thumb Code    42  system_nrf52.o(i.errata_66)
    i.expired_timers_handler                 0x0001f430   Section        0  app_timer.o(i.expired_timers_handler)
    expired_timers_handler                   0x0001f431   Thumb Code    84  app_timer.o(i.expired_timers_handler)
    i.fabs                                   0x0001f488   Section        0  fabs.o(i.fabs)
    i.fifo_get                               0x0001f4a0   Section        0  app_fifo.o(i.fifo_get)
    fifo_get                                 0x0001f4a1   Thumb Code    24  app_fifo.o(i.fifo_get)
    i.fifo_length                            0x0001f4b8   Section        0  app_uart_fifo.o(i.fifo_length)
    fifo_length                              0x0001f4b9   Thumb Code    10  app_uart_fifo.o(i.fifo_length)
    i.fifo_length                            0x0001f4c2   Section        0  app_fifo.o(i.fifo_length)
    fifo_length                              0x0001f4c3   Thumb Code    10  app_fifo.o(i.fifo_length)
    i.fifo_peek                              0x0001f4cc   Section        0  app_fifo.o(i.fifo_peek)
    fifo_peek                                0x0001f4cd   Thumb Code    18  app_fifo.o(i.fifo_peek)
    i.fifo_put                               0x0001f4de   Section        0  app_fifo.o(i.fifo_put)
    fifo_put                                 0x0001f4df   Thumb Code    18  app_fifo.o(i.fifo_put)
    i.flags_encode                           0x0001f4f0   Section        0  ble_advdata.o(i.flags_encode)
    flags_encode                             0x0001f4f1   Thumb Code    54  ble_advdata.o(i.flags_encode)
    i.fputc                                  0x0001f526   Section        0  retarget.o(i.fputc)
    i.gap_params_init                        0x0001f538   Section        0  main.o(i.gap_params_init)
    gap_params_init                          0x0001f539   Thumb Code   116  main.o(i.gap_params_init)
    i.init_uart                              0x0001f5c0   Section        0  main.o(i.init_uart)
    init_uart                                0x0001f5c1   Thumb Code    70  main.o(i.init_uart)
    i.intern_softdevice_events_execute       0x0001f618   Section        0  softdevice_handler.o(i.intern_softdevice_events_execute)
    i.is_conn_params_ok                      0x0001f6bc   Section        0  ble_conn_params.o(i.is_conn_params_ok)
    is_conn_params_ok                        0x0001f6bd   Thumb Code    30  ble_conn_params.o(i.is_conn_params_ok)
    i.le_role_encode                         0x0001f6e0   Section        0  ble_advdata.o(i.le_role_encode)
    le_role_encode                           0x0001f6e1   Thumb Code   106  ble_advdata.o(i.le_role_encode)
    i.led_char_add                           0x0001f74a   Section        0  ble_lbs.o(i.led_char_add)
    led_char_add                             0x0001f74b   Thumb Code   240  ble_lbs.o(i.led_char_add)
    i.led_write_handler                      0x0001f83c   Section        0  main.o(i.led_write_handler)
    led_write_handler                        0x0001f83d   Thumb Code   110  main.o(i.led_write_handler)
    i.list_deletions_handler                 0x0001f8c0   Section        0  app_timer.o(i.list_deletions_handler)
    list_deletions_handler                   0x0001f8c1   Thumb Code   140  app_timer.o(i.list_deletions_handler)
    i.list_insertions_handler                0x0001f958   Section        0  app_timer.o(i.list_insertions_handler)
    list_insertions_handler                  0x0001f959   Thumb Code   242  app_timer.o(i.list_insertions_handler)
    i.main                                   0x0001fa64   Section        0  main.o(i.main)
    i.makeSine                               0x0001faa0   Section        0  main.o(i.makeSine)
    i.manuf_specific_data_encode             0x0001fc48   Section        0  ble_advdata.o(i.manuf_specific_data_encode)
    manuf_specific_data_encode               0x0001fc49   Thumb Code   118  ble_advdata.o(i.manuf_specific_data_encode)
    i.myCfg_LedsInit                         0x0001fcc0   Section        0  main.o(i.myCfg_LedsInit)
    myCfg_LedsInit                           0x0001fcc1   Thumb Code    36  main.o(i.myCfg_LedsInit)
    i.name_encode                            0x0001fce8   Section        0  ble_advdata.o(i.name_encode)
    name_encode                              0x0001fce9   Thumb Code   194  ble_advdata.o(i.name_encode)
    i.nrf_drv_common_irq_enable              0x0001fdac   Section        0  nrf_drv_common.o(i.nrf_drv_common_irq_enable)
    i.nrf_drv_gpiote_in_event_disable        0x0001fe0c   Section        0  nrf_drv_gpiote.o(i.nrf_drv_gpiote_in_event_disable)
    i.nrf_drv_gpiote_in_event_enable         0x0001fe60   Section        0  nrf_drv_gpiote.o(i.nrf_drv_gpiote_in_event_enable)
    i.nrf_drv_uart_init                      0x0001ff18   Section        0  nrf_drv_uart.o(i.nrf_drv_uart_init)
    i.nrf_drv_uart_rx                        0x0001fffc   Section        0  nrf_drv_uart.o(i.nrf_drv_uart_rx)
    i.nrf_drv_uart_rx_enable                 0x000200ac   Section        0  nrf_drv_uart.o(i.nrf_drv_uart_rx_enable)
    i.nrf_drv_uart_rx_for_uart               0x000200cc   Section        0  nrf_drv_uart.o(i.nrf_drv_uart_rx_for_uart)
    nrf_drv_uart_rx_for_uart                 0x000200cd   Thumb Code   172  nrf_drv_uart.o(i.nrf_drv_uart_rx_for_uart)
    i.nrf_drv_uart_rx_for_uarte              0x00020180   Section        0  nrf_drv_uart.o(i.nrf_drv_uart_rx_for_uarte)
    nrf_drv_uart_rx_for_uarte                0x00020181   Thumb Code   168  nrf_drv_uart.o(i.nrf_drv_uart_rx_for_uarte)
    i.nrf_drv_uart_tx                        0x00020234   Section        0  nrf_drv_uart.o(i.nrf_drv_uart_tx)
    i.nrf_drv_uart_tx_for_uart               0x0002027c   Section        0  nrf_drv_uart.o(i.nrf_drv_uart_tx_for_uart)
    nrf_drv_uart_tx_for_uart                 0x0002027d   Thumb Code   132  nrf_drv_uart.o(i.nrf_drv_uart_tx_for_uart)
    i.nrf_drv_uart_tx_for_uarte              0x00020308   Section        0  nrf_drv_uart.o(i.nrf_drv_uart_tx_for_uarte)
    nrf_drv_uart_tx_for_uarte                0x00020309   Thumb Code   104  nrf_drv_uart.o(i.nrf_drv_uart_tx_for_uarte)
    i.nrf_drv_uart_tx_in_progress            0x00020378   Section        0  nrf_drv_uart.o(i.nrf_drv_uart_tx_in_progress)
    i.nrf_gpio_cfg                           0x0002038c   Section        0  main.o(i.nrf_gpio_cfg)
    nrf_gpio_cfg                             0x0002038d   Thumb Code    30  main.o(i.nrf_gpio_cfg)
    i.nrf_gpio_cfg                           0x000203b0   Section        0  nrf_drv_uart.o(i.nrf_gpio_cfg)
    nrf_gpio_cfg                             0x000203b1   Thumb Code    30  nrf_drv_uart.o(i.nrf_gpio_cfg)
    i.nrf_gpio_cfg_input                     0x000203d4   Section        0  nrf_drv_uart.o(i.nrf_gpio_cfg_input)
    nrf_gpio_cfg_input                       0x000203d5   Thumb Code    26  nrf_drv_uart.o(i.nrf_gpio_cfg_input)
    i.nrf_gpio_cfg_output                    0x000203ee   Section        0  main.o(i.nrf_gpio_cfg_output)
    nrf_gpio_cfg_output                      0x000203ef   Thumb Code    24  main.o(i.nrf_gpio_cfg_output)
    i.nrf_gpio_cfg_output                    0x00020406   Section        0  nrf_drv_uart.o(i.nrf_gpio_cfg_output)
    nrf_gpio_cfg_output                      0x00020407   Thumb Code    24  nrf_drv_uart.o(i.nrf_gpio_cfg_output)
    i.nrf_gpio_cfg_sense_set                 0x00020420   Section        0  nrf_drv_gpiote.o(i.nrf_gpio_cfg_sense_set)
    nrf_gpio_cfg_sense_set                   0x00020421   Thumb Code    32  nrf_drv_gpiote.o(i.nrf_gpio_cfg_sense_set)
    i.nrf_gpio_pin_set                       0x00020444   Section        0  nrf_drv_uart.o(i.nrf_gpio_pin_set)
    nrf_gpio_pin_set                         0x00020445   Thumb Code    10  nrf_drv_uart.o(i.nrf_gpio_pin_set)
    i.nrf_gpio_pin_toggle                    0x00020454   Section        0  main.o(i.nrf_gpio_pin_toggle)
    nrf_gpio_pin_toggle                      0x00020455   Thumb Code    36  main.o(i.nrf_gpio_pin_toggle)
    i.nrf_gpiote_event_addr_get              0x0002047c   Section        0  nrf_drv_gpiote.o(i.nrf_gpiote_event_addr_get)
    nrf_gpiote_event_addr_get                0x0002047d   Thumb Code     8  nrf_drv_gpiote.o(i.nrf_gpiote_event_addr_get)
    i.nrf_gpiote_event_clear                 0x00020488   Section        0  nrf_drv_gpiote.o(i.nrf_gpiote_event_clear)
    nrf_gpiote_event_clear                   0x00020489   Thumb Code    28  nrf_drv_gpiote.o(i.nrf_gpiote_event_clear)
    i.nrf_gpiote_event_is_set                0x000204a4   Section        0  nrf_drv_gpiote.o(i.nrf_gpiote_event_is_set)
    nrf_gpiote_event_is_set                  0x000204a5   Thumb Code    22  nrf_drv_gpiote.o(i.nrf_gpiote_event_is_set)
    i.nrf_gpiote_int_enable                  0x000204bc   Section        0  nrf_drv_gpiote.o(i.nrf_gpiote_int_enable)
    nrf_gpiote_int_enable                    0x000204bd   Thumb Code     6  nrf_drv_gpiote.o(i.nrf_gpiote_int_enable)
    i.nrf_uart_errorsrc_get_and_clear        0x000204c8   Section        0  nrf_drv_uart.o(i.nrf_uart_errorsrc_get_and_clear)
    nrf_uart_errorsrc_get_and_clear          0x000204c9   Thumb Code    12  nrf_drv_uart.o(i.nrf_uart_errorsrc_get_and_clear)
    i.nrf_uart_event_check                   0x000204d4   Section        0  nrf_drv_uart.o(i.nrf_uart_event_check)
    nrf_uart_event_check                     0x000204d5   Thumb Code    14  nrf_drv_uart.o(i.nrf_uart_event_check)
    i.nrf_uart_event_clear                   0x000204e2   Section        0  nrf_drv_uart.o(i.nrf_uart_event_clear)
    nrf_uart_event_clear                     0x000204e3   Thumb Code     6  nrf_drv_uart.o(i.nrf_uart_event_clear)
    i.nrf_uart_hwfc_pins_set                 0x000204e8   Section        0  nrf_drv_uart.o(i.nrf_uart_hwfc_pins_set)
    nrf_uart_hwfc_pins_set                   0x000204e9   Thumb Code    10  nrf_drv_uart.o(i.nrf_uart_hwfc_pins_set)
    i.nrf_uart_int_disable                   0x000204f2   Section        0  nrf_drv_uart.o(i.nrf_uart_int_disable)
    nrf_uart_int_disable                     0x000204f3   Thumb Code     6  nrf_drv_uart.o(i.nrf_uart_int_disable)
    i.nrf_uart_int_enable                    0x000204f8   Section        0  nrf_drv_uart.o(i.nrf_uart_int_enable)
    nrf_uart_int_enable                      0x000204f9   Thumb Code     6  nrf_drv_uart.o(i.nrf_uart_int_enable)
    i.nrf_uart_int_enable_check              0x000204fe   Section        0  nrf_drv_uart.o(i.nrf_uart_int_enable_check)
    nrf_uart_int_enable_check                0x000204ff   Thumb Code    18  nrf_drv_uart.o(i.nrf_uart_int_enable_check)
    i.nrf_uart_task_trigger                  0x00020510   Section        0  nrf_drv_uart.o(i.nrf_uart_task_trigger)
    nrf_uart_task_trigger                    0x00020511   Thumb Code     6  nrf_drv_uart.o(i.nrf_uart_task_trigger)
    i.nrf_uart_txrx_pins_set                 0x00020516   Section        0  nrf_drv_uart.o(i.nrf_uart_txrx_pins_set)
    nrf_uart_txrx_pins_set                   0x00020517   Thumb Code    10  nrf_drv_uart.o(i.nrf_uart_txrx_pins_set)
    i.nrf_uarte_errorsrc_get_and_clear       0x00020520   Section        0  nrf_drv_uart.o(i.nrf_uarte_errorsrc_get_and_clear)
    nrf_uarte_errorsrc_get_and_clear         0x00020521   Thumb Code    12  nrf_drv_uart.o(i.nrf_uarte_errorsrc_get_and_clear)
    i.nrf_uarte_event_check                  0x0002052c   Section        0  nrf_drv_uart.o(i.nrf_uarte_event_check)
    nrf_uarte_event_check                    0x0002052d   Thumb Code    14  nrf_drv_uart.o(i.nrf_uarte_event_check)
    i.nrf_uarte_event_clear                  0x0002053a   Section        0  nrf_drv_uart.o(i.nrf_uarte_event_clear)
    nrf_uarte_event_clear                    0x0002053b   Thumb Code     6  nrf_drv_uart.o(i.nrf_uarte_event_clear)
    i.nrf_uarte_hwfc_pins_set                0x00020540   Section        0  nrf_drv_uart.o(i.nrf_uarte_hwfc_pins_set)
    nrf_uarte_hwfc_pins_set                  0x00020541   Thumb Code    12  nrf_drv_uart.o(i.nrf_uarte_hwfc_pins_set)
    i.nrf_uarte_int_disable                  0x0002054c   Section        0  nrf_drv_uart.o(i.nrf_uarte_int_disable)
    nrf_uarte_int_disable                    0x0002054d   Thumb Code     6  nrf_drv_uart.o(i.nrf_uarte_int_disable)
    i.nrf_uarte_int_enable                   0x00020552   Section        0  nrf_drv_uart.o(i.nrf_uarte_int_enable)
    nrf_uarte_int_enable                     0x00020553   Thumb Code     6  nrf_drv_uart.o(i.nrf_uarte_int_enable)
    i.nrf_uarte_rx_amount_get                0x00020558   Section        0  nrf_drv_uart.o(i.nrf_uarte_rx_amount_get)
    nrf_uarte_rx_amount_get                  0x00020559   Thumb Code    10  nrf_drv_uart.o(i.nrf_uarte_rx_amount_get)
    i.nrf_uarte_task_trigger                 0x00020562   Section        0  nrf_drv_uart.o(i.nrf_uarte_task_trigger)
    nrf_uarte_task_trigger                   0x00020563   Thumb Code     6  nrf_drv_uart.o(i.nrf_uarte_task_trigger)
    i.nrf_uarte_txrx_pins_set                0x00020568   Section        0  nrf_drv_uart.o(i.nrf_uarte_txrx_pins_set)
    nrf_uarte_txrx_pins_set                  0x00020569   Thumb Code    14  nrf_drv_uart.o(i.nrf_uarte_txrx_pins_set)
    i.on_ble_evt                             0x00020578   Section        0  main.o(i.on_ble_evt)
    on_ble_evt                               0x00020579   Thumb Code   222  main.o(i.on_ble_evt)
    i.on_conn_params_evt                     0x00020660   Section        0  main.o(i.on_conn_params_evt)
    on_conn_params_evt                       0x00020661   Thumb Code    38  main.o(i.on_conn_params_evt)
    i.on_conn_params_update                  0x0002068c   Section        0  ble_conn_params.o(i.on_conn_params_update)
    on_conn_params_update                    0x0002068d   Thumb Code    20  ble_conn_params.o(i.on_conn_params_update)
    i.on_connect                             0x000206a4   Section        0  ble_conn_params.o(i.on_connect)
    on_connect                               0x000206a5   Thumb Code    38  ble_conn_params.o(i.on_connect)
    i.on_connect                             0x000206dc   Section        0  ble_lbs.o(i.on_connect)
    on_connect                               0x000206dd   Thumb Code     6  ble_lbs.o(i.on_connect)
    i.on_disconnect                          0x000206e4   Section        0  ble_conn_params.o(i.on_disconnect)
    on_disconnect                            0x000206e5   Thumb Code    46  ble_conn_params.o(i.on_disconnect)
    i.on_disconnect                          0x00020724   Section        0  ble_lbs.o(i.on_disconnect)
    on_disconnect                            0x00020725   Thumb Code     8  ble_lbs.o(i.on_disconnect)
    i.on_write                               0x0002072c   Section        0  ble_conn_params.o(i.on_write)
    on_write                                 0x0002072d   Thumb Code    78  ble_conn_params.o(i.on_write)
    i.on_write                               0x00020784   Section        0  ble_lbs.o(i.on_write)
    on_write                                 0x00020785   Thumb Code    36  ble_lbs.o(i.on_write)
    i.pin_in_use_by_port                     0x000207a8   Section        0  nrf_drv_gpiote.o(i.pin_in_use_by_port)
    pin_in_use_by_port                       0x000207a9   Thumb Code    18  nrf_drv_gpiote.o(i.pin_in_use_by_port)
    i.pin_in_use_by_te                       0x000207c0   Section        0  nrf_drv_gpiote.o(i.pin_in_use_by_te)
    pin_in_use_by_te                         0x000207c1   Thumb Code    26  nrf_drv_gpiote.o(i.pin_in_use_by_te)
    i.playA1                                 0x000207e0   Section        0  main.o(i.playA1)
    playA1                                   0x000207e1   Thumb Code    86  main.o(i.playA1)
    i.playPwm                                0x0002084c   Section        0  main.o(i.playPwm)
    playPwm                                  0x0002084d   Thumb Code    94  main.o(i.playPwm)
    i.power_manage                           0x000208b8   Section        0  main.o(i.power_manage)
    power_manage                             0x000208b9   Thumb Code    26  main.o(i.power_manage)
    i.prepare_for_pwm                        0x000208d2   Section        0  main.o(i.prepare_for_pwm)
    prepare_for_pwm                          0x000208d3   Thumb Code    16  main.o(i.prepare_for_pwm)
    i.rtc1_compare0_set                      0x000208e4   Section        0  app_timer.o(i.rtc1_compare0_set)
    rtc1_compare0_set                        0x000208e5   Thumb Code     6  app_timer.o(i.rtc1_compare0_set)
    i.rtc1_counter_get                       0x000208f0   Section        0  app_timer.o(i.rtc1_counter_get)
    rtc1_counter_get                         0x000208f1   Thumb Code     6  app_timer.o(i.rtc1_counter_get)
    i.rtc1_init                              0x000208fc   Section        0  app_timer.o(i.rtc1_init)
    rtc1_init                                0x000208fd   Thumb Code    18  app_timer.o(i.rtc1_init)
    i.rtc1_start                             0x00020914   Section        0  app_timer.o(i.rtc1_start)
    rtc1_start                               0x00020915   Thumb Code    48  app_timer.o(i.rtc1_start)
    i.rtc1_stop                              0x00020950   Section        0  app_timer.o(i.rtc1_stop)
    rtc1_stop                                0x00020951   Thumb Code    68  app_timer.o(i.rtc1_stop)
    i.rx_byte                                0x000209a8   Section        0  nrf_drv_uart.o(i.rx_byte)
    rx_byte                                  0x000209a9   Thumb Code    68  nrf_drv_uart.o(i.rx_byte)
    i.rx_done_event                          0x000209f8   Section        0  nrf_drv_uart.o(i.rx_done_event)
    rx_done_event                            0x000209f9   Thumb Code    30  nrf_drv_uart.o(i.rx_done_event)
    i.rx_enable                              0x00020a1c   Section        0  nrf_drv_uart.o(i.rx_enable)
    rx_enable                                0x00020a1d   Thumb Code    32  nrf_drv_uart.o(i.rx_enable)
    i.sd_check_ram_start                     0x00020a40   Section        0  softdevice_handler.o(i.sd_check_ram_start)
    i.sd_nvic_EnableIRQ                      0x00020a5c   Section        0  softdevice_handler.o(i.sd_nvic_EnableIRQ)
    sd_nvic_EnableIRQ                        0x00020a5d   Thumb Code   190  softdevice_handler.o(i.sd_nvic_EnableIRQ)
    i.sec_mgr_oob_flags_encode               0x00020b2c   Section        0  ble_advdata.o(i.sec_mgr_oob_flags_encode)
    sec_mgr_oob_flags_encode                 0x00020b2d   Thumb Code    54  ble_advdata.o(i.sec_mgr_oob_flags_encode)
    i.service_data_encode                    0x00020b62   Section        0  ble_advdata.o(i.service_data_encode)
    service_data_encode                      0x00020b63   Thumb Code   150  ble_advdata.o(i.service_data_encode)
    i.services_init                          0x00020bf8   Section        0  main.o(i.services_init)
    services_init                            0x00020bf9   Thumb Code    36  main.o(i.services_init)
    i.softdevice_ble_evt_handler_set         0x00020c24   Section        0  softdevice_handler.o(i.softdevice_ble_evt_handler_set)
    i.softdevice_enable                      0x00020c3c   Section        0  softdevice_handler.o(i.softdevice_enable)
    i.softdevice_enable_get_default_config   0x00020c58   Section        0  softdevice_handler.o(i.softdevice_enable_get_default_config)
    i.softdevice_fault_handler               0x00020c84   Section        0  softdevice_handler.o(i.softdevice_fault_handler)
    i.softdevice_handler_init                0x00020c98   Section        0  softdevice_handler.o(i.softdevice_handler_init)
    i.srdata_check                           0x00020cfc   Section        0  ble_advdata.o(i.srdata_check)
    srdata_check                             0x00020cfd   Thumb Code    14  ble_advdata.o(i.srdata_check)
    i.ticks_diff_get                         0x00020d0a   Section        0  app_timer.o(i.ticks_diff_get)
    ticks_diff_get                           0x00020d0b   Thumb Code    10  app_timer.o(i.ticks_diff_get)
    i.timeout_handler_exec                   0x00020d14   Section        0  app_timer.o(i.timeout_handler_exec)
    timeout_handler_exec                     0x00020d15   Thumb Code    50  app_timer.o(i.timeout_handler_exec)
    i.timer_list_handler                     0x00020d4c   Section        0  app_timer.o(i.timer_list_handler)
    timer_list_handler                       0x00020d4d   Thumb Code    72  app_timer.o(i.timer_list_handler)
    i.timer_list_handler_sched               0x00020da0   Section        0  app_timer.o(i.timer_list_handler_sched)
    timer_list_handler_sched                 0x00020da1   Thumb Code    10  app_timer.o(i.timer_list_handler_sched)
    i.timer_list_insert                      0x00020dac   Section        0  app_timer.o(i.timer_list_insert)
    timer_list_insert                        0x00020dad   Thumb Code    98  app_timer.o(i.timer_list_insert)
    i.timer_list_remove                      0x00020e14   Section        0  app_timer.o(i.timer_list_remove)
    timer_list_remove                        0x00020e15   Thumb Code    90  app_timer.o(i.timer_list_remove)
    i.timer_start_op_schedule                0x00020e80   Section        0  app_timer.o(i.timer_start_op_schedule)
    timer_start_op_schedule                  0x00020e81   Thumb Code    86  app_timer.o(i.timer_start_op_schedule)
    i.timer_stop_op_schedule                 0x00020edc   Section        0  app_timer.o(i.timer_stop_op_schedule)
    timer_stop_op_schedule                   0x00020edd   Thumb Code    58  app_timer.o(i.timer_stop_op_schedule)
    i.timer_timeouts_check                   0x00020f1c   Section        0  app_timer.o(i.timer_timeouts_check)
    timer_timeouts_check                     0x00020f1d   Thumb Code   130  app_timer.o(i.timer_timeouts_check)
    i.timer_timeouts_check_sched             0x00020fb4   Section        0  app_timer.o(i.timer_timeouts_check_sched)
    timer_timeouts_check_sched               0x00020fb5   Thumb Code    10  app_timer.o(i.timer_timeouts_check_sched)
    i.timers_init                            0x00020fc0   Section        0  main.o(i.timers_init)
    timers_init                              0x00020fc1   Thumb Code    40  main.o(i.timers_init)
    i.tk_value_encode                        0x00020fec   Section        0  ble_advdata.o(i.tk_value_encode)
    tk_value_encode                          0x00020fed   Thumb Code    70  ble_advdata.o(i.tk_value_encode)
    i.tx_byte                                0x00021034   Section        0  nrf_drv_uart.o(i.tx_byte)
    tx_byte                                  0x00021035   Thumb Code    42  nrf_drv_uart.o(i.tx_byte)
    i.tx_done_event                          0x0002106c   Section        0  nrf_drv_uart.o(i.tx_done_event)
    tx_done_event                            0x0002106d   Thumb Code    38  nrf_drv_uart.o(i.tx_done_event)
    i.tx_power_level_encode                  0x00021098   Section        0  ble_advdata.o(i.tx_power_level_encode)
    tx_power_level_encode                    0x00021099   Thumb Code    54  ble_advdata.o(i.tx_power_level_encode)
    i.uart_event_handler                     0x000210ce   Section        0  main.o(i.uart_event_handler)
    uart_event_handler                       0x000210cf   Thumb Code     2  main.o(i.uart_event_handler)
    i.uart_event_handler                     0x000210d0   Section        0  app_uart_fifo.o(i.uart_event_handler)
    uart_event_handler                       0x000210d1   Thumb Code   170  app_uart_fifo.o(i.uart_event_handler)
    i.uart_irq_handler                       0x00021190   Section        0  nrf_drv_uart.o(i.uart_irq_handler)
    uart_irq_handler                         0x00021191   Thumb Code   342  nrf_drv_uart.o(i.uart_irq_handler)
    i.uarte_irq_handler                      0x000212f0   Section        0  nrf_drv_uart.o(i.uarte_irq_handler)
    uarte_irq_handler                        0x000212f1   Thumb Code   286  nrf_drv_uart.o(i.uarte_irq_handler)
    i.uint16_encode                          0x0002141c   Section        0  ble_advdata.o(i.uint16_encode)
    uint16_encode                            0x0002141d   Thumb Code    12  ble_advdata.o(i.uint16_encode)
    i.update_timeout_handler                 0x00021428   Section        0  ble_conn_params.o(i.update_timeout_handler)
    update_timeout_handler                   0x00021429   Thumb Code   126  ble_conn_params.o(i.update_timeout_handler)
    i.user_id_get                            0x000214b8   Section        0  app_timer.o(i.user_id_get)
    user_id_get                              0x000214b9   Thumb Code    78  app_timer.o(i.user_id_get)
    i.user_op_alloc                          0x00021510   Section        0  app_timer.o(i.user_op_alloc)
    user_op_alloc                            0x00021511   Thumb Code    48  app_timer.o(i.user_op_alloc)
    i.user_op_enque                          0x00021540   Section        0  app_timer.o(i.user_op_enque)
    user_op_enque                            0x00021541   Thumb Code     4  app_timer.o(i.user_op_enque)
    i.uuid_list_encode                       0x00021544   Section        0  ble_advdata.o(i.uuid_list_encode)
    uuid_list_encode                         0x00021545   Thumb Code    78  ble_advdata.o(i.uuid_list_encode)
    i.uuid_list_sized_encode                 0x00021592   Section        0  ble_advdata.o(i.uuid_list_sized_encode)
    uuid_list_sized_encode                   0x00021593   Thumb Code   220  ble_advdata.o(i.uuid_list_sized_encode)
    .constdata                               0x00021670   Section       20  main.o(.constdata)
    .constdata                               0x00021684   Section        4  ble_conn_params.o(.constdata)
    m_conn_params_timer_id                   0x00021684   Data           4  ble_conn_params.o(.constdata)
    .constdata                               0x00021688   Section       16  ble_lbs.o(.constdata)
    .constdata                               0x00021698   Section       32  app_uart_fifo.o(.constdata)
    .constdata                               0x000216b8   Section       32  nrf_drv_uart.o(.constdata)
    m_default_config                         0x000216b8   Data          32  nrf_drv_uart.o(.constdata)
    .constdata                               0x000216d8   Section        8  app_button.o(.constdata)
    m_detection_delay_timer_id               0x000216d8   Data           4  app_button.o(.constdata)
    .constdata                               0x000216e0   Section       48  cos_i.o(.constdata)
    C                                        0x000216e0   Data          48  cos_i.o(.constdata)
    .constdata                               0x00021710   Section      200  rred.o(.constdata)
    pio2s                                    0x00021710   Data          48  rred.o(.constdata)
    twooverpi                                0x00021740   Data         152  rred.o(.constdata)
    .constdata                               0x000217d8   Section       40  sin_i.o(.constdata)
    S                                        0x000217d8   Data          40  sin_i.o(.constdata)
    .data                                    0x20002080   Section       17  main.o(.data)
    m_conn_handle                            0x20002080   Data           2  main.o(.data)
    rx_buf                                   0x20002090   Data           1  main.o(.data)
    .data                                    0x20002092   Section       21  ble_conn_params.o(.data)
    m_preferred_conn_params                  0x20002092   Data           8  ble_conn_params.o(.data)
    m_update_count                           0x2000209a   Data           1  ble_conn_params.o(.data)
    m_conn_handle                            0x2000209c   Data           2  ble_conn_params.o(.data)
    m_current_conn_params                    0x2000209e   Data           8  ble_conn_params.o(.data)
    m_change_param                           0x200020a6   Data           1  ble_conn_params.o(.data)
    .data                                    0x200020a8   Section        6  app_uart_fifo.o(.data)
    m_event_handler                          0x200020a8   Data           4  app_uart_fifo.o(.data)
    tx_buffer                                0x200020ac   Data           1  app_uart_fifo.o(.data)
    rx_buffer                                0x200020ad   Data           1  app_uart_fifo.o(.data)
    .data                                    0x200020b0   Section       34  app_timer.o(.data)
    m_user_array_size                        0x200020b0   Data           1  app_timer.o(.data)
    mp_users                                 0x200020b4   Data           4  app_timer.o(.data)
    mp_timer_id_head                         0x200020b8   Data           4  app_timer.o(.data)
    m_ticks_latest                           0x200020bc   Data           4  app_timer.o(.data)
    m_ticks_elapsed                          0x200020c0   Data           8  app_timer.o(.data)
    m_ticks_elapsed_q_read_ind               0x200020c8   Data           1  app_timer.o(.data)
    m_ticks_elapsed_q_write_ind              0x200020c9   Data           1  app_timer.o(.data)
    m_evt_schedule_func                      0x200020cc   Data           4  app_timer.o(.data)
    m_rtc1_running                           0x200020d0   Data           1  app_timer.o(.data)
    m_rtc1_reset                             0x200020d1   Data           1  app_timer.o(.data)
    .data                                    0x200020d4   Section        8  retarget.o(.data)
    .data                                    0x200020dc   Section       20  app_button.o(.data)
    mp_buttons                               0x200020dc   Data           4  app_button.o(.data)
    m_button_count                           0x200020e0   Data           1  app_button.o(.data)
    m_detection_delay                        0x200020e4   Data           4  app_button.o(.data)
    m_pin_state                              0x200020e8   Data           4  app_button.o(.data)
    m_pin_transition                         0x200020ec   Data           4  app_button.o(.data)
    .data                                    0x200020f0   Section       24  softdevice_handler.o(.data)
    m_evt_schedule_func                      0x200020f0   Data           4  softdevice_handler.o(.data)
    m_softdevice_enabled                     0x200020f4   Data           1  softdevice_handler.o(.data)
    mp_ble_evt_buffer                        0x200020f8   Data           4  softdevice_handler.o(.data)
    m_ble_evt_buffer_size                    0x200020fc   Data           2  softdevice_handler.o(.data)
    m_ble_evt_handler                        0x20002100   Data           4  softdevice_handler.o(.data)
    m_sys_evt_handler                        0x20002104   Data           4  softdevice_handler.o(.data)
    .data                                    0x20002108   Section        4  system_nrf52.o(.data)
    __tagsym$$used                           0x20002108   Number         0  system_nrf52.o(.data)
    .data                                    0x2000210c   Section        4  errno.o(.data)
    _errno                                   0x2000210c   Data           4  errno.o(.data)
    .bss                                     0x20002110   Section     1096  main.o(.bss)
    m_lbs                                    0x20002110   Data          28  main.o(.bss)
    APP_TIMER_BUF                            0x20002248   Data         456  main.o(.bss)
    BLE_EVT_BUFFER                           0x20002410   Data          72  main.o(.bss)
    tx_buf                                   0x20002458   Data         256  main.o(.bss)
    .bss                                     0x20002558   Section       60  ble_conn_params.o(.bss)
    m_conn_params_config                     0x20002558   Data          28  ble_conn_params.o(.bss)
    m_conn_params_timer_id_data              0x20002574   Data          32  ble_conn_params.o(.bss)
    .bss                                     0x20002594   Section       32  app_uart_fifo.o(.bss)
    m_rx_fifo                                0x20002594   Data          16  app_uart_fifo.o(.bss)
    m_tx_fifo                                0x200025a4   Data          16  app_uart_fifo.o(.bss)
    .bss                                     0x200025b4   Section       32  nrf_drv_uart.o(.bss)
    m_cb                                     0x200025b4   Data          32  nrf_drv_uart.o(.bss)
    .bss                                     0x200025d4   Section       88  nrf_drv_gpiote.o(.bss)
    m_cb                                     0x200025d4   Data          88  nrf_drv_gpiote.o(.bss)
    .bss                                     0x2000262c   Section       32  app_button.o(.bss)
    m_detection_delay_timer_id_data          0x2000262c   Data          32  app_button.o(.bss)
    .bss                                     0x2000264c   Section       12  softdevice_handler.o(.bss)
    STACK                                    0x20002658   Section     8192  arm_startup_nrf52.o(STACK)

    Global Symbols

    Symbol Name                              Value     Ov Type        Size  Object(Section)

    BuildAttributes$$THM_ISAv4$E$P$D$K$B$S$7EM$VFPi3$EXTD16$VFPS$VFMA$PE$A:L22UL41UL21$X:L11$S22US41US21$IEEE1$IW$USESV6$~STKCKD$USESV7$~SHL$OTIME$ROPI$IEEEX$EBA8$MICROLIB$REQ8$PRES8$EABIv2 0x00000000   Number         0  anon$$obj.o ABSOLUTE
    __ARM_use_no_argv                        0x00000000   Number         0  main.o ABSOLUTE
    _printf_a                                0x00000000   Number         0  stubs.o ABSOLUTE
    _printf_c                                0x00000000   Number         0  stubs.o ABSOLUTE
    _printf_charcount                        0x00000000   Number         0  stubs.o ABSOLUTE
    _printf_d                                0x00000000   Number         0  stubs.o ABSOLUTE
    _printf_e                                0x00000000   Number         0  stubs.o ABSOLUTE
    _printf_f                                0x00000000   Number         0  stubs.o ABSOLUTE
    _printf_flags                            0x00000000   Number         0  stubs.o ABSOLUTE
    _printf_fp_dec                           0x00000000   Number         0  stubs.o ABSOLUTE
    _printf_fp_hex                           0x00000000   Number         0  stubs.o ABSOLUTE
    _printf_g                                0x00000000   Number         0  stubs.o ABSOLUTE
    _printf_i                                0x00000000   Number         0  stubs.o ABSOLUTE
    _printf_int_dec                          0x00000000   Number         0  stubs.o ABSOLUTE
    _printf_l                                0x00000000   Number         0  stubs.o ABSOLUTE
    _printf_lc                               0x00000000   Number         0  stubs.o ABSOLUTE
    _printf_ll                               0x00000000   Number         0  stubs.o ABSOLUTE
    _printf_lld                              0x00000000   Number         0  stubs.o ABSOLUTE
    _printf_lli                              0x00000000   Number         0  stubs.o ABSOLUTE
    _printf_llo                              0x00000000   Number         0  stubs.o ABSOLUTE
    _printf_llu                              0x00000000   Number         0  stubs.o ABSOLUTE
    _printf_llx                              0x00000000   Number         0  stubs.o ABSOLUTE
    _printf_longlong_dec                     0x00000000   Number         0  stubs.o ABSOLUTE
    _printf_longlong_hex                     0x00000000   Number         0  stubs.o ABSOLUTE
    _printf_longlong_oct                     0x00000000   Number         0  stubs.o ABSOLUTE
    _printf_ls                               0x00000000   Number         0  stubs.o ABSOLUTE
    _printf_mbtowc                           0x00000000   Number         0  stubs.o ABSOLUTE
    _printf_n                                0x00000000   Number         0  stubs.o ABSOLUTE
    _printf_o                                0x00000000   Number         0  stubs.o ABSOLUTE
    _printf_p                                0x00000000   Number         0  stubs.o ABSOLUTE
    _printf_percent                          0x00000000   Number         0  stubs.o ABSOLUTE
    _printf_pre_padding                      0x00000000   Number         0  stubs.o ABSOLUTE
    _printf_return_value                     0x00000000   Number         0  stubs.o ABSOLUTE
    _printf_s                                0x00000000   Number         0  stubs.o ABSOLUTE
    _printf_sizespec                         0x00000000   Number         0  stubs.o ABSOLUTE
    _printf_str                              0x00000000   Number         0  stubs.o ABSOLUTE
    _printf_truncate_signed                  0x00000000   Number         0  stubs.o ABSOLUTE
    _printf_truncate_unsigned                0x00000000   Number         0  stubs.o ABSOLUTE
    _printf_u                                0x00000000   Number         0  stubs.o ABSOLUTE
    _printf_wc                               0x00000000   Number         0  stubs.o ABSOLUTE
    _printf_wctomb                           0x00000000   Number         0  stubs.o ABSOLUTE
    _printf_widthprec                        0x00000000   Number         0  stubs.o ABSOLUTE
    _printf_x                                0x00000000   Number         0  stubs.o ABSOLUTE
    __cpp_initialize__aeabi_                  - Undefined Weak Reference
    __cxa_finalize                            - Undefined Weak Reference
    __decompress                              - Undefined Weak Reference
    _clock_init                               - Undefined Weak Reference
    _microlib_exit                            - Undefined Weak Reference
    __Vectors_Size                           0x00000400   Number         0  arm_startup_nrf52.o ABSOLUTE
    __Vectors                                0x0001c000   Data           4  arm_startup_nrf52.o(RESET)
    __Vectors_End                            0x0001c400   Data           0  arm_startup_nrf52.o(RESET)
    __main                                   0x0001c401   Thumb Code     0  entry.o(.ARM.Collect$$$$00000000)
    _main_stk                                0x0001c401   Thumb Code     0  entry2.o(.ARM.Collect$$$$00000001)
    _main_scatterload                        0x0001c405   Thumb Code     0  entry5.o(.ARM.Collect$$$$00000004)
    __main_after_scatterload                 0x0001c409   Thumb Code     0  entry5.o(.ARM.Collect$$$$00000004)
    _main_clock                              0x0001c409   Thumb Code     0  entry7b.o(.ARM.Collect$$$$00000008)
    _main_cpp_init                           0x0001c409   Thumb Code     0  entry8b.o(.ARM.Collect$$$$0000000A)
    _main_init                               0x0001c409   Thumb Code     0  entry9a.o(.ARM.Collect$$$$0000000B)
    __rt_final_cpp                           0x0001c411   Thumb Code     0  entry10a.o(.ARM.Collect$$$$0000000D)
    __rt_final_exit                          0x0001c411   Thumb Code     0  entry11a.o(.ARM.Collect$$$$0000000F)
    __asm___11_app_timer_c_cd27f9c3__nrf_delay_us 0x0001c415   Thumb Code   118  app_timer.o(.emb_text)
    Reset_Handler                            0x0001c48d   Thumb Code     8  arm_startup_nrf52.o(.text)
    NMI_Handler                              0x0001c495   Thumb Code     2  arm_startup_nrf52.o(.text)
    HardFault_Handler                        0x0001c497   Thumb Code     2  arm_startup_nrf52.o(.text)
    MemoryManagement_Handler                 0x0001c499   Thumb Code     2  arm_startup_nrf52.o(.text)
    BusFault_Handler                         0x0001c49b   Thumb Code     2  arm_startup_nrf52.o(.text)
    UsageFault_Handler                       0x0001c49d   Thumb Code     2  arm_startup_nrf52.o(.text)
    SVC_Handler                              0x0001c49f   Thumb Code     2  arm_startup_nrf52.o(.text)
    DebugMonitor_Handler                     0x0001c4a1   Thumb Code     2  arm_startup_nrf52.o(.text)
    PendSV_Handler                           0x0001c4a3   Thumb Code     2  arm_startup_nrf52.o(.text)
    SysTick_Handler                          0x0001c4a5   Thumb Code     2  arm_startup_nrf52.o(.text)
    CCM_AAR_IRQHandler                       0x0001c4a7   Thumb Code     0  arm_startup_nrf52.o(.text)
    COMP_LPCOMP_IRQHandler                   0x0001c4a7   Thumb Code     0  arm_startup_nrf52.o(.text)
    ECB_IRQHandler                           0x0001c4a7   Thumb Code     0  arm_startup_nrf52.o(.text)
    FPU_IRQHandler                           0x0001c4a7   Thumb Code     0  arm_startup_nrf52.o(.text)
    I2S_IRQHandler                           0x0001c4a7   Thumb Code     0  arm_startup_nrf52.o(.text)
    MWU_IRQHandler                           0x0001c4a7   Thumb Code     0  arm_startup_nrf52.o(.text)
    NFCT_IRQHandler                          0x0001c4a7   Thumb Code     0  arm_startup_nrf52.o(.text)
    PDM_IRQHandler                           0x0001c4a7   Thumb Code     0  arm_startup_nrf52.o(.text)
    POWER_CLOCK_IRQHandler                   0x0001c4a7   Thumb Code     0  arm_startup_nrf52.o(.text)
    PWM1_IRQHandler                          0x0001c4a7   Thumb Code     0  arm_startup_nrf52.o(.text)
    PWM2_IRQHandler                          0x0001c4a7   Thumb Code     0  arm_startup_nrf52.o(.text)
    QDEC_IRQHandler                          0x0001c4a7   Thumb Code     0  arm_startup_nrf52.o(.text)
    RADIO_IRQHandler                         0x0001c4a7   Thumb Code     0  arm_startup_nrf52.o(.text)
    RNG_IRQHandler                           0x0001c4a7   Thumb Code     0  arm_startup_nrf52.o(.text)
    RTC0_IRQHandler                          0x0001c4a7   Thumb Code     0  arm_startup_nrf52.o(.text)
    RTC2_IRQHandler                          0x0001c4a7   Thumb Code     0  arm_startup_nrf52.o(.text)
    SAADC_IRQHandler                         0x0001c4a7   Thumb Code     0  arm_startup_nrf52.o(.text)
    SPIM0_SPIS0_TWIM0_TWIS0_SPI0_TWI0_IRQHandler 0x0001c4a7   Thumb Code     0  arm_startup_nrf52.o(.text)
    SPIM1_SPIS1_TWIM1_TWIS1_SPI1_TWI1_IRQHandler 0x0001c4a7   Thumb Code     0  arm_startup_nrf52.o(.text)
    SPIM2_SPIS2_SPI2_IRQHandler              0x0001c4a7   Thumb Code     0  arm_startup_nrf52.o(.text)
    SWI1_EGU1_IRQHandler                     0x0001c4a7   Thumb Code     0  arm_startup_nrf52.o(.text)
    SWI3_EGU3_IRQHandler                     0x0001c4a7   Thumb Code     0  arm_startup_nrf52.o(.text)
    SWI4_EGU4_IRQHandler                     0x0001c4a7   Thumb Code     0  arm_startup_nrf52.o(.text)
    SWI5_EGU5_IRQHandler                     0x0001c4a7   Thumb Code     0  arm_startup_nrf52.o(.text)
    TEMP_IRQHandler                          0x0001c4a7   Thumb Code     0  arm_startup_nrf52.o(.text)
    TIMER0_IRQHandler                        0x0001c4a7   Thumb Code     0  arm_startup_nrf52.o(.text)
    TIMER1_IRQHandler                        0x0001c4a7   Thumb Code     0  arm_startup_nrf52.o(.text)
    TIMER2_IRQHandler                        0x0001c4a7   Thumb Code     0  arm_startup_nrf52.o(.text)
    TIMER3_IRQHandler                        0x0001c4a7   Thumb Code     0  arm_startup_nrf52.o(.text)
    TIMER4_IRQHandler                        0x0001c4a7   Thumb Code     0  arm_startup_nrf52.o(.text)
    WDT_IRQHandler                           0x0001c4a7   Thumb Code     0  arm_startup_nrf52.o(.text)
    __aeabi_memcpy                           0x0001c4b1   Thumb Code    36  memcpya.o(.text)
    __aeabi_memcpy4                          0x0001c4b1   Thumb Code     0  memcpya.o(.text)
    __aeabi_memcpy8                          0x0001c4b1   Thumb Code     0  memcpya.o(.text)
    __aeabi_memset                           0x0001c4d5   Thumb Code    14  memseta.o(.text)
    __aeabi_memset4                          0x0001c4d5   Thumb Code     0  memseta.o(.text)
    __aeabi_memset8                          0x0001c4d5   Thumb Code     0  memseta.o(.text)
    __aeabi_memclr                           0x0001c4e3   Thumb Code     4  memseta.o(.text)
    __aeabi_memclr4                          0x0001c4e3   Thumb Code     0  memseta.o(.text)
    __aeabi_memclr8                          0x0001c4e3   Thumb Code     0  memseta.o(.text)
    _memset$wrapper                          0x0001c4e7   Thumb Code    18  memseta.o(.text)
    __aeabi_dadd                             0x0001c4f9   Thumb Code   322  dadd.o(.text)
    __aeabi_dsub                             0x0001c63b   Thumb Code     6  dadd.o(.text)
    __aeabi_drsub                            0x0001c641   Thumb Code     6  dadd.o(.text)
    __aeabi_dmul                             0x0001c647   Thumb Code   228  dmul.o(.text)
    __aeabi_ddiv                             0x0001c72b   Thumb Code   222  ddiv.o(.text)
    __aeabi_i2d                              0x0001c809   Thumb Code    34  dflti.o(.text)
    __aeabi_ui2d                             0x0001c82b   Thumb Code    26  dfltui.o(.text)
    __aeabi_d2uiz                            0x0001c845   Thumb Code    50  dfixui.o(.text)
    __aeabi_f2d                              0x0001c877   Thumb Code    38  f2d.o(.text)
    __aeabi_uidiv                            0x0001c89d   Thumb Code     0  uidiv.o(.text)
    __aeabi_uidivmod                         0x0001c89d   Thumb Code    44  uidiv.o(.text)
    __aeabi_uldivmod                         0x0001c8c9   Thumb Code    98  uldiv.o(.text)
    __aeabi_llsl                             0x0001c92b   Thumb Code    30  llshl.o(.text)
    _ll_shift_l                              0x0001c92b   Thumb Code     0  llshl.o(.text)
    __aeabi_llsr                             0x0001c949   Thumb Code    32  llushr.o(.text)
    _ll_ushift_r                             0x0001c949   Thumb Code     0  llushr.o(.text)
    __aeabi_lasr                             0x0001c969   Thumb Code    36  llsshr.o(.text)
    _ll_sshift_r                             0x0001c969   Thumb Code     0  llsshr.o(.text)
    __I$use$fp                               0x0001c98d   Thumb Code     0  iusefp.o(.text)
    _double_round                            0x0001c98d   Thumb Code    30  depilogue.o(.text)
    _double_epilogue                         0x0001c9ab   Thumb Code   156  depilogue.o(.text)
    __aeabi_d2ulz                            0x0001ca47   Thumb Code    48  dfixul.o(.text)
    __aeabi_cdrcmple                         0x0001ca79   Thumb Code    48  cdrcmple.o(.text)
    __scatterload                            0x0001caa9   Thumb Code    28  init.o(.text)
    __scatterload_rt2                        0x0001caa9   Thumb Code     0  init.o(.text)
    __aeabi_d2iz                             0x0001cacd   Thumb Code    62  dfixi.o(.text)
    GPIOTE_IRQHandler                        0x0001cb0d   Thumb Code   424  nrf_drv_gpiote.o(i.GPIOTE_IRQHandler)
    GPIOTE_IRQHandlerMine                    0x0001ccc9   Thumb Code    10  main.o(i.GPIOTE_IRQHandlerMine)
    PWM0_IRQHandler                          0x0001cd45   Thumb Code    68  main.o(i.PWM0_IRQHandler)
    RTC1_IRQHandler                          0x0001cd91   Thumb Code    44  app_timer.o(i.RTC1_IRQHandler)
    SWI0_EGU0_IRQHandler                     0x0001cdc5   Thumb Code     8  app_timer.o(i.SWI0_EGU0_IRQHandler)
    SWI2_EGU2_IRQHandler                     0x0001cdcd   Thumb Code    42  softdevice_handler.o(i.SWI2_EGU2_IRQHandler)
    SystemCoreClockUpdate                    0x0001cdfd   Thumb Code     8  system_nrf52.o(i.SystemCoreClockUpdate)
    SystemInit                               0x0001ce0d   Thumb Code   512  system_nrf52.o(i.SystemInit)
    UARTE0_UART0_IRQHandler                  0x0001d041   Thumb Code    20  nrf_drv_uart.o(i.UARTE0_UART0_IRQHandler)
    __0printf                                0x0001d059   Thumb Code    22  printfa.o(i.__0printf)
    __1printf                                0x0001d059   Thumb Code     0  printfa.o(i.__0printf)
    __2printf                                0x0001d059   Thumb Code     0  printfa.o(i.__0printf)
    __c89printf                              0x0001d059   Thumb Code     0  printfa.o(i.__0printf)
    printf                                   0x0001d059   Thumb Code     0  printfa.o(i.__0printf)
    __ARM_fpclassify                         0x0001d079   Thumb Code    48  fpclassify.o(i.__ARM_fpclassify)
    __hardfp_sin                             0x0001d0a9   Thumb Code   180  sin.o(i.__hardfp_sin)
    __ieee754_rem_pio2                       0x0001d171   Thumb Code   938  rred.o(i.__ieee754_rem_pio2)
    __kernel_cos                             0x0001d5a9   Thumb Code   322  cos_i.o(i.__kernel_cos)
    __kernel_poly                            0x0001d719   Thumb Code   248  poly.o(i.__kernel_poly)
    __kernel_sin                             0x0001d811   Thumb Code   280  sin_i.o(i.__kernel_sin)
    __mathlib_dbl_infnan                     0x0001d941   Thumb Code    20  dunder.o(i.__mathlib_dbl_infnan)
    __mathlib_dbl_invalid                    0x0001d959   Thumb Code    24  dunder.o(i.__mathlib_dbl_invalid)
    __mathlib_dbl_underflow                  0x0001d979   Thumb Code    24  dunder.o(i.__mathlib_dbl_underflow)
    __scatterload_copy                       0x0001d999   Thumb Code    14  handlers.o(i.__scatterload_copy)
    __scatterload_null                       0x0001d9a7   Thumb Code     2  handlers.o(i.__scatterload_null)
    __scatterload_zeroinit                   0x0001d9a9   Thumb Code    14  handlers.o(i.__scatterload_zeroinit)
    __set_errno                              0x0001d9b9   Thumb Code     6  errno.o(i.__set_errno)
    adv_data_encode                          0x0001e257   Thumb Code   454  ble_advdata.o(i.adv_data_encode)
    app_button_disable                       0x0001e4f1   Thumb Code    38  app_button.o(i.app_button_disable)
    app_button_enable                        0x0001e525   Thumb Code    34  app_button.o(i.app_button_enable)
    app_error_fault_handler                  0x0001e551   Thumb Code    60  app_error_weak.o(i.app_error_fault_handler)
    app_error_handler_bare                   0x0001e595   Thumb Code    28  app_error.o(i.app_error_handler_bare)
    app_fifo_get                             0x0001e5b1   Thumb Code    30  app_fifo.o(i.app_fifo_get)
    app_fifo_init                            0x0001e5cf   Thumb Code    36  app_fifo.o(i.app_fifo_init)
    app_fifo_put                             0x0001e5f3   Thumb Code    34  app_fifo.o(i.app_fifo_put)
    app_timer_create                         0x0001e615   Thumb Code    56  app_timer.o(i.app_timer_create)
    app_timer_init                           0x0001e651   Thumb Code   154  app_timer.o(i.app_timer_init)
    app_timer_start                          0x0001e709   Thumb Code    84  app_timer.o(i.app_timer_start)
    app_timer_stop                           0x0001e761   Thumb Code    48  app_timer.o(i.app_timer_stop)
    app_uart_init                            0x0001e795   Thumb Code   178  app_uart_fifo.o(i.app_uart_init)
    app_uart_put                             0x0001e861   Thumb Code    46  app_uart_fifo.o(i.app_uart_put)
    ble_advdata_set                          0x0001e9a9   Thumb Code   148  ble_advdata.o(i.ble_advdata_set)
    ble_conn_params_init                     0x0001ea3d   Thumb Code    84  ble_conn_params.o(i.ble_conn_params_init)
    ble_conn_params_on_ble_evt               0x0001eaad   Thumb Code    62  ble_conn_params.o(i.ble_conn_params_on_ble_evt)
    ble_lbs_init                             0x0001eb81   Thumb Code   126  ble_lbs.o(i.ble_lbs_init)
    ble_lbs_on_ble_evt                       0x0001ec05   Thumb Code    58  ble_lbs.o(i.ble_lbs_on_ble_evt)
    fabs                                     0x0001f489   Thumb Code    24  fabs.o(i.fabs)
    fputc                                    0x0001f527   Thumb Code    16  retarget.o(i.fputc)
    intern_softdevice_events_execute         0x0001f619   Thumb Code   142  softdevice_handler.o(i.intern_softdevice_events_execute)
    main                                     0x0001fa65   Thumb Code    60  main.o(i.main)
    makeSine                                 0x0001faa1   Thumb Code   396  main.o(i.makeSine)
    nrf_drv_common_irq_enable                0x0001fdad   Thumb Code    84  nrf_drv_common.o(i.nrf_drv_common_irq_enable)
    nrf_drv_gpiote_in_event_disable          0x0001fe0d   Thumb Code    74  nrf_drv_gpiote.o(i.nrf_drv_gpiote_in_event_disable)
    nrf_drv_gpiote_in_event_enable           0x0001fe61   Thumb Code   170  nrf_drv_gpiote.o(i.nrf_drv_gpiote_in_event_enable)
    nrf_drv_uart_init                        0x0001ff19   Thumb Code   202  nrf_drv_uart.o(i.nrf_drv_uart_init)
    nrf_drv_uart_rx                          0x0001fffd   Thumb Code   168  nrf_drv_uart.o(i.nrf_drv_uart_rx)
    nrf_drv_uart_rx_enable                   0x000200ad   Thumb Code    26  nrf_drv_uart.o(i.nrf_drv_uart_rx_enable)
    nrf_drv_uart_tx                          0x00020235   Thumb Code    66  nrf_drv_uart.o(i.nrf_drv_uart_tx)
    nrf_drv_uart_tx_in_progress              0x00020379   Thumb Code    14  nrf_drv_uart.o(i.nrf_drv_uart_tx_in_progress)
    sd_check_ram_start                       0x00020a41   Thumb Code    22  softdevice_handler.o(i.sd_check_ram_start)
    softdevice_ble_evt_handler_set           0x00020c25   Thumb Code    20  softdevice_handler.o(i.softdevice_ble_evt_handler_set)
    softdevice_enable                        0x00020c3d   Thumb Code    24  softdevice_handler.o(i.softdevice_enable)
    softdevice_enable_get_default_config     0x00020c59   Thumb Code    44  softdevice_handler.o(i.softdevice_enable_get_default_config)
    softdevice_fault_handler                 0x00020c85   Thumb Code    20  softdevice_handler.o(i.softdevice_fault_handler)
    softdevice_handler_init                  0x00020c99   Thumb Code    80  softdevice_handler.o(i.softdevice_handler_init)
    Region$$Table$$Base                      0x00021800   Number         0  anon$$obj.o(Region$$Table)
    Region$$Table$$Limit                     0x00021820   Number         0  anon$$obj.o(Region$$Table)
    Image$$RW_IRAM1$$Base                    0x20002080   Number         0  anon$$obj.o ABSOLUTE
    buf                                      0x20002082   Data           4  main.o(.data)
    buf1                                     0x20002086   Data           2  main.o(.data)
    buf2                                     0x20002088   Data           4  main.o(.data)
    frequency                                0x2000208c   Data           2  main.o(.data)
    bufferIndex                              0x2000208e   Data           1  main.o(.data)
    soundPlaying                             0x2000208f   Data           1  main.o(.data)
    __stdout                                 0x200020d4   Data           4  retarget.o(.data)
    __stdin                                  0x200020d8   Data           4  retarget.o(.data)
    SystemCoreClock                          0x20002108   Data           4  system_nrf52.o(.data)
    buffer0                                  0x2000212c   Data         142  main.o(.bss)
    buffer1                                  0x200021ba   Data         142  main.o(.bss)
    nrf_nvic_state                           0x2000264c   Data          12  softdevice_handler.o(.bss)
    __initial_sp                             0x20004658   Data           0  arm_startup_nrf52.o(STACK)



==============================================================================

Memory Map of the image

  Image Entry point : 0x0001c401

  Load Region LR_IROM1 (Base: 0x0001c000, Size: 0x000058b0, Max: 0x00064000, ABSOLUTE)

    Execution Region ER_IROM1 (Base: 0x0001c000, Size: 0x00005820, Max: 0x00064000, ABSOLUTE)

    Base Addr    Size         Type   Attr      Idx    E Section Name        Object

    0x0001c000   0x00000400   Data   RO         2622    RESET               arm_startup_nrf52.o
    0x0001c400   0x00000000   Code   RO         2710  * .ARM.Collect$$$$00000000  mc_w.l(entry.o)
    0x0001c400   0x00000004   Code   RO         3026    .ARM.Collect$$$$00000001  mc_w.l(entry2.o)
    0x0001c404   0x00000004   Code   RO         3029    .ARM.Collect$$$$00000004  mc_w.l(entry5.o)
    0x0001c408   0x00000000   Code   RO         3031    .ARM.Collect$$$$00000008  mc_w.l(entry7b.o)
    0x0001c408   0x00000000   Code   RO         3033    .ARM.Collect$$$$0000000A  mc_w.l(entry8b.o)
    0x0001c408   0x00000008   Code   RO         3034    .ARM.Collect$$$$0000000B  mc_w.l(entry9a.o)
    0x0001c410   0x00000000   Code   RO         3036    .ARM.Collect$$$$0000000D  mc_w.l(entry10a.o)
    0x0001c410   0x00000000   Code   RO         3038    .ARM.Collect$$$$0000000F  mc_w.l(entry11a.o)
    0x0001c410   0x00000004   Code   RO         3027    .ARM.Collect$$$$00002712  mc_w.l(entry2.o)
    0x0001c414   0x00000076   Code   RO         1862    .emb_text           app_timer.o
    0x0001c48a   0x00000002   PAD
    0x0001c48c   0x00000024   Code   RO         2623    .text               arm_startup_nrf52.o
    0x0001c4b0   0x00000024   Code   RO         2713    .text               mc_w.l(memcpya.o)
    0x0001c4d4   0x00000024   Code   RO         2715    .text               mc_w.l(memseta.o)
    0x0001c4f8   0x0000014e   Code   RO         2984    .text               mf_w.l(dadd.o)
    0x0001c646   0x000000e4   Code   RO         2986    .text               mf_w.l(dmul.o)
    0x0001c72a   0x000000de   Code   RO         2988    .text               mf_w.l(ddiv.o)
    0x0001c808   0x00000022   Code   RO         2990    .text               mf_w.l(dflti.o)
    0x0001c82a   0x0000001a   Code   RO         2992    .text               mf_w.l(dfltui.o)
    0x0001c844   0x00000032   Code   RO         2994    .text               mf_w.l(dfixui.o)
    0x0001c876   0x00000026   Code   RO         2996    .text               mf_w.l(f2d.o)
    0x0001c89c   0x0000002c   Code   RO         3040    .text               mc_w.l(uidiv.o)
    0x0001c8c8   0x00000062   Code   RO         3042    .text               mc_w.l(uldiv.o)
    0x0001c92a   0x0000001e   Code   RO         3044    .text               mc_w.l(llshl.o)
    0x0001c948   0x00000020   Code   RO         3046    .text               mc_w.l(llushr.o)
    0x0001c968   0x00000024   Code   RO         3048    .text               mc_w.l(llsshr.o)
    0x0001c98c   0x00000000   Code   RO         3057    .text               mc_w.l(iusefp.o)
    0x0001c98c   0x000000ba   Code   RO         3058    .text               mf_w.l(depilogue.o)
    0x0001ca46   0x00000030   Code   RO         3062    .text               mf_w.l(dfixul.o)
    0x0001ca76   0x00000002   PAD
    0x0001ca78   0x00000030   Code   RO         3064    .text               mf_w.l(cdrcmple.o)
    0x0001caa8   0x00000024   Code   RO         3076    .text               mc_w.l(init.o)
    0x0001cacc   0x0000003e   Code   RO         3078    .text               mf_w.l(dfixi.o)
    0x0001cb0a   0x00000002   PAD
    0x0001cb0c   0x000001bc   Code   RO         1475    i.GPIOTE_IRQHandler  nrf_drv_gpiote.o
    0x0001ccc8   0x0000000a   Code   RO            4    i.GPIOTE_IRQHandlerMine  main.o
    0x0001ccd2   0x00000002   PAD
    0x0001ccd4   0x00000018   Code   RO         1863    i.NVIC_ClearPendingIRQ  app_timer.o
    0x0001ccec   0x00000016   Code   RO         1864    i.NVIC_EnableIRQ    app_timer.o
    0x0001cd02   0x00000002   PAD
    0x0001cd04   0x00000018   Code   RO         1865    i.NVIC_SetPendingIRQ  app_timer.o
    0x0001cd1c   0x00000028   Code   RO         1866    i.NVIC_SetPriority  app_timer.o
    0x0001cd44   0x0000004c   Code   RO            5    i.PWM0_IRQHandler   main.o
    0x0001cd90   0x00000034   Code   RO         1867    i.RTC1_IRQHandler   app_timer.o
    0x0001cdc4   0x00000008   Code   RO         1868    i.SWI0_EGU0_IRQHandler  app_timer.o
    0x0001cdcc   0x00000030   Code   RO         2519    i.SWI2_EGU2_IRQHandler  softdevice_handler.o
    0x0001cdfc   0x00000010   Code   RO         2630    i.SystemCoreClockUpdate  system_nrf52.o
    0x0001ce0c   0x00000234   Code   RO         2631    i.SystemInit        system_nrf52.o
    0x0001d040   0x00000018   Code   RO         1017    i.UARTE0_UART0_IRQHandler  nrf_drv_uart.o
    0x0001d058   0x00000020   Code   RO         2956    i.__0printf         mc_w.l(printfa.o)
    0x0001d078   0x00000030   Code   RO         3072    i.__ARM_fpclassify  m_wm.l(fpclassify.o)
    0x0001d0a8   0x000000c8   Code   RO         2698    i.__hardfp_sin      m_wm.l(sin.o)
    0x0001d170   0x00000438   Code   RO         3015    i.__ieee754_rem_pio2  m_wm.l(rred.o)
    0x0001d5a8   0x00000170   Code   RO         2998    i.__kernel_cos      m_wm.l(cos_i.o)
    0x0001d718   0x000000f8   Code   RO         3074    i.__kernel_poly     m_wm.l(poly.o)
    0x0001d810   0x00000130   Code   RO         3020    i.__kernel_sin      m_wm.l(sin_i.o)
    0x0001d940   0x00000014   Code   RO         3002    i.__mathlib_dbl_infnan  m_wm.l(dunder.o)
    0x0001d954   0x00000004   PAD
    0x0001d958   0x00000020   Code   RO         3004    i.__mathlib_dbl_invalid  m_wm.l(dunder.o)
    0x0001d978   0x00000020   Code   RO         3007    i.__mathlib_dbl_underflow  m_wm.l(dunder.o)
    0x0001d998   0x0000000e   Code   RO         3082    i.__scatterload_copy  mc_w.l(handlers.o)
    0x0001d9a6   0x00000002   Code   RO         3083    i.__scatterload_null  mc_w.l(handlers.o)
    0x0001d9a8   0x0000000e   Code   RO         3084    i.__scatterload_zeroinit  mc_w.l(handlers.o)
    0x0001d9b6   0x00000002   PAD
    0x0001d9b8   0x0000000c   Code   RO         3052    i.__set_errno       mc_w.l(errno.o)
    0x0001d9c4   0x00000164   Code   RO         2963    i._fp_digits        mc_w.l(printfa.o)
    0x0001db28   0x000006dc   Code   RO         2964    i._printf_core      mc_w.l(printfa.o)
    0x0001e204   0x00000024   Code   RO         2965    i._printf_post_padding  mc_w.l(printfa.o)
    0x0001e228   0x0000002e   Code   RO         2966    i._printf_pre_padding  mc_w.l(printfa.o)
    0x0001e256   0x000001c6   Code   RO          499    i.adv_data_encode   ble_advdata.o
    0x0001e41c   0x00000012   Code   RO          500    i.advdata_check     ble_advdata.o
    0x0001e42e   0x00000002   PAD
    0x0001e430   0x00000068   Code   RO            6    i.advertising_init  main.o
    0x0001e498   0x00000058   Code   RO            7    i.advertising_start  main.o
    0x0001e4f0   0x00000034   Code   RO         2308    i.app_button_disable  app_button.o
    0x0001e524   0x0000002c   Code   RO         2309    i.app_button_enable  app_button.o
    0x0001e550   0x00000044   Code   RO         1754    i.app_error_fault_handler  app_error_weak.o
    0x0001e594   0x0000001c   Code   RO         1715    i.app_error_handler_bare  app_error.o
    0x0001e5b0   0x0000001e   Code   RO         1783    i.app_fifo_get      app_fifo.o
    0x0001e5ce   0x00000024   Code   RO         1784    i.app_fifo_init     app_fifo.o
    0x0001e5f2   0x00000022   Code   RO         1786    i.app_fifo_put      app_fifo.o
    0x0001e614   0x0000003c   Code   RO         1871    i.app_timer_create  app_timer.o
    0x0001e650   0x000000b8   Code   RO         1872    i.app_timer_init    app_timer.o
    0x0001e708   0x00000058   Code   RO         1873    i.app_timer_start   app_timer.o
    0x0001e760   0x00000034   Code   RO         1874    i.app_timer_stop    app_timer.o
    0x0001e794   0x000000cc   Code   RO          858    i.app_uart_init     app_uart_fifo.o
    0x0001e860   0x00000038   Code   RO          859    i.app_uart_put      app_uart_fifo.o
    0x0001e898   0x00000052   Code   RO          501    i.appearance_encode  ble_advdata.o
    0x0001e8ea   0x00000002   PAD
    0x0001e8ec   0x000000bc   Code   RO         1018    i.apply_config      nrf_drv_uart.o
    0x0001e9a8   0x00000094   Code   RO          502    i.ble_advdata_set   ble_advdata.o
    0x0001ea3c   0x00000070   Code   RO          646    i.ble_conn_params_init  ble_conn_params.o
    0x0001eaac   0x0000003e   Code   RO          647    i.ble_conn_params_on_ble_evt  ble_conn_params.o
    0x0001eaea   0x00000074   Code   RO          503    i.ble_device_addr_encode  ble_advdata.o
    0x0001eb5e   0x00000002   PAD
    0x0001eb60   0x00000020   Code   RO            8    i.ble_evt_dispatch  main.o
    0x0001eb80   0x00000084   Code   RO          743    i.ble_lbs_init      ble_lbs.o
    0x0001ec04   0x0000003a   Code   RO          744    i.ble_lbs_on_ble_evt  ble_lbs.o
    0x0001ec3e   0x00000002   PAD
    0x0001ec40   0x00000038   Code   RO            9    i.ble_leds_init     main.o
    0x0001ec78   0x000000e8   Code   RO           10    i.ble_stack_init    main.o
    0x0001ed60   0x00000144   Code   RO          746    i.button_char_add   ble_lbs.o
    0x0001eea4   0x00000068   Code   RO           11    i.button_setup      main.o
    0x0001ef0c   0x0000000c   Code   RO           12    i.cfg_pwm           main.o
    0x0001ef18   0x00000058   Code   RO           13    i.cfg_pwm0          main.o
    0x0001ef70   0x00000068   Code   RO           14    i.cfg_pwm1          main.o
    0x0001efd8   0x00000010   Code   RO         1477    i.channel_handler_get  nrf_drv_gpiote.o
    0x0001efe8   0x0000000c   Code   RO         1479    i.channel_port_get  nrf_drv_gpiote.o
    0x0001eff4   0x00000090   Code   RO         1876    i.compare_reg_update  app_timer.o
    0x0001f084   0x0000005a   Code   RO          504    i.conn_int_check    ble_advdata.o
    0x0001f0de   0x00000068   Code   RO          505    i.conn_int_encode   ble_advdata.o
    0x0001f146   0x00000010   Code   RO           15    i.conn_params_error_handler  main.o
    0x0001f156   0x00000002   PAD
    0x0001f158   0x00000058   Code   RO           16    i.conn_params_init  main.o
    0x0001f1b0   0x00000084   Code   RO          649    i.conn_params_negotiation  ble_conn_params.o
    0x0001f234   0x00000064   Code   RO         1877    i.elapsed_ticks_acquire  app_timer.o
    0x0001f298   0x00000030   Code   RO         2632    i.errata_16         system_nrf52.o
    0x0001f2c8   0x00000054   Code   RO         2633    i.errata_31         system_nrf52.o
    0x0001f31c   0x00000030   Code   RO         2634    i.errata_32         system_nrf52.o
    0x0001f34c   0x00000054   Code   RO         2635    i.errata_36         system_nrf52.o
    0x0001f3a0   0x00000030   Code   RO         2636    i.errata_37         system_nrf52.o
    0x0001f3d0   0x00000030   Code   RO         2637    i.errata_57         system_nrf52.o
    0x0001f400   0x00000030   Code   RO         2638    i.errata_66         system_nrf52.o
    0x0001f430   0x00000058   Code   RO         1878    i.expired_timers_handler  app_timer.o
    0x0001f488   0x00000018   Code   RO         3068    i.fabs              m_wm.l(fabs.o)
    0x0001f4a0   0x00000018   Code   RO         1789    i.fifo_get          app_fifo.o
    0x0001f4b8   0x0000000a   Code   RO          860    i.fifo_length       app_uart_fifo.o
    0x0001f4c2   0x0000000a   Code   RO         1790    i.fifo_length       app_fifo.o
    0x0001f4cc   0x00000012   Code   RO         1791    i.fifo_peek         app_fifo.o
    0x0001f4de   0x00000012   Code   RO         1792    i.fifo_put          app_fifo.o
    0x0001f4f0   0x00000036   Code   RO          506    i.flags_encode      ble_advdata.o
    0x0001f526   0x00000010   Code   RO         2272    i.fputc             retarget.o
    0x0001f536   0x00000002   PAD
    0x0001f538   0x00000088   Code   RO           17    i.gap_params_init   main.o
    0x0001f5c0   0x00000058   Code   RO           18    i.init_uart         main.o
    0x0001f618   0x000000a4   Code   RO         2520    i.intern_softdevice_events_execute  softdevice_handler.o
    0x0001f6bc   0x00000024   Code   RO          650    i.is_conn_params_ok  ble_conn_params.o
    0x0001f6e0   0x0000006a   Code   RO          507    i.le_role_encode    ble_advdata.o
    0x0001f74a   0x000000f0   Code   RO          747    i.led_char_add      ble_lbs.o
    0x0001f83a   0x00000002   PAD
    0x0001f83c   0x00000084   Code   RO           19    i.led_write_handler  main.o
    0x0001f8c0   0x00000098   Code   RO         1879    i.list_deletions_handler  app_timer.o
    0x0001f958   0x0000010c   Code   RO         1880    i.list_insertions_handler  app_timer.o
    0x0001fa64   0x0000003c   Code   RO           20    i.main              main.o
    0x0001faa0   0x000001a8   Code   RO           21    i.makeSine          main.o
    0x0001fc48   0x00000076   Code   RO          508    i.manuf_specific_data_encode  ble_advdata.o
    0x0001fcbe   0x00000002   PAD
    0x0001fcc0   0x00000028   Code   RO           22    i.myCfg_LedsInit    main.o
    0x0001fce8   0x000000c2   Code   RO          509    i.name_encode       ble_advdata.o
    0x0001fdaa   0x00000002   PAD
    0x0001fdac   0x00000060   Code   RO          979    i.nrf_drv_common_irq_enable  nrf_drv_common.o
    0x0001fe0c   0x00000054   Code   RO         1481    i.nrf_drv_gpiote_in_event_disable  nrf_drv_gpiote.o
    0x0001fe60   0x000000b8   Code   RO         1482    i.nrf_drv_gpiote_in_event_enable  nrf_drv_gpiote.o
    0x0001ff18   0x000000e4   Code   RO         1020    i.nrf_drv_uart_init  nrf_drv_uart.o
    0x0001fffc   0x000000b0   Code   RO         1021    i.nrf_drv_uart_rx   nrf_drv_uart.o
    0x000200ac   0x00000020   Code   RO         1024    i.nrf_drv_uart_rx_enable  nrf_drv_uart.o
    0x000200cc   0x000000b4   Code   RO         1025    i.nrf_drv_uart_rx_for_uart  nrf_drv_uart.o
    0x00020180   0x000000b4   Code   RO         1026    i.nrf_drv_uart_rx_for_uarte  nrf_drv_uart.o
    0x00020234   0x00000048   Code   RO         1027    i.nrf_drv_uart_tx   nrf_drv_uart.o
    0x0002027c   0x0000008c   Code   RO         1029    i.nrf_drv_uart_tx_for_uart  nrf_drv_uart.o
    0x00020308   0x00000070   Code   RO         1030    i.nrf_drv_uart_tx_for_uarte  nrf_drv_uart.o
    0x00020378   0x00000014   Code   RO         1031    i.nrf_drv_uart_tx_in_progress  nrf_drv_uart.o
    0x0002038c   0x00000024   Code   RO           23    i.nrf_gpio_cfg      main.o
    0x000203b0   0x00000024   Code   RO         1033    i.nrf_gpio_cfg      nrf_drv_uart.o
    0x000203d4   0x0000001a   Code   RO         1035    i.nrf_gpio_cfg_input  nrf_drv_uart.o
    0x000203ee   0x00000018   Code   RO           24    i.nrf_gpio_cfg_output  main.o
    0x00020406   0x00000018   Code   RO         1036    i.nrf_gpio_cfg_output  nrf_drv_uart.o
    0x0002041e   0x00000002   PAD
    0x00020420   0x00000024   Code   RO         1501    i.nrf_gpio_cfg_sense_set  nrf_drv_gpiote.o
    0x00020444   0x00000010   Code   RO         1037    i.nrf_gpio_pin_set  nrf_drv_uart.o
    0x00020454   0x00000028   Code   RO           25    i.nrf_gpio_pin_toggle  main.o
    0x0002047c   0x0000000c   Code   RO         1504    i.nrf_gpiote_event_addr_get  nrf_drv_gpiote.o
    0x00020488   0x0000001c   Code   RO         1505    i.nrf_gpiote_event_clear  nrf_drv_gpiote.o
    0x000204a4   0x00000016   Code   RO         1506    i.nrf_gpiote_event_is_set  nrf_drv_gpiote.o
    0x000204ba   0x00000002   PAD
    0x000204bc   0x0000000c   Code   RO         1507    i.nrf_gpiote_int_enable  nrf_drv_gpiote.o
    0x000204c8   0x0000000c   Code   RO         1038    i.nrf_uart_errorsrc_get_and_clear  nrf_drv_uart.o
    0x000204d4   0x0000000e   Code   RO         1039    i.nrf_uart_event_check  nrf_drv_uart.o
    0x000204e2   0x00000006   Code   RO         1040    i.nrf_uart_event_clear  nrf_drv_uart.o
    0x000204e8   0x0000000a   Code   RO         1041    i.nrf_uart_hwfc_pins_set  nrf_drv_uart.o
    0x000204f2   0x00000006   Code   RO         1042    i.nrf_uart_int_disable  nrf_drv_uart.o
    0x000204f8   0x00000006   Code   RO         1043    i.nrf_uart_int_enable  nrf_drv_uart.o
    0x000204fe   0x00000012   Code   RO         1044    i.nrf_uart_int_enable_check  nrf_drv_uart.o
    0x00020510   0x00000006   Code   RO         1045    i.nrf_uart_task_trigger  nrf_drv_uart.o
    0x00020516   0x0000000a   Code   RO         1046    i.nrf_uart_txrx_pins_set  nrf_drv_uart.o
    0x00020520   0x0000000c   Code   RO         1047    i.nrf_uarte_errorsrc_get_and_clear  nrf_drv_uart.o
    0x0002052c   0x0000000e   Code   RO         1048    i.nrf_uarte_event_check  nrf_drv_uart.o
    0x0002053a   0x00000006   Code   RO         1049    i.nrf_uarte_event_clear  nrf_drv_uart.o
    0x00020540   0x0000000c   Code   RO         1050    i.nrf_uarte_hwfc_pins_set  nrf_drv_uart.o
    0x0002054c   0x00000006   Code   RO         1051    i.nrf_uarte_int_disable  nrf_drv_uart.o
    0x00020552   0x00000006   Code   RO         1052    i.nrf_uarte_int_enable  nrf_drv_uart.o
    0x00020558   0x0000000a   Code   RO         1053    i.nrf_uarte_rx_amount_get  nrf_drv_uart.o
    0x00020562   0x00000006   Code   RO         1054    i.nrf_uarte_task_trigger  nrf_drv_uart.o
    0x00020568   0x0000000e   Code   RO         1055    i.nrf_uarte_txrx_pins_set  nrf_drv_uart.o
    0x00020576   0x00000002   PAD
    0x00020578   0x000000e8   Code   RO           26    i.on_ble_evt        main.o
    0x00020660   0x0000002c   Code   RO           27    i.on_conn_params_evt  main.o
    0x0002068c   0x00000018   Code   RO          651    i.on_conn_params_update  ble_conn_params.o
    0x000206a4   0x00000038   Code   RO          652    i.on_connect        ble_conn_params.o
    0x000206dc   0x00000006   Code   RO          748    i.on_connect        ble_lbs.o
    0x000206e2   0x00000002   PAD
    0x000206e4   0x00000040   Code   RO          653    i.on_disconnect     ble_conn_params.o
    0x00020724   0x00000008   Code   RO          749    i.on_disconnect     ble_lbs.o
    0x0002072c   0x00000058   Code   RO          654    i.on_write          ble_conn_params.o
    0x00020784   0x00000024   Code   RO          750    i.on_write          ble_lbs.o
    0x000207a8   0x00000018   Code   RO         1510    i.pin_in_use_by_port  nrf_drv_gpiote.o
    0x000207c0   0x00000020   Code   RO         1511    i.pin_in_use_by_te  nrf_drv_gpiote.o
    0x000207e0   0x0000006c   Code   RO           28    i.playA1            main.o
    0x0002084c   0x0000006c   Code   RO           29    i.playPwm           main.o
    0x000208b8   0x0000001a   Code   RO           30    i.power_manage      main.o
    0x000208d2   0x00000010   Code   RO           31    i.prepare_for_pwm   main.o
    0x000208e2   0x00000002   PAD
    0x000208e4   0x0000000c   Code   RO         1881    i.rtc1_compare0_set  app_timer.o
    0x000208f0   0x0000000c   Code   RO         1882    i.rtc1_counter_get  app_timer.o
    0x000208fc   0x00000018   Code   RO         1883    i.rtc1_init         app_timer.o
    0x00020914   0x0000003c   Code   RO         1884    i.rtc1_start        app_timer.o
    0x00020950   0x00000058   Code   RO         1885    i.rtc1_stop         app_timer.o
    0x000209a8   0x00000050   Code   RO         1057    i.rx_byte           nrf_drv_uart.o
    0x000209f8   0x00000024   Code   RO         1058    i.rx_done_event     nrf_drv_uart.o
    0x00020a1c   0x00000024   Code   RO         1059    i.rx_enable         nrf_drv_uart.o
    0x00020a40   0x0000001c   Code   RO         2521    i.sd_check_ram_start  softdevice_handler.o
    0x00020a5c   0x000000d0   Code   RO         2522    i.sd_nvic_EnableIRQ  softdevice_handler.o
    0x00020b2c   0x00000036   Code   RO          510    i.sec_mgr_oob_flags_encode  ble_advdata.o
    0x00020b62   0x00000096   Code   RO          511    i.service_data_encode  ble_advdata.o
    0x00020bf8   0x0000002c   Code   RO           32    i.services_init     main.o
    0x00020c24   0x00000018   Code   RO         2523    i.softdevice_ble_evt_handler_set  softdevice_handler.o
    0x00020c3c   0x0000001c   Code   RO         2524    i.softdevice_enable  softdevice_handler.o
    0x00020c58   0x0000002c   Code   RO         2525    i.softdevice_enable_get_default_config  softdevice_handler.o
    0x00020c84   0x00000014   Code   RO         2526    i.softdevice_fault_handler  softdevice_handler.o
    0x00020c98   0x00000064   Code   RO         2527    i.softdevice_handler_init  softdevice_handler.o
    0x00020cfc   0x0000000e   Code   RO          512    i.srdata_check      ble_advdata.o
    0x00020d0a   0x0000000a   Code   RO         1886    i.ticks_diff_get    app_timer.o
    0x00020d14   0x00000038   Code   RO         1887    i.timeout_handler_exec  app_timer.o
    0x00020d4c   0x00000054   Code   RO         1888    i.timer_list_handler  app_timer.o
    0x00020da0   0x0000000a   Code   RO         1889    i.timer_list_handler_sched  app_timer.o
    0x00020daa   0x00000002   PAD
    0x00020dac   0x00000068   Code   RO         1890    i.timer_list_insert  app_timer.o
    0x00020e14   0x0000006c   Code   RO         1891    i.timer_list_remove  app_timer.o
    0x00020e80   0x0000005c   Code   RO         1892    i.timer_start_op_schedule  app_timer.o
    0x00020edc   0x00000040   Code   RO         1894    i.timer_stop_op_schedule  app_timer.o
    0x00020f1c   0x00000098   Code   RO         1895    i.timer_timeouts_check  app_timer.o
    0x00020fb4   0x0000000a   Code   RO         1896    i.timer_timeouts_check_sched  app_timer.o
    0x00020fbe   0x00000002   PAD
    0x00020fc0   0x0000002c   Code   RO           33    i.timers_init       main.o
    0x00020fec   0x00000046   Code   RO          513    i.tk_value_encode   ble_advdata.o
    0x00021032   0x00000002   PAD
    0x00021034   0x00000038   Code   RO         1060    i.tx_byte           nrf_drv_uart.o
    0x0002106c   0x0000002c   Code   RO         1061    i.tx_done_event     nrf_drv_uart.o
    0x00021098   0x00000036   Code   RO          514    i.tx_power_level_encode  ble_advdata.o
    0x000210ce   0x00000002   Code   RO           34    i.uart_event_handler  main.o
    0x000210d0   0x000000c0   Code   RO          861    i.uart_event_handler  app_uart_fifo.o
    0x00021190   0x00000160   Code   RO         1062    i.uart_irq_handler  nrf_drv_uart.o
    0x000212f0   0x0000012c   Code   RO         1063    i.uarte_irq_handler  nrf_drv_uart.o
    0x0002141c   0x0000000c   Code   RO          515    i.uint16_encode     ble_advdata.o
    0x00021428   0x00000090   Code   RO          655    i.update_timeout_handler  ble_conn_params.o
    0x000214b8   0x00000058   Code   RO         1897    i.user_id_get       app_timer.o
    0x00021510   0x00000030   Code   RO         1898    i.user_op_alloc     app_timer.o
    0x00021540   0x00000004   Code   RO         1899    i.user_op_enque     app_timer.o
    0x00021544   0x0000004e   Code   RO          516    i.uuid_list_encode  ble_advdata.o
    0x00021592   0x000000dc   Code   RO          517    i.uuid_list_sized_encode  ble_advdata.o
    0x0002166e   0x00000002   PAD
    0x00021670   0x00000014   Data   RO           36    .constdata          main.o
    0x00021684   0x00000004   Data   RO          657    .constdata          ble_conn_params.o
    0x00021688   0x00000010   Data   RO          751    .constdata          ble_lbs.o
    0x00021698   0x00000020   Data   RO          863    .constdata          app_uart_fifo.o
    0x000216b8   0x00000020   Data   RO         1065    .constdata          nrf_drv_uart.o
    0x000216d8   0x00000008   Data   RO         2315    .constdata          app_button.o
    0x000216e0   0x00000030   Data   RO         2999    .constdata          m_wm.l(cos_i.o)
    0x00021710   0x000000c8   Data   RO         3017    .constdata          m_wm.l(rred.o)
    0x000217d8   0x00000028   Data   RO         3021    .constdata          m_wm.l(sin_i.o)
    0x00021800   0x00000020   Data   RO         3080    Region$$Table       anon$$obj.o


    Execution Region RW_IRAM1 (Base: 0x20002080, Size: 0x000025d8, Max: 0x0000df80, ABSOLUTE)

    Base Addr    Size         Type   Attr      Idx    E Section Name        Object

    0x20002080   0x00000011   Data   RW           37    .data               main.o
    0x20002091   0x00000001   PAD
    0x20002092   0x00000015   Data   RW          658    .data               ble_conn_params.o
    0x200020a7   0x00000001   PAD
    0x200020a8   0x00000006   Data   RW          864    .data               app_uart_fifo.o
    0x200020ae   0x00000002   PAD
    0x200020b0   0x00000022   Data   RW         1900    .data               app_timer.o
    0x200020d2   0x00000002   PAD
    0x200020d4   0x00000008   Data   RW         2273    .data               retarget.o
    0x200020dc   0x00000014   Data   RW         2316    .data               app_button.o
    0x200020f0   0x00000018   Data   RW         2532    .data               softdevice_handler.o
    0x20002108   0x00000004   Data   RW         2639    .data               system_nrf52.o
    0x2000210c   0x00000004   Data   RW         3053    .data               mc_w.l(errno.o)
    0x20002110   0x00000448   Zero   RW           35    .bss                main.o
    0x20002558   0x0000003c   Zero   RW          656    .bss                ble_conn_params.o
    0x20002594   0x00000020   Zero   RW          862    .bss                app_uart_fifo.o
    0x200025b4   0x00000020   Zero   RW         1064    .bss                nrf_drv_uart.o
    0x200025d4   0x00000058   Zero   RW         1513    .bss                nrf_drv_gpiote.o
    0x2000262c   0x00000020   Zero   RW         2314    .bss                app_button.o
    0x2000264c   0x0000000c   Zero   RW         2531    .bss                softdevice_handler.o
    0x20002658   0x00002000   Zero   RW         2620    STACK               arm_startup_nrf52.o


==============================================================================

Image component sizes


      Code (inc. data)   RO Data    RW Data    ZI Data      Debug   Object Name

        96         24          8         20         32       2461   app_button.o
        28          0          0          0          0       2217   app_error.o
        68          8          0          0          0      27353   app_error_weak.o
       170          0          0          0          0       5306   app_fifo.o
      2450        278          0         34          0      63675   app_timer.o
       462         58         32          6         32       9963   app_uart_fifo.o
        36          8       1024          0       8192        904   arm_startup_nrf52.o
      2136          0          0          0          0      38172   ble_advdata.o
       718        122          4         21         60      18948   ble_conn_params.o
       804          6         16          0          0       7024   ble_lbs.o
         0          0          0          0          0       4048   bsp.o
      2614        278         20         17       1096     148334   main.o
        96         12          0          0          0      28919   nrf_drv_common.o
       906         80          0          0         88      20107   nrf_drv_gpiote.o
      2532        184         32          0         32      43241   nrf_drv_uart.o
        16          0          0          8          0       2790   retarget.o
       664         80          0         24         12      39792   softdevice_handler.o
       988        102          0          4          0       5783   system_nrf52.o

    ----------------------------------------------------------------------
     14826       1240       1168        140       9544     469037   Object Totals
         0          0         32          0          0          0   (incl. Generated)
        42          0          0          6          0          0   (incl. Padding)

    ----------------------------------------------------------------------

      Code (inc. data)   RO Data    RW Data    ZI Data      Debug   Library Member Name

       368         46         48          0          0        200   cos_i.o
        84         16          0          0          0        372   dunder.o
        24          0          0          0          0        124   fabs.o
        48          0          0          0          0        124   fpclassify.o
       248          0          0          0          0        152   poly.o
      1080        142        200          0          0        188   rred.o
       200         20          0          0          0        164   sin.o
       304         24         40          0          0        208   sin_i.o
         0          0          0          0          0          0   entry.o
         0          0          0          0          0          0   entry10a.o
         0          0          0          0          0          0   entry11a.o
         8          4          0          0          0          0   entry2.o
         4          0          0          0          0          0   entry5.o
         0          0          0          0          0          0   entry7b.o
         0          0          0          0          0          0   entry8b.o
         8          4          0          0          0          0   entry9a.o
        12          6          0          4          0         68   errno.o
        30          0          0          0          0          0   handlers.o
        36          8          0          0          0         68   init.o
         0          0          0          0          0          0   iusefp.o
        30          0          0          0          0         68   llshl.o
        36          0          0          0          0         68   llsshr.o
        32          0          0          0          0         68   llushr.o
        36          0          0          0          0         68   memcpya.o
        36          0          0          0          0        108   memseta.o
      2226         90          0          0          0        444   printfa.o
        44          0          0          0          0         80   uidiv.o
        98          0          0          0          0         92   uldiv.o
        48          0          0          0          0         68   cdrcmple.o
       334          0          0          0          0        148   dadd.o
       222          0          0          0          0        100   ddiv.o
       186          0          0          0          0        176   depilogue.o
        62          0          0          0          0         80   dfixi.o
        50          0          0          0          0         76   dfixui.o
        48          0          0          0          0         68   dfixul.o
        34          0          0          0          0         76   dflti.o
        26          0          0          0          0         76   dfltui.o
       228          0          0          0          0         96   dmul.o
        38          0          0          0          0         68   f2d.o

    ----------------------------------------------------------------------
      6278        360        288          4          0       3696   Library Totals
        10          0          0          0          0          0   (incl. Padding)

    ----------------------------------------------------------------------

      Code (inc. data)   RO Data    RW Data    ZI Data      Debug   Library Name

      2356        248        288          0          0       1532   m_wm.l
      2636        112          0          4          0       1132   mc_w.l
      1276          0          0          0          0       1032   mf_w.l

    ----------------------------------------------------------------------
      6278        360        288          4          0       3696   Library Totals

    ----------------------------------------------------------------------

==============================================================================


      Code (inc. data)   RO Data    RW Data    ZI Data      Debug   

     21104       1600       1456        144       9544     452645   Grand Totals
     21104       1600       1456        144       9544     452645   ELF Image Totals
     21104       1600       1456        144          0          0   ROM Totals

==============================================================================

    Total RO  Size (Code + RO Data)                22560 (  22.03kB)
    Total RW  Size (RW Data + ZI Data)              9688 (   9.46kB)
    Total ROM Size (Code + RO Data + RW Data)      22704 (  22.17kB)

==============================================================================

